<html>
<body>
<pre>
<h1>�Vision Build Log</h1>
<h2>Tool Versions:</h2>
IDE-Version: ��Vision V5.36.0.0
Copyright (C) 2021 ARM Ltd and ARM Germany GmbH. All rights reserved.
License Information: ye chen, HITSZ, LIC=----
 
Tool Versions:
Toolchain:       MDK-Lite  Version: 5.36.0.0
Toolchain Path:  D:\MDK\ARM\ARMCC\Bin
C Compiler:      Armcc.exe V5.06 update 7 (build 960)
Assembler:       Armasm.exe V5.06 update 7 (build 960)
Linker/Locator:  ArmLink.exe V5.06 update 7 (build 960)
Library Manager: ArmAr.exe V5.06 update 7 (build 960)
Hex Converter:   FromElf.exe V5.06 update 7 (build 960)
CPU DLL:         SARMCM3.DLL V5.36.0.0
Dialog DLL:      DCM.DLL V1.17.3.0
Target DLL:      CMSIS_AGDI.dll V1.33.0.0
Dialog DLL:      TCM.DLL V1.53.0.0
 
<h2>Project:</h2>
D:\My_projects\CCC_Crazy_carrier_car\CCC_crazy_carrier_car\MDK-ARM\CCC_crazy_carrier_car.uvprojx
Project File Date:  11/19/2024

<h2>Output:</h2>
*** Using Compiler 'V5.06 update 7 (build 960)', folder: 'D:\MDK\ARM\ARMCC\Bin'
Build target 'CCC_crazy_carrier_car'
compiling my_servo.c...
..\servo\my_servo.c(884): warning:  #1035-D: single-precision operand implicitly converted to double-precision
      int position = (int)(50 + (200* (float)angle / 270.0));
..\servo\my_servo.c(999): warning:  #1-D: last line of file ends without a newline
   */
..\servo\my_servo.c: 2 warnings, 0 errors
compiling main.c...
../Core/Src/main.c(690): warning:  #111-D: statement is unreachable
      is_adjust_motor_in_tim = 0;
../Core/Src/main.c(1231): warning:  #128-D: loop is not reachable
      while(1)
../Core/Src/main.c(1237): warning:  #111-D: statement is unreachable
      motor_state = 1;
../Core/Src/main.c(1302): warning:  #111-D: statement is unreachable
      HAL_UART_Transmit(&huart3, (uint8_t*)"CC", strlen("CC"), 50); //发给树莓派，开始校正直�?
../Core/Src/main.c(1423): warning:  #111-D: statement is unreachable
      HAL_UART_Transmit(&huart3, (uint8_t*)"GG", strlen("GG"), 50); //发给树莓派，开始校�?
../Core/Src/main.c(1501): warning:  #111-D: statement is unreachable
      arm_stretch();
../Core/Src/main.c(1741): warning:  #111-D: statement is unreachable
      start_and_come_to_turntable(); // 从起点前往转盘
../Core/Src/main.c(698): warning:  #177-D: variable "little_back_1"  was declared but never referenced
      int little_back_1 = 2;
../Core/Src/main.c(3121): warning:  #167-D: argument of type "volatile int *" is incompatible with parameter of type "int *"
      move_follow_sequence(target_colour,1,status);
../Core/Src/main.c(3180): warning:  #167-D: argument of type "volatile int *" is incompatible with parameter of type "int *"
      move_follow_sequence(target_colour,2,status);
../Core/Src/main.c(3217): warning:  #167-D: argument of type "volatile int *" is incompatible with parameter of type "int *"
      move_follow_sequence(target_colour,3,status);
../Core/Src/main.c(3263): warning:  #167-D: argument of type "volatile int *" is incompatible with parameter of type "int *"
      move_follow_sequence(target_colour,1,status);
../Core/Src/main.c(3276): warning:  #167-D: argument of type "volatile int *" is incompatible with parameter of type "int *"
      move_follow_sequence(target_colour,2,status);
../Core/Src/main.c(3289): warning:  #167-D: argument of type "volatile int *" is incompatible with parameter of type "int *"
      move_follow_sequence(target_colour,3,status);
../Core/Src/main.c: 14 warnings, 0 errors
linking...
Program Size: Code=17392 RO-data=448 RW-data=584 ZI-data=2144  
FromELF: creating hex file...
"CCC_crazy_carrier_car\CCC_crazy_carrier_car.axf" - 0 Error(s), 16 Warning(s).

<h2>Software Packages used:</h2>

Package Vendor: ARM
                http://www.keil.com/pack/ARM.CMSIS.5.8.0.pack
                ARM.CMSIS.5.8.0
                CMSIS (Common Microcontroller Software Interface Standard)
   * Component: CORE Version: 5.5.0

Package Vendor: Keil
                https://www.keil.com/pack/Keil.STM32F4xx_DFP.2.17.0.pack
                Keil.STM32F4xx_DFP.2.17.0
                STMicroelectronics STM32F4 Series Device Support, Drivers and Examples

<h2>Collection of Component include folders:</h2>
  .\RTE\_CCC_crazy_carrier_car
  D:\MDK\ARM\CMSIS\5.8.0\CMSIS\Core\Include
  D:\MDK\Keil\STM32F4xx_DFP\2.17.0\Drivers\CMSIS\Device\ST\STM32F4xx\Include

<h2>Collection of Component Files used:</h2>

   * Component: ARM::CMSIS:CORE:5.5.0
      Include file:  CMSIS\Core\Include\tz_context.h
Build Time Elapsed:  00:00:02
</pre>
</body>
</html>
