Component: ARM Compiler 5.06 update 7 (build 960) Tool: armlink [4d3601]

==============================================================================

Section Cross References

    startup_stm32f407xx.o(RESET) refers to startup_stm32f407xx.o(STACK) for __initial_sp
    startup_stm32f407xx.o(RESET) refers to startup_stm32f407xx.o(.text) for Reset_Handler
    startup_stm32f407xx.o(RESET) refers to stm32f4xx_it.o(i.NMI_Handler) for NMI_Handler
    startup_stm32f407xx.o(RESET) refers to stm32f4xx_it.o(i.HardFault_Handler) for HardFault_Handler
    startup_stm32f407xx.o(RESET) refers to stm32f4xx_it.o(i.MemManage_Handler) for MemManage_Handler
    startup_stm32f407xx.o(RESET) refers to stm32f4xx_it.o(i.BusFault_Handler) for BusFault_Handler
    startup_stm32f407xx.o(RESET) refers to stm32f4xx_it.o(i.UsageFault_Handler) for UsageFault_Handler
    startup_stm32f407xx.o(RESET) refers to stm32f4xx_it.o(i.SVC_Handler) for SVC_Handler
    startup_stm32f407xx.o(RESET) refers to stm32f4xx_it.o(i.DebugMon_Handler) for DebugMon_Handler
    startup_stm32f407xx.o(RESET) refers to stm32f4xx_it.o(i.PendSV_Handler) for PendSV_Handler
    startup_stm32f407xx.o(RESET) refers to stm32f4xx_it.o(i.SysTick_Handler) for SysTick_Handler
    startup_stm32f407xx.o(RESET) refers to stm32f4xx_it.o(i.TIM2_IRQHandler) for TIM2_IRQHandler
    startup_stm32f407xx.o(RESET) refers to stm32f4xx_it.o(i.TIM3_IRQHandler) for TIM3_IRQHandler
    startup_stm32f407xx.o(RESET) refers to stm32f4xx_it.o(i.TIM4_IRQHandler) for TIM4_IRQHandler
    startup_stm32f407xx.o(RESET) refers to stm32f4xx_it.o(i.USART1_IRQHandler) for USART1_IRQHandler
    startup_stm32f407xx.o(RESET) refers to stm32f4xx_it.o(i.USART2_IRQHandler) for USART2_IRQHandler
    startup_stm32f407xx.o(RESET) refers to stm32f4xx_it.o(i.USART3_IRQHandler) for USART3_IRQHandler
    startup_stm32f407xx.o(RESET) refers to stm32f4xx_it.o(i.UART4_IRQHandler) for UART4_IRQHandler
    startup_stm32f407xx.o(RESET) refers to stm32f4xx_it.o(i.UART5_IRQHandler) for UART5_IRQHandler
    startup_stm32f407xx.o(.text) refers to system_stm32f4xx.o(i.SystemInit) for SystemInit
    startup_stm32f407xx.o(.text) refers to entry.o(.ARM.Collect$$$$00000000) for __main
    main.o(i.SystemClock_Config) refers to memseta.o(.text) for __aeabi_memclr4
    main.o(i.SystemClock_Config) refers to stm32f4xx_hal_rcc.o(i.HAL_RCC_OscConfig) for HAL_RCC_OscConfig
    main.o(i.SystemClock_Config) refers to stm32f4xx_hal_rcc.o(i.HAL_RCC_ClockConfig) for HAL_RCC_ClockConfig
    main.o(i.come_back_to_start_from_temparea) refers to motor.o(i.spin_right) for spin_right
    main.o(i.come_back_to_start_from_temparea) refers to stm32f4xx_hal.o(i.HAL_Delay) for HAL_Delay
    main.o(i.come_back_to_start_from_temparea) refers to motor.o(i.move_all_direction_position) for move_all_direction_position
    main.o(i.come_back_to_start_from_temparea) refers to motor.o(.data) for acceleration
    main.o(i.come_back_to_start_from_temparea) refers to main.o(.data) for .data
    main.o(i.come_back_to_start_from_temparea_v2) refers to motor.o(i.move_all_direction_position) for move_all_direction_position
    main.o(i.come_back_to_start_from_temparea_v2) refers to stm32f4xx_hal.o(i.HAL_Delay) for HAL_Delay
    main.o(i.come_back_to_start_from_temparea_v2) refers to motor.o(i.spin_right) for spin_right
    main.o(i.come_back_to_start_from_temparea_v2) refers to main.o(.data) for .data
    main.o(i.come_back_to_start_from_temparea_v2) refers to motor.o(.data) for acceleration
    main.o(i.come_to_raw_processing_area) refers to motor.o(i.move_all_direction_position) for move_all_direction_position
    main.o(i.come_to_raw_processing_area) refers to stm32f4xx_hal.o(i.HAL_Delay) for HAL_Delay
    main.o(i.come_to_raw_processing_area) refers to motor.o(i.spin_right) for spin_right
    main.o(i.come_to_raw_processing_area) refers to malloc.o(i.malloc) for malloc
    main.o(i.come_to_raw_processing_area) refers to printf3.o(i.__0sprintf$3) for __2sprintf
    main.o(i.come_to_raw_processing_area) refers to printf3.o(i.__0printf$3) for __2printf
    main.o(i.come_to_raw_processing_area) refers to main.o(.data) for .data
    main.o(i.come_to_raw_processing_area) refers to motor.o(.data) for acceleration
    main.o(i.come_to_temporary_area) refers to motor.o(i.spin_right) for spin_right
    main.o(i.come_to_temporary_area) refers to stm32f4xx_hal.o(i.HAL_Delay) for HAL_Delay
    main.o(i.come_to_temporary_area) refers to motor.o(i.move_all_direction_position) for move_all_direction_position
    main.o(i.come_to_temporary_area) refers to motor.o(.data) for acceleration
    main.o(i.come_to_temporary_area) refers to main.o(.data) for .data
    main.o(i.come_to_temporary_area_v2) refers to motor.o(i.move_all_direction_position) for move_all_direction_position
    main.o(i.come_to_temporary_area_v2) refers to stm32f4xx_hal.o(i.HAL_Delay) for HAL_Delay
    main.o(i.come_to_temporary_area_v2) refers to motor.o(i.spin_right) for spin_right
[...]
    ../clib/microlib/printf/printf.c         0x00000000   Number         0  printf0.o ABSOLUTE
    ../clib/microlib/printf/printf.c         0x00000000   Number         0  printfb.o ABSOLUTE
    ../clib/microlib/printf/printf.c         0x00000000   Number         0  printf2.o ABSOLUTE
    ../clib/microlib/printf/printf.c         0x00000000   Number         0  printf4.o ABSOLUTE
    ../clib/microlib/printf/printf.c         0x00000000   Number         0  printf5.o ABSOLUTE
    ../clib/microlib/printf/printf.c         0x00000000   Number         0  printf6.o ABSOLUTE
    ../clib/microlib/printf/stubs.s          0x00000000   Number         0  stubs.o ABSOLUTE
    ../clib/microlib/stdio/streams.c         0x00000000   Number         0  stdout.o ABSOLUTE
    ../clib/microlib/string/memcpy.c         0x00000000   Number         0  memcpya.o ABSOLUTE
    ../clib/microlib/string/memcpy.c         0x00000000   Number         0  memcpyb.o ABSOLUTE
    ../clib/microlib/string/memset.c         0x00000000   Number         0  memseta.o ABSOLUTE
    ../clib/microlib/string/strlen.c         0x00000000   Number         0  strlen.o ABSOLUTE
    ../clib/microlib/stubs.s                 0x00000000   Number         0  iusefp.o ABSOLUTE
    ../fplib/microlib/d2f.c                  0x00000000   Number         0  d2f.o ABSOLUTE
    ../fplib/microlib/f2d.c                  0x00000000   Number         0  f2d.o ABSOLUTE
    ../fplib/microlib/fpadd.c                0x00000000   Number         0  dadd.o ABSOLUTE
    ../fplib/microlib/fpdiv.c                0x00000000   Number         0  ddiv.o ABSOLUTE
    ../fplib/microlib/fpepilogue.c           0x00000000   Number         0  depilogue.o ABSOLUTE
    ../fplib/microlib/fpepilogue.c           0x00000000   Number         0  fepilogue.o ABSOLUTE
    ../fplib/microlib/fpfix.c                0x00000000   Number         0  dfixul.o ABSOLUTE
    ../fplib/microlib/fpfix.c                0x00000000   Number         0  dfixui.o ABSOLUTE
    ../fplib/microlib/fpfix.c                0x00000000   Number         0  dfixi.o ABSOLUTE
    ../fplib/microlib/fpflt.c                0x00000000   Number         0  dfltui.o ABSOLUTE
    ../fplib/microlib/fpmul.c                0x00000000   Number         0  dmul.o ABSOLUTE
    ..\Core\Src\gpio.c                       0x00000000   Number         0  gpio.o ABSOLUTE
    ..\Core\Src\main.c                       0x00000000   Number         0  main.o ABSOLUTE
    ..\Core\Src\stm32f4xx_hal_msp.c          0x00000000   Number         0  stm32f4xx_hal_msp.o ABSOLUTE
    ..\Core\Src\stm32f4xx_it.c               0x00000000   Number         0  stm32f4xx_it.o ABSOLUTE
    ..\Core\Src\system_stm32f4xx.c           0x00000000   Number         0  system_stm32f4xx.o ABSOLUTE
    ..\Core\Src\tim.c                        0x00000000   Number         0  tim.o ABSOLUTE
    ..\Core\Src\usart.c                      0x00000000   Number         0  usart.o ABSOLUTE
    ..\Drivers\STM32F4xx_HAL_Driver\Src\stm32f4xx_hal.c 0x00000000   Number         0  stm32f4xx_hal.o ABSOLUTE
    ..\Drivers\STM32F4xx_HAL_Driver\Src\stm32f4xx_hal_cortex.c 0x00000000   Number         0  stm32f4xx_hal_cortex.o ABSOLUTE
    ..\Drivers\STM32F4xx_HAL_Driver\Src\stm32f4xx_hal_dma.c 0x00000000   Number         0  stm32f4xx_hal_dma.o ABSOLUTE
    ..\Drivers\STM32F4xx_HAL_Driver\Src\stm32f4xx_hal_dma_ex.c 0x00000000   Number         0  stm32f4xx_hal_dma_ex.o ABSOLUTE
    ..\Drivers\STM32F4xx_HAL_Driver\Src\stm32f4xx_hal_exti.c 0x00000000   Number         0  stm32f4xx_hal_exti.o ABSOLUTE
    ..\Drivers\STM32F4xx_HAL_Driver\Src\stm32f4xx_hal_flash.c 0x00000000   Number         0  stm32f4xx_hal_flash.o ABSOLUTE
    ..\Drivers\STM32F4xx_HAL_Driver\Src\stm32f4xx_hal_flash_ex.c 0x00000000   Number         0  stm32f4xx_hal_flash_ex.o ABSOLUTE
    ..\Drivers\STM32F4xx_HAL_Driver\Src\stm32f4xx_hal_flash_ramfunc.c 0x00000000   Number         0  stm32f4xx_hal_flash_ramfunc.o ABSOLUTE
    ..\Drivers\STM32F4xx_HAL_Driver\Src\stm32f4xx_hal_gpio.c 0x00000000   Number         0  stm32f4xx_hal_gpio.o ABSOLUTE
    ..\Drivers\STM32F4xx_HAL_Driver\Src\stm32f4xx_hal_pwr.c 0x00000000   Number         0  stm32f4xx_hal_pwr.o ABSOLUTE
    ..\Drivers\STM32F4xx_HAL_Driver\Src\stm32f4xx_hal_pwr_ex.c 0x00000000   Number         0  stm32f4xx_hal_pwr_ex.o ABSOLUTE
    ..\Drivers\STM32F4xx_HAL_Driver\Src\stm32f4xx_hal_rcc.c 0x00000000   Number         0  stm32f4xx_hal_rcc.o ABSOLUTE
    ..\Drivers\STM32F4xx_HAL_Driver\Src\stm32f4xx_hal_rcc_ex.c 0x00000000   Number         0  stm32f4xx_hal_rcc_ex.o ABSOLUTE
    ..\Drivers\STM32F4xx_HAL_Driver\Src\stm32f4xx_hal_tim.c 0x00000000   Number         0  stm32f4xx_hal_tim.o ABSOLUTE
    ..\Drivers\STM32F4xx_HAL_Driver\Src\stm32f4xx_hal_tim_ex.c 0x00000000   Number         0  stm32f4xx_hal_tim_ex.o ABSOLUTE
    ..\Drivers\STM32F4xx_HAL_Driver\Src\stm32f4xx_hal_uart.c 0x00000000   Number         0  stm32f4xx_hal_uart.o ABSOLUTE
    ..\\communication\\my_timer.c            0x00000000   Number         0  my_timer.o ABSOLUTE
    ..\\communication\\my_usart.c            0x00000000   Number         0  my_usart.o ABSOLUTE
    ..\\motor_control\\motor.c               0x00000000   Number         0  motor.o ABSOLUTE
    ..\\sensor\\my_gyroscope.c               0x00000000   Number         0  my_gyroscope.o ABSOLUTE
    ..\\servo\\SCSerail.c                    0x00000000   Number         0  scserail.o ABSOLUTE
    ..\\servo\\my_servo.c                    0x00000000   Number         0  my_servo.o ABSOLUTE
    ..\\servo\\uart.c                        0x00000000   Number         0  uart.o ABSOLUTE
    ..\communication\my_timer.c              0x00000000   Number         0  my_timer.o ABSOLUTE
    ..\communication\my_usart.c              0x00000000   Number         0  my_usart.o ABSOLUTE
    ..\motor_control\motor.c                 0x00000000   Number         0  motor.o ABSOLUTE
    ..\sensor\my_gyroscope.c                 0x00000000   Number         0  my_gyroscope.o ABSOLUTE
    ..\servo\SCS.c                           0x00000000   Number         0  scs.o ABSOLUTE
    ..\servo\SCSerail.c                      0x00000000   Number         0  scserail.o ABSOLUTE
    ..\servo\SMS_STS.c                       0x00000000   Number         0  sms_sts.o ABSOLUTE
    ..\servo\my_servo.c                      0x00000000   Number         0  my_servo.o ABSOLUTE
    ..\servo\uart.c                          0x00000000   Number         0  uart.o ABSOLUTE
    cdrcmple.s                               0x00000000   Number         0  cdrcmple.o ABSOLUTE
    dc.s                                     0x00000000   Number         0  dc.o ABSOLUTE
    handlers.s                               0x00000000   Number         0  handlers.o ABSOLUTE
    init.s                                   0x00000000   Number         0  init.o ABSOLUTE
    startup_stm32f407xx.s                    0x00000000   Number         0  startup_stm32f407xx.o ABSOLUTE
    RESET                                    0x08000000   Section      392  startup_stm32f407xx.o(RESET)
    .ARM.Collect$$$$00000000                 0x08000188   Section        0  entry.o(.ARM.Collect$$$$00000000)
    .ARM.Collect$$$$00000001                 0x08000188   Section        4  entry2.o(.ARM.Collect$$$$00000001)
    .ARM.Collect$$$$00000004                 0x0800018c   Section        4  entry5.o(.ARM.Collect$$$$00000004)
    .ARM.Collect$$$$00000008                 0x08000190   Section        0  entry7b.o(.ARM.Collect$$$$00000008)
    .ARM.Collect$$$$0000000A                 0x08000190   Section        0  entry8b.o(.ARM.Collect$$$$0000000A)
    .ARM.Collect$$$$0000000B                 0x08000190   Section        8  entry9a.o(.ARM.Collect$$$$0000000B)
    .ARM.Collect$$$$0000000E                 0x08000198   Section        4  entry12b.o(.ARM.Collect$$$$0000000E)
    .ARM.Collect$$$$0000000F                 0x0800019c   Section        0  entry10a.o(.ARM.Collect$$$$0000000F)
    .ARM.Collect$$$$00000011                 0x0800019c   Section        0  entry11a.o(.ARM.Collect$$$$00000011)
    .ARM.Collect$$$$00002712                 0x0800019c   Section        4  entry2.o(.ARM.Collect$$$$00002712)
    __lit__00000000                          0x0800019c   Data           4  entry2.o(.ARM.Collect$$$$00002712)
    .text                                    0x080001a0   Section       36  startup_stm32f407xx.o(.text)
    $v0                                      0x080001a0   Number         0  startup_stm32f407xx.o(.text)
    .text                                    0x080001c4   Section        0  uldiv.o(.text)
    .text                                    0x08000226   Section        0  memseta.o(.text)
    .text                                    0x0800024a   Section        0  strlen.o(.text)
    .text                                    0x08000258   Section        0  dadd.o(.text)
    .text                                    0x080003a6   Section        0  dmul.o(.text)
    .text                                    0x0800048a   Section        0  dfltui.o(.text)
    .text                                    0x080004a4   Section        0  f2d.o(.text)
    .text                                    0x080004ca   Section        0  d2f.o(.text)
    .text                                    0x08000502   Section        0  llshl.o(.text)
    .text                                    0x08000520   Section        0  llushr.o(.text)
    .text                                    0x08000540   Section        0  llsshr.o(.text)
    .text                                    0x08000564   Section        0  iusefp.o(.text)
    .text                                    0x08000564   Section        0  fepilogue.o(.text)
    .text                                    0x080005d2   Section        0  depilogue.o(.text)
    .text                                    0x0800068c   Section       36  init.o(.text)
    .text                                    0x080006b0   Section        0  __dczerorl.o(.text)
    i.Ack                                    0x080006ec   Section        0  scs.o(i.Ack)
    i.BusFault_Handler                       0x08000744   Section        0  stm32f4xx_it.o(i.BusFault_Handler)
    i.DebugMon_Handler                       0x08000746   Section        0  stm32f4xx_it.o(i.DebugMon_Handler)
    i.Emm_V5_Stop_Now                        0x08000748   Section        0  motor.o(i.Emm_V5_Stop_Now)
    i.Emm_V5_Synchronous_motion              0x08000778   Section        0  motor.o(i.Emm_V5_Synchronous_motion)
    i.Emm_V5_Vel_Control                     0x080007a4   Section        0  motor.o(i.Emm_V5_Vel_Control)
    i.Error_Handler                          0x080007e2   Section        0  main.o(i.Error_Handler)
    i.HAL_DMA_Abort                          0x080007e6   Section        0  stm32f4xx_hal_dma.o(i.HAL_DMA_Abort)
    i.HAL_DMA_Abort_IT                       0x08000878   Section        0  stm32f4xx_hal_dma.o(i.HAL_DMA_Abort_IT)
    i.HAL_Delay                              0x0800089c   Section        0  stm32f4xx_hal.o(i.HAL_Delay)
    i.HAL_GPIO_Init                          0x080008c0   Section        0  stm32f4xx_hal_gpio.o(i.HAL_GPIO_Init)
    i.HAL_GPIO_TogglePin                     0x08000ab0   Section        0  stm32f4xx_hal_gpio.o(i.HAL_GPIO_TogglePin)
    i.HAL_GPIO_WritePin                      0x08000ac0   Section        0  stm32f4xx_hal_gpio.o(i.HAL_GPIO_WritePin)
    i.HAL_GetTick                            0x08000acc   Section        0  stm32f4xx_hal.o(i.HAL_GetTick)
    i.HAL_IncTick                            0x08000ad8   Section        0  stm32f4xx_hal.o(i.HAL_IncTick)
    i.HAL_Init                               0x08000ae8   Section        0  stm32f4xx_hal.o(i.HAL_Init)
    i.HAL_InitTick                           0x08000b1c   Section        0  stm32f4xx_hal.o(i.HAL_InitTick)
    i.HAL_MspInit                            0x08000b5c   Section        0  stm32f4xx_hal_msp.o(i.HAL_MspInit)
    i.HAL_NVIC_EnableIRQ                     0x08000b8c   Section        0  stm32f4xx_hal_cortex.o(i.HAL_NVIC_EnableIRQ)
    i.HAL_NVIC_SetPriority                   0x08000ba8   Section        0  stm32f4xx_hal_cortex.o(i.HAL_NVIC_SetPriority)
    i.HAL_NVIC_SetPriorityGrouping           0x08000be8   Section        0  stm32f4xx_hal_cortex.o(i.HAL_NVIC_SetPriorityGrouping)
    i.HAL_RCC_ClockConfig                    0x08000c0c   Section        0  stm32f4xx_hal_rcc.o(i.HAL_RCC_ClockConfig)
    i.HAL_RCC_GetPCLK1Freq                   0x08000d40   Section        0  stm32f4xx_hal_rcc.o(i.HAL_RCC_GetPCLK1Freq)
    i.HAL_RCC_GetPCLK2Freq                   0x08000d60   Section        0  stm32f4xx_hal_rcc.o(i.HAL_RCC_GetPCLK2Freq)
    i.HAL_RCC_GetSysClockFreq                0x08000d80   Section        0  stm32f4xx_hal_rcc.o(i.HAL_RCC_GetSysClockFreq)
    i.HAL_RCC_OscConfig                      0x08000de0   Section        0  stm32f4xx_hal_rcc.o(i.HAL_RCC_OscConfig)
    i.HAL_SYSTICK_Config                     0x0800114c   Section        0  stm32f4xx_hal_cortex.o(i.HAL_SYSTICK_Config)
    i.HAL_TIMEx_BreakCallback                0x08001174   Section        0  stm32f4xx_hal_tim_ex.o(i.HAL_TIMEx_BreakCallback)
    i.HAL_TIMEx_CommutCallback               0x08001176   Section        0  stm32f4xx_hal_tim_ex.o(i.HAL_TIMEx_CommutCallback)
    i.HAL_TIMEx_MasterConfigSynchronization  0x08001178   Section        0  stm32f4xx_hal_tim_ex.o(i.HAL_TIMEx_MasterConfigSynchronization)
    i.HAL_TIM_Base_Init                      0x08001208   Section        0  stm32f4xx_hal_tim.o(i.HAL_TIM_Base_Init)
    i.HAL_TIM_Base_MspInit                   0x08001264   Section        0  tim.o(i.HAL_TIM_Base_MspInit)
    i.HAL_TIM_Base_Start_IT                  0x080012ec   Section        0  stm32f4xx_hal_tim.o(i.HAL_TIM_Base_Start_IT)
    i.HAL_TIM_ConfigClockSource              0x0800136c   Section        0  stm32f4xx_hal_tim.o(i.HAL_TIM_ConfigClockSource)
    i.HAL_TIM_IC_CaptureCallback             0x08001448   Section        0  stm32f4xx_hal_tim.o(i.HAL_TIM_IC_CaptureCallback)
    i.HAL_TIM_IRQHandler                     0x0800144a   Section        0  stm32f4xx_hal_tim.o(i.HAL_TIM_IRQHandler)
    i.HAL_TIM_MspPostInit                    0x0800157c   Section        0  tim.o(i.HAL_TIM_MspPostInit)
    i.HAL_TIM_OC_DelayElapsedCallback        0x080015d0   Section        0  stm32f4xx_hal_tim.o(i.HAL_TIM_OC_DelayElapsedCallback)
    i.HAL_TIM_PWM_ConfigChannel              0x080015d2   Section        0  stm32f4xx_hal_tim.o(i.HAL_TIM_PWM_ConfigChannel)
    i.HAL_TIM_PWM_Init                       0x0800169e   Section        0  stm32f4xx_hal_tim.o(i.HAL_TIM_PWM_Init)
    i.HAL_TIM_PWM_MspInit                    0x080016f8   Section        0  stm32f4xx_hal_tim.o(i.HAL_TIM_PWM_MspInit)
    i.HAL_TIM_PWM_PulseFinishedCallback      0x080016fa   Section        0  stm32f4xx_hal_tim.o(i.HAL_TIM_PWM_PulseFinishedCallback)
    i.HAL_TIM_PWM_Start                      0x080016fc   Section        0  stm32f4xx_hal_tim.o(i.HAL_TIM_PWM_Start)
    i.HAL_TIM_PeriodElapsedCallback          0x080017c4   Section        0  my_timer.o(i.HAL_TIM_PeriodElapsedCallback)
    i.HAL_TIM_TriggerCallback                0x080019cc   Section        0  stm32f4xx_hal_tim.o(i.HAL_TIM_TriggerCallback)
    i.HAL_UARTEx_RxEventCallback             0x080019ce   Section        0  stm32f4xx_hal_uart.o(i.HAL_UARTEx_RxEventCallback)
    i.HAL_UART_ErrorCallback                 0x080019d0   Section        0  stm32f4xx_hal_uart.o(i.HAL_UART_ErrorCallback)
    i.HAL_UART_IRQHandler                    0x080019d4   Section        0  stm32f4xx_hal_uart.o(i.HAL_UART_IRQHandler)
    i.HAL_UART_Init                          0x08001c44   Section        0  stm32f4xx_hal_uart.o(i.HAL_UART_Init)
    i.HAL_UART_MspInit                       0x08001ca8   Section        0  usart.o(i.HAL_UART_MspInit)
    i.HAL_UART_Receive                       0x08001e98   Section        0  stm32f4xx_hal_uart.o(i.HAL_UART_Receive)
    i.HAL_UART_Receive_IT                    0x08001f48   Section        0  stm32f4xx_hal_uart.o(i.HAL_UART_Receive_IT)
    i.HAL_UART_RxCpltCallback                0x08001f64   Section        0  my_usart.o(i.HAL_UART_RxCpltCallback)
    i.HAL_UART_Transmit                      0x08002038   Section        0  stm32f4xx_hal_uart.o(i.HAL_UART_Transmit)
    i.HAL_UART_TxCpltCallback                0x080020d8   Section        0  stm32f4xx_hal_uart.o(i.HAL_UART_TxCpltCallback)
    i.HardFault_Handler                      0x080020da   Section        0  stm32f4xx_it.o(i.HardFault_Handler)
    i.Host2SCS                               0x080020dc   Section        0  scs.o(i.Host2SCS)
    i.MX_GPIO_Init                           0x080020fc   Section        0  gpio.o(i.MX_GPIO_Init)
    i.MX_TIM2_Init                           0x080021ac   Section        0  tim.o(i.MX_TIM2_Init)
    i.MX_TIM3_Init                           0x08002218   Section        0  tim.o(i.MX_TIM3_Init)
    i.MX_TIM4_Init                           0x08002284   Section        0  tim.o(i.MX_TIM4_Init)
    i.MX_UART4_Init                          0x08002350   Section        0  usart.o(i.MX_UART4_Init)
    i.MX_UART5_Init                          0x08002388   Section        0  usart.o(i.MX_UART5_Init)
    i.MX_USART1_UART_Init                    0x080023c0   Section        0  usart.o(i.MX_USART1_UART_Init)
    i.MX_USART2_UART_Init                    0x080023f8   Section        0  usart.o(i.MX_USART2_UART_Init)
    i.MX_USART3_UART_Init                    0x08002430   Section        0  usart.o(i.MX_USART3_UART_Init)
    i.MemManage_Handler                      0x08002468   Section        0  stm32f4xx_it.o(i.MemManage_Handler)
    i.NMI_Handler                            0x0800246a   Section        0  stm32f4xx_it.o(i.NMI_Handler)
    i.PendSV_Handler                         0x0800246c   Section        0  stm32f4xx_it.o(i.PendSV_Handler)
    i.SVC_Handler                            0x0800246e   Section        0  stm32f4xx_it.o(i.SVC_Handler)
    i.SysTick_Handler                        0x08002470   Section        0  stm32f4xx_it.o(i.SysTick_Handler)
    i.SystemClock_Config                     0x08002474   Section        0  main.o(i.SystemClock_Config)
    i.SystemInit                             0x08002508   Section        0  system_stm32f4xx.o(i.SystemInit)
    i.TIM2_IRQHandler                        0x08002518   Section        0  stm32f4xx_it.o(i.TIM2_IRQHandler)
    i.TIM3_IRQHandler                        0x08002524   Section        0  stm32f4xx_it.o(i.TIM3_IRQHandler)
    i.TIM4_IRQHandler                        0x08002530   Section        0  stm32f4xx_it.o(i.TIM4_IRQHandler)
    i.TIM_Base_SetConfig                     0x0800253c   Section        0  stm32f4xx_hal_tim.o(i.TIM_Base_SetConfig)
    i.TIM_CCxChannelCmd                      0x08002614   Section        0  stm32f4xx_hal_tim.o(i.TIM_CCxChannelCmd)
    i.TIM_ETR_SetConfig                      0x0800262e   Section        0  stm32f4xx_hal_tim.o(i.TIM_ETR_SetConfig)
    i.TIM_ITRx_SetConfig                     0x08002642   Section        0  stm32f4xx_hal_tim.o(i.TIM_ITRx_SetConfig)
    TIM_ITRx_SetConfig                       0x08002643   Thumb Code    16  stm32f4xx_hal_tim.o(i.TIM_ITRx_SetConfig)
    i.TIM_OC1_SetConfig                      0x08002654   Section        0  stm32f4xx_hal_tim.o(i.TIM_OC1_SetConfig)
    TIM_OC1_SetConfig                        0x08002655   Thumb Code    88  stm32f4xx_hal_tim.o(i.TIM_OC1_SetConfig)
    i.TIM_OC2_SetConfig                      0x080026b4   Section        0  stm32f4xx_hal_tim.o(i.TIM_OC2_SetConfig)
    i.TIM_OC3_SetConfig                      0x08002720   Section        0  stm32f4xx_hal_tim.o(i.TIM_OC3_SetConfig)
    TIM_OC3_SetConfig                        0x08002721   Thumb Code    96  stm32f4xx_hal_tim.o(i.TIM_OC3_SetConfig)
    i.TIM_OC4_SetConfig                      0x08002788   Section        0  stm32f4xx_hal_tim.o(i.TIM_OC4_SetConfig)
    TIM_OC4_SetConfig                        0x08002789   Thumb Code    70  stm32f4xx_hal_tim.o(i.TIM_OC4_SetConfig)
    i.TIM_TI1_ConfigInputStage               0x080027d8   Section        0  stm32f4xx_hal_tim.o(i.TIM_TI1_ConfigInputStage)
    TIM_TI1_ConfigInputStage                 0x080027d9   Thumb Code    34  stm32f4xx_hal_tim.o(i.TIM_TI1_ConfigInputStage)
    i.TIM_TI2_ConfigInputStage               0x080027fa   Section        0  stm32f4xx_hal_tim.o(i.TIM_TI2_ConfigInputStage)
    TIM_TI2_ConfigInputStage                 0x080027fb   Thumb Code    36  stm32f4xx_hal_tim.o(i.TIM_TI2_ConfigInputStage)
    i.UART4_IRQHandler                       0x08002820   Section        0  stm32f4xx_it.o(i.UART4_IRQHandler)
    i.UART5_IRQHandler                       0x0800282c   Section        0  stm32f4xx_it.o(i.UART5_IRQHandler)
    i.UART_DMAAbortOnError                   0x08002838   Section        0  stm32f4xx_hal_uart.o(i.UART_DMAAbortOnError)
    UART_DMAAbortOnError                     0x08002839   Thumb Code    16  stm32f4xx_hal_uart.o(i.UART_DMAAbortOnError)
    i.UART_EndRxTransfer                     0x08002848   Section        0  stm32f4xx_hal_uart.o(i.UART_EndRxTransfer)
    UART_EndRxTransfer                       0x08002849   Thumb Code    78  stm32f4xx_hal_uart.o(i.UART_EndRxTransfer)
    i.UART_Receive_IT                        0x08002896   Section        0  stm32f4xx_hal_uart.o(i.UART_Receive_IT)
    UART_Receive_IT                          0x08002897   Thumb Code   194  stm32f4xx_hal_uart.o(i.UART_Receive_IT)
    i.UART_SetConfig                         0x08002958   Section        0  stm32f4xx_hal_uart.o(i.UART_SetConfig)
    UART_SetConfig                           0x08002959   Thumb Code   258  stm32f4xx_hal_uart.o(i.UART_SetConfig)
    i.UART_Start_Receive_IT                  0x08002a64   Section        0  stm32f4xx_hal_uart.o(i.UART_Start_Receive_IT)
    i.UART_WaitOnFlagUntilTimeout            0x08002a9a   Section        0  stm32f4xx_hal_uart.o(i.UART_WaitOnFlagUntilTimeout)
    UART_WaitOnFlagUntilTimeout              0x08002a9b   Thumb Code   114  stm32f4xx_hal_uart.o(i.UART_WaitOnFlagUntilTimeout)
    i.UART_handle_function_3                 0x08002b0c   Section        0  my_usart.o(i.UART_handle_function_3)
    i.UART_handle_function_4                 0x08002b20   Section        0  my_usart.o(i.UART_handle_function_4)
    i.UART_receive_process_3                 0x08002b34   Section        0  my_usart.o(i.UART_receive_process_3)
    i.UART_receive_process_4                 0x08002f0c   Section        0  my_usart.o(i.UART_receive_process_4)
    i.USART1_IRQHandler                      0x08002fb8   Section        0  stm32f4xx_it.o(i.USART1_IRQHandler)
    i.USART2_IRQHandler                      0x08002fc4   Section        0  stm32f4xx_it.o(i.USART2_IRQHandler)
    i.USART3_IRQHandler                      0x08002fd0   Section        0  stm32f4xx_it.o(i.USART3_IRQHandler)
    i.Uart_Init                              0x08002fdc   Section        0  uart.o(i.Uart_Init)
    i.Uart_Read                              0x0800303c   Section        0  uart.o(i.Uart_Read)
    i.Uart_Send                              0x0800305c   Section        0  uart.o(i.Uart_Send)
    i.UsageFault_Handler                     0x08003070   Section        0  stm32f4xx_it.o(i.UsageFault_Handler)
    i.WritePosEx                             0x08003072   Section        0  sms_sts.o(i.WritePosEx)
    i.__NVIC_SetPriority                     0x080030b6   Section        0  stm32f4xx_hal_cortex.o(i.__NVIC_SetPriority)
    __NVIC_SetPriority                       0x080030b7   Thumb Code    32  stm32f4xx_hal_cortex.o(i.__NVIC_SetPriority)
    i.__scatterload_copy                     0x080030d6   Section       14  handlers.o(i.__scatterload_copy)
    i.__scatterload_null                     0x080030e4   Section        2  handlers.o(i.__scatterload_null)
    i.__scatterload_zeroinit                 0x080030e6   Section       14  handlers.o(i.__scatterload_zeroinit)
    i.arm_stretch                            0x080030f4   Section        0  my_servo.o(i.arm_stretch)
    i.checkHead                              0x0800310c   Section        0  scs.o(i.checkHead)
    i.claw_spin_front                        0x08003144   Section        0  my_servo.o(i.claw_spin_front)
    i.feetech_servo_move                     0x0800315c   Section        0  my_servo.o(i.feetech_servo_move)
    i.genWrite                               0x08003160   Section        0  scs.o(i.genWrite)
    i.main                                   0x0800318c   Section        0  main.o(i.main)
    i.move_all_direction_tim                 0x0800329c   Section        0  motor.o(i.move_all_direction_tim)
    i.my_servo_init                          0x080034b4   Section        0  my_servo.o(i.my_servo_init)
    i.nopDelay                               0x080034bc   Section        0  scserail.o(i.nopDelay)
    i.open_claw_180                          0x080034c8   Section        0  my_servo.o(i.open_claw_180)
    i.put_claw_up_top                        0x080034dc   Section        0  my_servo.o(i.put_claw_up_top)
    i.rFlushSCS                              0x080034f4   Section        0  scserail.o(i.rFlushSCS)
    i.readSCS                                0x080034f8   Section        0  scserail.o(i.readSCS)
    i.spin_all_direction_tim                 0x08003508   Section        0  motor.o(i.spin_all_direction_tim)
    i.stop                                   0x0800363c   Section        0  motor.o(i.stop)
    i.usart_SendByte_u1                      0x0800367c   Section        0  my_usart.o(i.usart_SendByte_u1)
    i.usart_SendCmd_u1                       0x080036b4   Section        0  my_usart.o(i.usart_SendCmd_u1)
    i.wFlushSCS                              0x080036e0   Section        0  scserail.o(i.wFlushSCS)
    i.whole_arm_spin                         0x08003700   Section        0  my_servo.o(i.whole_arm_spin)
    i.writeBuf                               0x0800371c   Section        0  scs.o(i.writeBuf)
    i.writeSCS                               0x080037b0   Section        0  scserail.o(i.writeSCS)
    .constdata                               0x080037d8   Section       16  system_stm32f4xx.o(.constdata)
    .constdata                               0x080037e8   Section        8  system_stm32f4xx.o(.constdata)
    .data                                    0x20000000   Section        4  main.o(.data)
    .data                                    0x20000004   Section       52  main.o(.data)
    .data                                    0x20000038   Section        4  main.o(.data)
    .data                                    0x2000003c   Section       12  stm32f4xx_hal.o(.data)
    .data                                    0x20000048   Section        4  system_stm32f4xx.o(.data)
    .data                                    0x2000004c   Section       20  scs.o(.data)
    Level                                    0x2000004c   Data           1  scs.o(.data)
    End                                      0x2000004d   Data           1  scs.o(.data)
    Error                                    0x2000004e   Data           1  scs.o(.data)
    .data                                    0x20000060   Section        8  scserail.o(.data)
    .data                                    0x20000068   Section      112  my_servo.o(.data)
    .data                                    0x200000d8   Section        4  motor.o(.data)
    .data                                    0x200000dc   Section        4  motor.o(.data)
    .data                                    0x200000e0   Section        4  motor.o(.data)
    .data                                    0x200000e4   Section        4  motor.o(.data)
    .data                                    0x200000e8   Section        4  motor.o(.data)
    .data                                    0x200000ec   Section       40  my_usart.o(.data)
    .data                                    0x20000114   Section       44  my_timer.o(.data)
    .bss                                     0x20000140   Section      216  tim.o(.bss)
    .bss                                     0x20000218   Section      360  usart.o(.bss)
    .bss                                     0x20000380   Section      128  scserail.o(.bss)
    .bss                                     0x20000400   Section       72  uart.o(.bss)
    .bss                                     0x20000448   Section      328  my_usart.o(.bss)
    STACK                                    0x20000590   Section     1024  startup_stm32f407xx.o(STACK)

    Global Symbols

    Symbol Name                              Value     Ov Type        Size  Object(Section)

    BuildAttributes$$THM_ISAv4$E$P$D$K$B$S$7EM$VFPi3$EXTD16$VFPS$VFMA$PE$A:L22UL41UL21$X:L11$S22US41US21$IEEE1$IW$USESV6$~STKCKD$USESV7$~SHL$OTIME$ROPI$EBA8$MICROLIB$REQ8$PRES8$EABIv2 0x00000000   Number         0  anon$$obj.o ABSOLUTE
    __ARM_use_no_argv                        0x00000000   Number         0  main.o ABSOLUTE
    _printf_a                                0x00000000   Number         0  stubs.o ABSOLUTE
    _printf_c                                0x00000000   Number         0  stubs.o ABSOLUTE
    _printf_charcount                        0x00000000   Number         0  stubs.o ABSOLUTE
    _printf_d                                0x00000000   Number         0  stubs.o ABSOLUTE
    _printf_e                                0x00000000   Number         0  stubs.o ABSOLUTE
    _printf_f                                0x00000000   Number         0  stubs.o ABSOLUTE
    _printf_flags                            0x00000000   Number         0  stubs.o ABSOLUTE
    _printf_fp_dec                           0x00000000   Number         0  stubs.o ABSOLUTE
    _printf_fp_hex                           0x00000000   Number         0  stubs.o ABSOLUTE
    _printf_g                                0x00000000   Number         0  stubs.o ABSOLUTE
    _printf_i                                0x00000000   Number         0  stubs.o ABSOLUTE
    _printf_int_dec                          0x00000000   Number         0  stubs.o ABSOLUTE
    _printf_l                                0x00000000   Number         0  stubs.o ABSOLUTE
    _printf_lc                               0x00000000   Number         0  stubs.o ABSOLUTE
    _printf_ll                               0x00000000   Number         0  stubs.o ABSOLUTE
    _printf_lld                              0x00000000   Number         0  stubs.o ABSOLUTE
    _printf_lli                              0x00000000   Number         0  stubs.o ABSOLUTE
    _printf_llo                              0x00000000   Number         0  stubs.o ABSOLUTE
    _printf_llu                              0x00000000   Number         0  stubs.o ABSOLUTE
    _printf_llx                              0x00000000   Number         0  stubs.o ABSOLUTE
    _printf_longlong_dec                     0x00000000   Number         0  stubs.o ABSOLUTE
    _printf_longlong_hex                     0x00000000   Number         0  stubs.o ABSOLUTE
    _printf_longlong_oct                     0x00000000   Number         0  stubs.o ABSOLUTE
    _printf_ls                               0x00000000   Number         0  stubs.o ABSOLUTE
    _printf_mbtowc                           0x00000000   Number         0  stubs.o ABSOLUTE
    _printf_n                                0x00000000   Number         0  stubs.o ABSOLUTE
    _printf_o                                0x00000000   Number         0  stubs.o ABSOLUTE
    _printf_p                                0x00000000   Number         0  stubs.o ABSOLUTE
    _printf_percent                          0x00000000   Number         0  stubs.o ABSOLUTE
    _printf_pre_padding                      0x00000000   Number         0  stubs.o ABSOLUTE
    _printf_return_value                     0x00000000   Number         0  stubs.o ABSOLUTE
    _printf_s                                0x00000000   Number         0  stubs.o ABSOLUTE
    _printf_sizespec                         0x00000000   Number         0  stubs.o ABSOLUTE
    _printf_str                              0x00000000   Number         0  stubs.o ABSOLUTE
    _printf_truncate_signed                  0x00000000   Number         0  stubs.o ABSOLUTE
    _printf_truncate_unsigned                0x00000000   Number         0  stubs.o ABSOLUTE
    _printf_u                                0x00000000   Number         0  stubs.o ABSOLUTE
    _printf_wc                               0x00000000   Number         0  stubs.o ABSOLUTE
    _printf_wctomb                           0x00000000   Number         0  stubs.o ABSOLUTE
    _printf_widthprec                        0x00000000   Number         0  stubs.o ABSOLUTE
    _printf_x                                0x00000000   Number         0  stubs.o ABSOLUTE
    __arm_fini_                               - Undefined Weak Reference
    __cpp_initialize__aeabi_                  - Undefined Weak Reference
    __cxa_finalize                            - Undefined Weak Reference
    _clock_init                               - Undefined Weak Reference
    _microlib_exit                            - Undefined Weak Reference
    __Vectors_Size                           0x00000188   Number         0  startup_stm32f407xx.o ABSOLUTE
    __Vectors                                0x08000000   Data           4  startup_stm32f407xx.o(RESET)
    __Vectors_End                            0x08000188   Data           0  startup_stm32f407xx.o(RESET)
    __main                                   0x08000189   Thumb Code     0  entry.o(.ARM.Collect$$$$00000000)
    _main_stk                                0x08000189   Thumb Code     0  entry2.o(.ARM.Collect$$$$00000001)
    _main_scatterload                        0x0800018d   Thumb Code     0  entry5.o(.ARM.Collect$$$$00000004)
    __main_after_scatterload                 0x08000191   Thumb Code     0  entry5.o(.ARM.Collect$$$$00000004)
    _main_clock                              0x08000191   Thumb Code     0  entry7b.o(.ARM.Collect$$$$00000008)
    _main_cpp_init                           0x08000191   Thumb Code     0  entry8b.o(.ARM.Collect$$$$0000000A)
    _main_init                               0x08000191   Thumb Code     0  entry9a.o(.ARM.Collect$$$$0000000B)
    __rt_lib_shutdown_fini                   0x08000199   Thumb Code     0  entry12b.o(.ARM.Collect$$$$0000000E)
    __rt_final_cpp                           0x0800019d   Thumb Code     0  entry10a.o(.ARM.Collect$$$$0000000F)
    __rt_final_exit                          0x0800019d   Thumb Code     0  entry11a.o(.ARM.Collect$$$$00000011)
    Reset_Handler                            0x080001a1   Thumb Code     8  startup_stm32f407xx.o(.text)
    ADC_IRQHandler                           0x080001bb   Thumb Code     0  startup_stm32f407xx.o(.text)
    CAN1_RX0_IRQHandler                      0x080001bb   Thumb Code     0  startup_stm32f407xx.o(.text)
    CAN1_RX1_IRQHandler                      0x080001bb   Thumb Code     0  startup_stm32f407xx.o(.text)
    CAN1_SCE_IRQHandler                      0x080001bb   Thumb Code     0  startup_stm32f407xx.o(.text)
    CAN1_TX_IRQHandler                       0x080001bb   Thumb Code     0  startup_stm32f407xx.o(.text)
    CAN2_RX0_IRQHandler                      0x080001bb   Thumb Code     0  startup_stm32f407xx.o(.text)
    CAN2_RX1_IRQHandler                      0x080001bb   Thumb Code     0  startup_stm32f407xx.o(.text)
    CAN2_SCE_IRQHandler                      0x080001bb   Thumb Code     0  startup_stm32f407xx.o(.text)
    CAN2_TX_IRQHandler                       0x080001bb   Thumb Code     0  startup_stm32f407xx.o(.text)
    DCMI_IRQHandler                          0x080001bb   Thumb Code     0  startup_stm32f407xx.o(.text)
    DMA1_Stream0_IRQHandler                  0x080001bb   Thumb Code     0  startup_stm32f407xx.o(.text)
    DMA1_Stream1_IRQHandler                  0x080001bb   Thumb Code     0  startup_stm32f407xx.o(.text)
    DMA1_Stream2_IRQHandler                  0x080001bb   Thumb Code     0  startup_stm32f407xx.o(.text)
    DMA1_Stream3_IRQHandler                  0x080001bb   Thumb Code     0  startup_stm32f407xx.o(.text)
    DMA1_Stream4_IRQHandler                  0x080001bb   Thumb Code     0  startup_stm32f407xx.o(.text)
    DMA1_Stream5_IRQHandler                  0x080001bb   Thumb Code     0  startup_stm32f407xx.o(.text)
    DMA1_Stream6_IRQHandler                  0x080001bb   Thumb Code     0  startup_stm32f407xx.o(.text)
    DMA1_Stream7_IRQHandler                  0x080001bb   Thumb Code     0  startup_stm32f407xx.o(.text)
    DMA2_Stream0_IRQHandler                  0x080001bb   Thumb Code     0  startup_stm32f407xx.o(.text)
    DMA2_Stream1_IRQHandler                  0x080001bb   Thumb Code     0  startup_stm32f407xx.o(.text)
    DMA2_Stream2_IRQHandler                  0x080001bb   Thumb Code     0  startup_stm32f407xx.o(.text)
    DMA2_Stream3_IRQHandler                  0x080001bb   Thumb Code     0  startup_stm32f407xx.o(.text)
    DMA2_Stream4_IRQHandler                  0x080001bb   Thumb Code     0  startup_stm32f407xx.o(.text)
    DMA2_Stream5_IRQHandler                  0x080001bb   Thumb Code     0  startup_stm32f407xx.o(.text)
    DMA2_Stream6_IRQHandler                  0x080001bb   Thumb Code     0  startup_stm32f407xx.o(.text)
    DMA2_Stream7_IRQHandler                  0x080001bb   Thumb Code     0  startup_stm32f407xx.o(.text)
    ETH_IRQHandler                           0x080001bb   Thumb Code     0  startup_stm32f407xx.o(.text)
    ETH_WKUP_IRQHandler                      0x080001bb   Thumb Code     0  startup_stm32f407xx.o(.text)
    EXTI0_IRQHandler                         0x080001bb   Thumb Code     0  startup_stm32f407xx.o(.text)
    EXTI15_10_IRQHandler                     0x080001bb   Thumb Code     0  startup_stm32f407xx.o(.text)
    EXTI1_IRQHandler                         0x080001bb   Thumb Code     0  startup_stm32f407xx.o(.text)
    EXTI2_IRQHandler                         0x080001bb   Thumb Code     0  startup_stm32f407xx.o(.text)
    EXTI3_IRQHandler                         0x080001bb   Thumb Code     0  startup_stm32f407xx.o(.text)
    EXTI4_IRQHandler                         0x080001bb   Thumb Code     0  startup_stm32f407xx.o(.text)
    EXTI9_5_IRQHandler                       0x080001bb   Thumb Code     0  startup_stm32f407xx.o(.text)
    FLASH_IRQHandler                         0x080001bb   Thumb Code     0  startup_stm32f407xx.o(.text)
    FMC_IRQHandler                           0x080001bb   Thumb Code     0  startup_stm32f407xx.o(.text)
    FPU_IRQHandler                           0x080001bb   Thumb Code     0  startup_stm32f407xx.o(.text)
    HASH_RNG_IRQHandler                      0x080001bb   Thumb Code     0  startup_stm32f407xx.o(.text)
    I2C1_ER_IRQHandler                       0x080001bb   Thumb Code     0  startup_stm32f407xx.o(.text)
    I2C1_EV_IRQHandler                       0x080001bb   Thumb Code     0  startup_stm32f407xx.o(.text)
    I2C2_ER_IRQHandler                       0x080001bb   Thumb Code     0  startup_stm32f407xx.o(.text)
    I2C2_EV_IRQHandler                       0x080001bb   Thumb Code     0  startup_stm32f407xx.o(.text)
    I2C3_ER_IRQHandler                       0x080001bb   Thumb Code     0  startup_stm32f407xx.o(.text)
    I2C3_EV_IRQHandler                       0x080001bb   Thumb Code     0  startup_stm32f407xx.o(.text)
    OTG_FS_IRQHandler                        0x080001bb   Thumb Code     0  startup_stm32f407xx.o(.text)
    OTG_FS_WKUP_IRQHandler                   0x080001bb   Thumb Code     0  startup_stm32f407xx.o(.text)
    OTG_HS_EP1_IN_IRQHandler                 0x080001bb   Thumb Code     0  startup_stm32f407xx.o(.text)
    OTG_HS_EP1_OUT_IRQHandler                0x080001bb   Thumb Code     0  startup_stm32f407xx.o(.text)
    OTG_HS_IRQHandler                        0x080001bb   Thumb Code     0  startup_stm32f407xx.o(.text)
    OTG_HS_WKUP_IRQHandler                   0x080001bb   Thumb Code     0  startup_stm32f407xx.o(.text)
    PVD_IRQHandler                           0x080001bb   Thumb Code     0  startup_stm32f407xx.o(.text)
    RCC_IRQHandler                           0x080001bb   Thumb Code     0  startup_stm32f407xx.o(.text)
    RTC_Alarm_IRQHandler                     0x080001bb   Thumb Code     0  startup_stm32f407xx.o(.text)
    RTC_WKUP_IRQHandler                      0x080001bb   Thumb Code     0  startup_stm32f407xx.o(.text)
    SDIO_IRQHandler                          0x080001bb   Thumb Code     0  startup_stm32f407xx.o(.text)
    SPI1_IRQHandler                          0x080001bb   Thumb Code     0  startup_stm32f407xx.o(.text)
    SPI2_IRQHandler                          0x080001bb   Thumb Code     0  startup_stm32f407xx.o(.text)
    SPI3_IRQHandler                          0x080001bb   Thumb Code     0  startup_stm32f407xx.o(.text)
    TAMP_STAMP_IRQHandler                    0x080001bb   Thumb Code     0  startup_stm32f407xx.o(.text)
    TIM1_BRK_TIM9_IRQHandler                 0x080001bb   Thumb Code     0  startup_stm32f407xx.o(.text)
    TIM1_CC_IRQHandler                       0x080001bb   Thumb Code     0  startup_stm32f407xx.o(.text)
    TIM1_TRG_COM_TIM11_IRQHandler            0x080001bb   Thumb Code     0  startup_stm32f407xx.o(.text)
    TIM1_UP_TIM10_IRQHandler                 0x080001bb   Thumb Code     0  startup_stm32f407xx.o(.text)
    TIM5_IRQHandler                          0x080001bb   Thumb Code     0  startup_stm32f407xx.o(.text)
    TIM6_DAC_IRQHandler                      0x080001bb   Thumb Code     0  startup_stm32f407xx.o(.text)
    TIM7_IRQHandler                          0x080001bb   Thumb Code     0  startup_stm32f407xx.o(.text)
    TIM8_BRK_TIM12_IRQHandler                0x080001bb   Thumb Code     0  startup_stm32f407xx.o(.text)
    TIM8_CC_IRQHandler                       0x080001bb   Thumb Code     0  startup_stm32f407xx.o(.text)
    TIM8_TRG_COM_TIM14_IRQHandler            0x080001bb   Thumb Code     0  startup_stm32f407xx.o(.text)
    TIM8_UP_TIM13_IRQHandler                 0x080001bb   Thumb Code     0  startup_stm32f407xx.o(.text)
    USART6_IRQHandler                        0x080001bb   Thumb Code     0  startup_stm32f407xx.o(.text)
    WWDG_IRQHandler                          0x080001bb   Thumb Code     0  startup_stm32f407xx.o(.text)
    __aeabi_uldivmod                         0x080001c5   Thumb Code    98  uldiv.o(.text)
    __aeabi_memset                           0x08000227   Thumb Code    14  memseta.o(.text)
    __aeabi_memset4                          0x08000227   Thumb Code     0  memseta.o(.text)
    __aeabi_memset8                          0x08000227   Thumb Code     0  memseta.o(.text)
    __aeabi_memclr                           0x08000235   Thumb Code     4  memseta.o(.text)
    __aeabi_memclr4                          0x08000235   Thumb Code     0  memseta.o(.text)
    __aeabi_memclr8                          0x08000235   Thumb Code     0  memseta.o(.text)
    _memset$wrapper                          0x08000239   Thumb Code    18  memseta.o(.text)
    strlen                                   0x0800024b   Thumb Code    14  strlen.o(.text)
    __aeabi_dadd                             0x08000259   Thumb Code   322  dadd.o(.text)
    __aeabi_dsub                             0x0800039b   Thumb Code     6  dadd.o(.text)
    __aeabi_drsub                            0x080003a1   Thumb Code     6  dadd.o(.text)
    __aeabi_dmul                             0x080003a7   Thumb Code   228  dmul.o(.text)
    __aeabi_ui2d                             0x0800048b   Thumb Code    26  dfltui.o(.text)
    __aeabi_f2d                              0x080004a5   Thumb Code    38  f2d.o(.text)
    __aeabi_d2f                              0x080004cb   Thumb Code    56  d2f.o(.text)
    __aeabi_llsl                             0x08000503   Thumb Code    30  llshl.o(.text)
    _ll_shift_l                              0x08000503   Thumb Code     0  llshl.o(.text)
    __aeabi_llsr                             0x08000521   Thumb Code    32  llushr.o(.text)
    _ll_ushift_r                             0x08000521   Thumb Code     0  llushr.o(.text)
    __aeabi_lasr                             0x08000541   Thumb Code    36  llsshr.o(.text)
    _ll_sshift_r                             0x08000541   Thumb Code     0  llsshr.o(.text)
    __I$use$fp                               0x08000565   Thumb Code     0  iusefp.o(.text)
    _float_round                             0x08000565   Thumb Code    18  fepilogue.o(.text)
    _float_epilogue                          0x08000577   Thumb Code    92  fepilogue.o(.text)
    _double_round                            0x080005d3   Thumb Code    30  depilogue.o(.text)
    _double_epilogue                         0x080005f1   Thumb Code   156  depilogue.o(.text)
    __scatterload                            0x0800068d   Thumb Code    28  init.o(.text)
    __scatterload_rt2                        0x0800068d   Thumb Code     0  init.o(.text)
    __decompress                             0x080006b1   Thumb Code     0  __dczerorl.o(.text)
    __decompress0                            0x080006b1   Thumb Code    58  __dczerorl.o(.text)
    Ack                                      0x080006ed   Thumb Code    84  scs.o(i.Ack)
    BusFault_Handler                         0x08000745   Thumb Code     2  stm32f4xx_it.o(i.BusFault_Handler)
    DebugMon_Handler                         0x08000747   Thumb Code     2  stm32f4xx_it.o(i.DebugMon_Handler)
    Emm_V5_Stop_Now                          0x08000749   Thumb Code    48  motor.o(i.Emm_V5_Stop_Now)
    Emm_V5_Synchronous_motion                0x08000779   Thumb Code    44  motor.o(i.Emm_V5_Synchronous_motion)
    Emm_V5_Vel_Control                       0x080007a5   Thumb Code    62  motor.o(i.Emm_V5_Vel_Control)
    Error_Handler                            0x080007e3   Thumb Code     4  main.o(i.Error_Handler)
    HAL_DMA_Abort                            0x080007e7   Thumb Code   146  stm32f4xx_hal_dma.o(i.HAL_DMA_Abort)
    HAL_DMA_Abort_IT                         0x08000879   Thumb Code    36  stm32f4xx_hal_dma.o(i.HAL_DMA_Abort_IT)
    HAL_Delay                                0x0800089d   Thumb Code    32  stm32f4xx_hal.o(i.HAL_Delay)
    HAL_GPIO_Init                            0x080008c1   Thumb Code   450  stm32f4xx_hal_gpio.o(i.HAL_GPIO_Init)
    HAL_GPIO_TogglePin                       0x08000ab1   Thumb Code    16  stm32f4xx_hal_gpio.o(i.HAL_GPIO_TogglePin)
    HAL_GPIO_WritePin                        0x08000ac1   Thumb Code    10  stm32f4xx_hal_gpio.o(i.HAL_GPIO_WritePin)
    HAL_GetTick                              0x08000acd   Thumb Code     6  stm32f4xx_hal.o(i.HAL_GetTick)
    HAL_IncTick                              0x08000ad9   Thumb Code    12  stm32f4xx_hal.o(i.HAL_IncTick)
    HAL_Init                                 0x08000ae9   Thumb Code    48  stm32f4xx_hal.o(i.HAL_Init)
    HAL_InitTick                             0x08000b1d   Thumb Code    54  stm32f4xx_hal.o(i.HAL_InitTick)
    HAL_MspInit                              0x08000b5d   Thumb Code    42  stm32f4xx_hal_msp.o(i.HAL_MspInit)
    HAL_NVIC_EnableIRQ                       0x08000b8d   Thumb Code    26  stm32f4xx_hal_cortex.o(i.HAL_NVIC_EnableIRQ)
    HAL_NVIC_SetPriority                     0x08000ba9   Thumb Code    60  stm32f4xx_hal_cortex.o(i.HAL_NVIC_SetPriority)
    HAL_NVIC_SetPriorityGrouping             0x08000be9   Thumb Code    26  stm32f4xx_hal_cortex.o(i.HAL_NVIC_SetPriorityGrouping)
    HAL_RCC_ClockConfig                      0x08000c0d   Thumb Code   288  stm32f4xx_hal_rcc.o(i.HAL_RCC_ClockConfig)
    HAL_RCC_GetPCLK1Freq                     0x08000d41   Thumb Code    20  stm32f4xx_hal_rcc.o(i.HAL_RCC_GetPCLK1Freq)
    HAL_RCC_GetPCLK2Freq                     0x08000d61   Thumb Code    20  stm32f4xx_hal_rcc.o(i.HAL_RCC_GetPCLK2Freq)
    HAL_RCC_GetSysClockFreq                  0x08000d81   Thumb Code    88  stm32f4xx_hal_rcc.o(i.HAL_RCC_GetSysClockFreq)
    HAL_RCC_OscConfig                        0x08000de1   Thumb Code   856  stm32f4xx_hal_rcc.o(i.HAL_RCC_OscConfig)
    HAL_SYSTICK_Config                       0x0800114d   Thumb Code    40  stm32f4xx_hal_cortex.o(i.HAL_SYSTICK_Config)
    HAL_TIMEx_BreakCallback                  0x08001175   Thumb Code     2  stm32f4xx_hal_tim_ex.o(i.HAL_TIMEx_BreakCallback)
    HAL_TIMEx_CommutCallback                 0x08001177   Thumb Code     2  stm32f4xx_hal_tim_ex.o(i.HAL_TIMEx_CommutCallback)
    HAL_TIMEx_MasterConfigSynchronization    0x08001179   Thumb Code   116  stm32f4xx_hal_tim_ex.o(i.HAL_TIMEx_MasterConfigSynchronization)
    HAL_TIM_Base_Init                        0x08001209   Thumb Code    90  stm32f4xx_hal_tim.o(i.HAL_TIM_Base_Init)
    HAL_TIM_Base_MspInit                     0x08001265   Thumb Code   122  tim.o(i.HAL_TIM_Base_MspInit)
    HAL_TIM_Base_Start_IT                    0x080012ed   Thumb Code   100  stm32f4xx_hal_tim.o(i.HAL_TIM_Base_Start_IT)
    HAL_TIM_ConfigClockSource                0x0800136d   Thumb Code   220  stm32f4xx_hal_tim.o(i.HAL_TIM_ConfigClockSource)
    HAL_TIM_IC_CaptureCallback               0x08001449   Thumb Code     2  stm32f4xx_hal_tim.o(i.HAL_TIM_IC_CaptureCallback)
    HAL_TIM_IRQHandler                       0x0800144b   Thumb Code   304  stm32f4xx_hal_tim.o(i.HAL_TIM_IRQHandler)
    HAL_TIM_MspPostInit                      0x0800157d   Thumb Code    70  tim.o(i.HAL_TIM_MspPostInit)
    HAL_TIM_OC_DelayElapsedCallback          0x080015d1   Thumb Code     2  stm32f4xx_hal_tim.o(i.HAL_TIM_OC_DelayElapsedCallback)
    HAL_TIM_PWM_ConfigChannel                0x080015d3   Thumb Code   204  stm32f4xx_hal_tim.o(i.HAL_TIM_PWM_ConfigChannel)
    HAL_TIM_PWM_Init                         0x0800169f   Thumb Code    90  stm32f4xx_hal_tim.o(i.HAL_TIM_PWM_Init)
    HAL_TIM_PWM_MspInit                      0x080016f9   Thumb Code     2  stm32f4xx_hal_tim.o(i.HAL_TIM_PWM_MspInit)
    HAL_TIM_PWM_PulseFinishedCallback        0x080016fb   Thumb Code     2  stm32f4xx_hal_tim.o(i.HAL_TIM_PWM_PulseFinishedCallback)
    HAL_TIM_PWM_Start                        0x080016fd   Thumb Code   172  stm32f4xx_hal_tim.o(i.HAL_TIM_PWM_Start)
    HAL_TIM_PeriodElapsedCallback            0x080017c5   Thumb Code   466  my_timer.o(i.HAL_TIM_PeriodElapsedCallback)
    HAL_TIM_TriggerCallback                  0x080019cd   Thumb Code     2  stm32f4xx_hal_tim.o(i.HAL_TIM_TriggerCallback)
    HAL_UARTEx_RxEventCallback               0x080019cf   Thumb Code     2  stm32f4xx_hal_uart.o(i.HAL_UARTEx_RxEventCallback)
    HAL_UART_ErrorCallback                   0x080019d1   Thumb Code     2  stm32f4xx_hal_uart.o(i.HAL_UART_ErrorCallback)
    HAL_UART_IRQHandler                      0x080019d5   Thumb Code   618  stm32f4xx_hal_uart.o(i.HAL_UART_IRQHandler)
    HAL_UART_Init                            0x08001c45   Thumb Code   100  stm32f4xx_hal_uart.o(i.HAL_UART_Init)
    HAL_UART_MspInit                         0x08001ca9   Thumb Code   454  usart.o(i.HAL_UART_MspInit)
    HAL_UART_Receive                         0x08001e99   Thumb Code   176  stm32f4xx_hal_uart.o(i.HAL_UART_Receive)
    HAL_UART_Receive_IT                      0x08001f49   Thumb Code    28  stm32f4xx_hal_uart.o(i.HAL_UART_Receive_IT)
    HAL_UART_RxCpltCallback                  0x08001f65   Thumb Code   184  my_usart.o(i.HAL_UART_RxCpltCallback)
    HAL_UART_Transmit                        0x08002039   Thumb Code   160  stm32f4xx_hal_uart.o(i.HAL_UART_Transmit)
    HAL_UART_TxCpltCallback                  0x080020d9   Thumb Code     2  stm32f4xx_hal_uart.o(i.HAL_UART_TxCpltCallback)
    HardFault_Handler                        0x080020db   Thumb Code     2  stm32f4xx_it.o(i.HardFault_Handler)
    Host2SCS                                 0x080020dd   Thumb Code    26  scs.o(i.Host2SCS)
    MX_GPIO_Init                             0x080020fd   Thumb Code   162  gpio.o(i.MX_GPIO_Init)
    MX_TIM2_Init                             0x080021ad   Thumb Code   102  tim.o(i.MX_TIM2_Init)
    MX_TIM3_Init                             0x08002219   Thumb Code   100  tim.o(i.MX_TIM3_Init)
    MX_TIM4_Init                             0x08002285   Thumb Code   194  tim.o(i.MX_TIM4_Init)
    MX_UART4_Init                            0x08002351   Thumb Code    48  usart.o(i.MX_UART4_Init)
    MX_UART5_Init                            0x08002389   Thumb Code    48  usart.o(i.MX_UART5_Init)
    MX_USART1_UART_Init                      0x080023c1   Thumb Code    48  usart.o(i.MX_USART1_UART_Init)
    MX_USART2_UART_Init                      0x080023f9   Thumb Code    48  usart.o(i.MX_USART2_UART_Init)
    MX_USART3_UART_Init                      0x08002431   Thumb Code    48  usart.o(i.MX_USART3_UART_Init)
    MemManage_Handler                        0x08002469   Thumb Code     2  stm32f4xx_it.o(i.MemManage_Handler)
    NMI_Handler                              0x0800246b   Thumb Code     2  stm32f4xx_it.o(i.NMI_Handler)
    PendSV_Handler                           0x0800246d   Thumb Code     2  stm32f4xx_it.o(i.PendSV_Handler)
    SVC_Handler                              0x0800246f   Thumb Code     2  stm32f4xx_it.o(i.SVC_Handler)
    SysTick_Handler                          0x08002471   Thumb Code     4  stm32f4xx_it.o(i.SysTick_Handler)
    SystemClock_Config                       0x08002475   Thumb Code   138  main.o(i.SystemClock_Config)
    SystemInit                               0x08002509   Thumb Code    12  system_stm32f4xx.o(i.SystemInit)
    TIM2_IRQHandler                          0x08002519   Thumb Code     6  stm32f4xx_it.o(i.TIM2_IRQHandler)
    TIM3_IRQHandler                          0x08002525   Thumb Code     6  stm32f4xx_it.o(i.TIM3_IRQHandler)
    TIM4_IRQHandler                          0x08002531   Thumb Code     6  stm32f4xx_it.o(i.TIM4_IRQHandler)
    TIM_Base_SetConfig                       0x0800253d   Thumb Code   170  stm32f4xx_hal_tim.o(i.TIM_Base_SetConfig)
    TIM_CCxChannelCmd                        0x08002615   Thumb Code    26  stm32f4xx_hal_tim.o(i.TIM_CCxChannelCmd)
    TIM_ETR_SetConfig                        0x0800262f   Thumb Code    20  stm32f4xx_hal_tim.o(i.TIM_ETR_SetConfig)
    TIM_OC2_SetConfig                        0x080026b5   Thumb Code    98  stm32f4xx_hal_tim.o(i.TIM_OC2_SetConfig)
    UART4_IRQHandler                         0x08002821   Thumb Code     6  stm32f4xx_it.o(i.UART4_IRQHandler)
    UART5_IRQHandler                         0x0800282d   Thumb Code     6  stm32f4xx_it.o(i.UART5_IRQHandler)
    UART_Start_Receive_IT                    0x08002a65   Thumb Code    54  stm32f4xx_hal_uart.o(i.UART_Start_Receive_IT)
    UART_handle_function_3                   0x08002b0d   Thumb Code    14  my_usart.o(i.UART_handle_function_3)
    UART_handle_function_4                   0x08002b21   Thumb Code    14  my_usart.o(i.UART_handle_function_4)
    UART_receive_process_3                   0x08002b35   Thumb Code   892  my_usart.o(i.UART_receive_process_3)
    UART_receive_process_4                   0x08002f0d   Thumb Code   134  my_usart.o(i.UART_receive_process_4)
    USART1_IRQHandler                        0x08002fb9   Thumb Code     6  stm32f4xx_it.o(i.USART1_IRQHandler)
    USART2_IRQHandler                        0x08002fc5   Thumb Code     6  stm32f4xx_it.o(i.USART2_IRQHandler)
    USART3_IRQHandler                        0x08002fd1   Thumb Code     6  stm32f4xx_it.o(i.USART3_IRQHandler)
    Uart_Init                                0x08002fdd   Thumb Code    82  uart.o(i.Uart_Init)
    Uart_Read                                0x0800303d   Thumb Code    26  uart.o(i.Uart_Read)
    Uart_Send                                0x0800305d   Thumb Code    14  uart.o(i.Uart_Send)
    UsageFault_Handler                       0x08003071   Thumb Code     2  stm32f4xx_it.o(i.UsageFault_Handler)
    WritePosEx                               0x08003073   Thumb Code    68  sms_sts.o(i.WritePosEx)
    __scatterload_copy                       0x080030d7   Thumb Code    14  handlers.o(i.__scatterload_copy)
    __scatterload_null                       0x080030e5   Thumb Code     2  handlers.o(i.__scatterload_null)
    __scatterload_zeroinit                   0x080030e7   Thumb Code    14  handlers.o(i.__scatterload_zeroinit)
    arm_stretch                              0x080030f5   Thumb Code    20  my_servo.o(i.arm_stretch)
    checkHead                                0x0800310d   Thumb Code    56  scs.o(i.checkHead)
    claw_spin_front                          0x08003145   Thumb Code    18  my_servo.o(i.claw_spin_front)
    feetech_servo_move                       0x0800315d   Thumb Code     4  my_servo.o(i.feetech_servo_move)
    genWrite                                 0x08003161   Thumb Code    44  scs.o(i.genWrite)
    main                                     0x0800318d   Thumb Code   218  main.o(i.main)
    move_all_direction_tim                   0x0800329d   Thumb Code   536  motor.o(i.move_all_direction_tim)
    my_servo_init                            0x080034b5   Thumb Code     8  my_servo.o(i.my_servo_init)
    nopDelay                                 0x080034bd   Thumb Code    12  scserail.o(i.nopDelay)
    open_claw_180                            0x080034c9   Thumb Code    12  my_servo.o(i.open_claw_180)
    put_claw_up_top                          0x080034dd   Thumb Code    18  my_servo.o(i.put_claw_up_top)
    rFlushSCS                                0x080034f5   Thumb Code     4  scserail.o(i.rFlushSCS)
    readSCS                                  0x080034f9   Thumb Code    10  scserail.o(i.readSCS)
    spin_all_direction_tim                   0x08003509   Thumb Code   302  motor.o(i.spin_all_direction_tim)
    stop                                     0x0800363d   Thumb Code    62  motor.o(i.stop)
    usart_SendByte_u1                        0x0800367d   Thumb Code    50  my_usart.o(i.usart_SendByte_u1)
    usart_SendCmd_u1                         0x080036b5   Thumb Code    44  my_usart.o(i.usart_SendCmd_u1)
    wFlushSCS                                0x080036e1   Thumb Code    22  scserail.o(i.wFlushSCS)
    whole_arm_spin                           0x08003701   Thumb Code    24  my_servo.o(i.whole_arm_spin)
    writeBuf                                 0x0800371d   Thumb Code   148  scs.o(i.writeBuf)
    writeSCS                                 0x080037b1   Thumb Code    32  scserail.o(i.writeSCS)
    AHBPrescTable                            0x080037d8   Data          16  system_stm32f4xx.o(.constdata)
    APBPrescTable                            0x080037e8   Data           8  system_stm32f4xx.o(.constdata)
    Region$$Table$$Base                      0x080037f0   Number         0  anon$$obj.o(Region$$Table)
    Region$$Table$$Limit                     0x08003810   Number         0  anon$$obj.o(Region$$Table)
    gyro_z                                   0x20000000   Data           4  main.o(.data)
    open_loop_move_velocity                  0x20000004   Data           4  main.o(.data)
    open_loop_spin_velocity                  0x20000008   Data           4  main.o(.data)
    move_sequence_bias                       0x2000000c   Data           4  main.o(.data)
    timeout_limit                            0x20000010   Data           4  main.o(.data)
    is_start_get_plate                       0x20000014   Data           4  main.o(.data)
    get_plate                                0x20000018   Data           4  main.o(.data)
    get_plate_count                          0x2000001c   Data           4  main.o(.data)
    target_colour                            0x20000020   Data          24  main.o(.data)
    is_get_qrcode_target                     0x20000038   Data           4  main.o(.data)
    uwTickFreq                               0x2000003c   Data           1  stm32f4xx_hal.o(.data)
    uwTickPrio                               0x20000040   Data           4  stm32f4xx_hal.o(.data)
    uwTick                                   0x20000044   Data           4  stm32f4xx_hal.o(.data)
    SystemCoreClock                          0x20000048   Data           4  system_stm32f4xx.o(.data)
    syncReadRxPacketIndex                    0x2000004f   Data           1  scs.o(.data)
    syncReadRxPacketLen                      0x20000050   Data           1  scs.o(.data)
    syncReadRxBuffLen                        0x20000052   Data           2  scs.o(.data)
    syncReadRxBuffMax                        0x20000054   Data           2  scs.o(.data)
    syncReadRxPacket                         0x20000058   Data           4  scs.o(.data)
    syncReadRxBuff                           0x2000005c   Data           4  scs.o(.data)
    wLen                                     0x20000060   Data           1  scserail.o(.data)
    IOTimeOut                                0x20000064   Data           4  scserail.o(.data)
    open_claw_180_position                   0x20000068   Data           4  my_servo.o(.data)
    open_claw_position                       0x2000006c   Data           4  my_servo.o(.data)
    close_claw_position                      0x20000070   Data           4  my_servo.o(.data)
    state_spin_position_1                    0x20000074   Data           4  my_servo.o(.data)
    state_spin_position_2                    0x20000078   Data           4  my_servo.o(.data)
    state_spin_position_3                    0x2000007c   Data           4  my_servo.o(.data)
    feet_acc                                 0x20000080   Data           4  my_servo.o(.data)
    put_claw_down_pile_position              0x20000084   Data           4  my_servo.o(.data)
    put_claw_down_state_position             0x20000088   Data           4  my_servo.o(.data)
    put_claw_down_position                   0x2000008c   Data           4  my_servo.o(.data)
    put_claw_down_ground_position            0x20000090   Data           4  my_servo.o(.data)
    put_claw_up_top_position                 0x20000094   Data           4  my_servo.o(.data)
    put_claw_up_position                     0x20000098   Data           4  my_servo.o(.data)
    claw_spin_position_front                 0x2000009c   Data           4  my_servo.o(.data)
    claw_spin_position_state                 0x200000a0   Data           4  my_servo.o(.data)
    middle_arm                               0x200000a4   Data           4  my_servo.o(.data)
    shrink_arm                               0x200000a8   Data           4  my_servo.o(.data)
    stretch_camera                           0x200000ac   Data           4  my_servo.o(.data)
    shrink_arm_all                           0x200000b0   Data           4  my_servo.o(.data)
    left_2                                   0x200000b4   Data           4  my_servo.o(.data)
    left_3                                   0x200000b8   Data           4  my_servo.o(.data)
    left_4                                   0x200000bc   Data           4  my_servo.o(.data)
    right_2                                  0x200000c0   Data           4  my_servo.o(.data)
    right_3                                  0x200000c4   Data           4  my_servo.o(.data)
    right_4                                  0x200000c8   Data           4  my_servo.o(.data)
    middle_2                                 0x200000cc   Data           4  my_servo.o(.data)
    middle_3                                 0x200000d0   Data           4  my_servo.o(.data)
    middle_4                                 0x200000d4   Data           4  my_servo.o(.data)
    acceleration                             0x200000d8   Data           4  motor.o(.data)
    x_move_position                          0x200000dc   Data           4  motor.o(.data)
    y_move_position                          0x200000e0   Data           4  motor.o(.data)
    spin_which_direction                     0x200000e4   Data           4  motor.o(.data)
    all_move_time                            0x200000e8   Data           4  motor.o(.data)
    received_rxdata_u2                       0x200000ec   Data           1  my_usart.o(.data)
    received_rxdata_u3                       0x200000ed   Data           1  my_usart.o(.data)
    received_rxdata_u1                       0x200000ee   Data           1  my_usart.o(.data)
    received_rxdata_u4                       0x200000ef   Data           1  my_usart.o(.data)
    received_rxdata_u5                       0x200000f0   Data           1  my_usart.o(.data)
    rxflag_u2                                0x200000f1   Data           1  my_usart.o(.data)
    rxflag_u3                                0x200000f2   Data           1  my_usart.o(.data)
    rxflag_u1                                0x200000f3   Data           1  my_usart.o(.data)
    rxflag_u4                                0x200000f4   Data           1  my_usart.o(.data)
    rxflag_u5                                0x200000f5   Data           1  my_usart.o(.data)
    test_slight_move                         0x200000f8   Data           4  my_usart.o(.data)
    x_err_1                                  0x200000fc   Data           4  my_usart.o(.data)
    x_err_2                                  0x20000100   Data           4  my_usart.o(.data)
    x_err_3                                  0x20000104   Data           4  my_usart.o(.data)
    y_err_1                                  0x20000108   Data           4  my_usart.o(.data)
    y_err_2                                  0x2000010c   Data           4  my_usart.o(.data)
    y_err_3                                  0x20000110   Data           4  my_usart.o(.data)
    tim3_count                               0x20000114   Data           4  my_timer.o(.data)
    tim2_count                               0x20000118   Data           4  my_timer.o(.data)
    is_slight_spin                           0x2000011c   Data           4  my_timer.o(.data)
    is_slight_move                           0x20000120   Data           4  my_timer.o(.data)
    motor_state                              0x20000124   Data           4  my_timer.o(.data)
    is_motor_start_move                      0x20000128   Data           4  my_timer.o(.data)
    is_motor_moving                          0x2000012c   Data           4  my_timer.o(.data)
    send_motor_message_flag                  0x20000130   Data           4  my_timer.o(.data)
    motor_moving_timecount                   0x20000134   Data           4  my_timer.o(.data)
    calculate_motor_move_time                0x20000138   Data           4  my_timer.o(.data)
    acceleration_adjust                      0x2000013c   Data           4  my_timer.o(.data)
    htim2                                    0x20000140   Data          72  tim.o(.bss)
    htim3                                    0x20000188   Data          72  tim.o(.bss)
    htim4                                    0x200001d0   Data          72  tim.o(.bss)
    huart4                                   0x20000218   Data          72  usart.o(.bss)
    huart5                                   0x20000260   Data          72  usart.o(.bss)
    huart1                                   0x200002a8   Data          72  usart.o(.bss)
    huart2                                   0x200002f0   Data          72  usart.o(.bss)
    huart3                                   0x20000338   Data          72  usart.o(.bss)
    wBuf                                     0x20000380   Data         128  scserail.o(.bss)
    UART_InitStructure                       0x20000400   Data          72  uart.o(.bss)
    rxdata_u2                                0x20000448   Data          50  my_usart.o(.bss)
    rxdata_u3                                0x2000047a   Data          50  my_usart.o(.bss)
    rxdata_u1                                0x200004ac   Data         128  my_usart.o(.bss)
    rxdata_u4                                0x2000052c   Data          50  my_usart.o(.bss)
    rxdata_u5                                0x2000055e   Data          50  my_usart.o(.bss)
    __initial_sp                             0x20000990   Data           0  startup_stm32f407xx.o(STACK)



==============================================================================

Memory Map of the image

  Image Entry point : 0x08000189

  Load Region LR_IROM1 (Base: 0x08000000, Size: 0x00003950, Max: 0x00080000, ABSOLUTE, COMPRESSED[0x00003888])

    Execution Region ER_IROM1 (Exec base: 0x08000000, Load base: 0x08000000, Size: 0x00003810, Max: 0x00080000, ABSOLUTE)

    Exec Addr    Load Addr    Size         Type   Attr      Idx    E Section Name        Object

    0x08000000   0x08000000   0x00000188   Data   RO            3    RESET               startup_stm32f407xx.o
    0x08000188   0x08000188   0x00000000   Code   RO         4056  * .ARM.Collect$$$$00000000  mc_w.l(entry.o)
    0x08000188   0x08000188   0x00000004   Code   RO         4370    .ARM.Collect$$$$00000001  mc_w.l(entry2.o)
    0x0800018c   0x0800018c   0x00000004   Code   RO         4373    .ARM.Collect$$$$00000004  mc_w.l(entry5.o)
    0x08000190   0x08000190   0x00000000   Code   RO         4375    .ARM.Collect$$$$00000008  mc_w.l(entry7b.o)
    0x08000190   0x08000190   0x00000000   Code   RO         4377    .ARM.Collect$$$$0000000A  mc_w.l(entry8b.o)
    0x08000190   0x08000190   0x00000008   Code   RO         4378    .ARM.Collect$$$$0000000B  mc_w.l(entry9a.o)
    0x08000198   0x08000198   0x00000004   Code   RO         4385    .ARM.Collect$$$$0000000E  mc_w.l(entry12b.o)
    0x0800019c   0x0800019c   0x00000000   Code   RO         4380    .ARM.Collect$$$$0000000F  mc_w.l(entry10a.o)
    0x0800019c   0x0800019c   0x00000000   Code   RO         4382    .ARM.Collect$$$$00000011  mc_w.l(entry11a.o)
    0x0800019c   0x0800019c   0x00000004   Code   RO         4371    .ARM.Collect$$$$00002712  mc_w.l(entry2.o)
    0x080001a0   0x080001a0   0x00000024   Code   RO            4    .text               startup_stm32f407xx.o
    0x080001c4   0x080001c4   0x00000062   Code   RO         4059    .text               mc_w.l(uldiv.o)
    0x08000226   0x08000226   0x00000024   Code   RO         4061    .text               mc_w.l(memseta.o)
    0x0800024a   0x0800024a   0x0000000e   Code   RO         4063    .text               mc_w.l(strlen.o)
    0x08000258   0x08000258   0x0000014e   Code   RO         4354    .text               mf_w.l(dadd.o)
    0x080003a6   0x080003a6   0x000000e4   Code   RO         4356    .text               mf_w.l(dmul.o)
    0x0800048a   0x0800048a   0x0000001a   Code   RO         4360    .text               mf_w.l(dfltui.o)
    0x080004a4   0x080004a4   0x00000026   Code   RO         4366    .text               mf_w.l(f2d.o)
    0x080004ca   0x080004ca   0x00000038   Code   RO         4368    .text               mf_w.l(d2f.o)
    0x08000502   0x08000502   0x0000001e   Code   RO         4389    .text               mc_w.l(llshl.o)
    0x08000520   0x08000520   0x00000020   Code   RO         4391    .text               mc_w.l(llushr.o)
    0x08000540   0x08000540   0x00000024   Code   RO         4393    .text               mc_w.l(llsshr.o)
    0x08000564   0x08000564   0x00000000   Code   RO         4401    .text               mc_w.l(iusefp.o)
    0x08000564   0x08000564   0x0000006e   Code   RO         4402    .text               mf_w.l(fepilogue.o)
    0x080005d2   0x080005d2   0x000000ba   Code   RO         4404    .text               mf_w.l(depilogue.o)
    0x0800068c   0x0800068c   0x00000024   Code   RO         4410    .text               mc_w.l(init.o)
    0x080006b0   0x080006b0   0x0000003a   Code   RO         4420    .text               mc_w.l(__dczerorl.o)
    0x080006ea   0x080006ea   0x00000002   PAD
    0x080006ec   0x080006ec   0x00000058   Code   RO         3145    i.Ack               scs.o
    0x08000744   0x08000744   0x00000002   Code   RO          476    i.BusFault_Handler  stm32f4xx_it.o
    0x08000746   0x08000746   0x00000002   Code   RO          477    i.DebugMon_Handler  stm32f4xx_it.o
    0x08000748   0x08000748   0x00000030   Code   RO         3712    i.Emm_V5_Stop_Now   motor.o
    0x08000778   0x08000778   0x0000002c   Code   RO         3713    i.Emm_V5_Synchronous_motion  motor.o
    0x080007a4   0x080007a4   0x0000003e   Code   RO         3714    i.Emm_V5_Vel_Control  motor.o
    0x080007e2   0x080007e2   0x00000004   Code   RO           13    i.Error_Handler     main.o
    0x080007e6   0x080007e6   0x00000092   Code   RO         2059    i.HAL_DMA_Abort     stm32f4xx_hal_dma.o
    0x08000878   0x08000878   0x00000024   Code   RO         2060    i.HAL_DMA_Abort_IT  stm32f4xx_hal_dma.o
    0x0800089c   0x0800089c   0x00000024   Code   RO         2496    i.HAL_Delay         stm32f4xx_hal.o
    0x080008c0   0x080008c0   0x000001f0   Code   RO         1952    i.HAL_GPIO_Init     stm32f4xx_hal_gpio.o
    0x08000ab0   0x08000ab0   0x00000010   Code   RO         1955    i.HAL_GPIO_TogglePin  stm32f4xx_hal_gpio.o
    0x08000ac0   0x08000ac0   0x0000000a   Code   RO         1956    i.HAL_GPIO_WritePin  stm32f4xx_hal_gpio.o
    0x08000aca   0x08000aca   0x00000002   PAD
    0x08000acc   0x08000acc   0x0000000c   Code   RO         2502    i.HAL_GetTick       stm32f4xx_hal.o
    0x08000ad8   0x08000ad8   0x00000010   Code   RO         2508    i.HAL_IncTick       stm32f4xx_hal.o
    0x08000ae8   0x08000ae8   0x00000034   Code   RO         2509    i.HAL_Init          stm32f4xx_hal.o
    0x08000b1c   0x08000b1c   0x00000040   Code   RO         2510    i.HAL_InitTick      stm32f4xx_hal.o
    0x08000b5c   0x08000b5c   0x00000030   Code   RO          600    i.HAL_MspInit       stm32f4xx_hal_msp.o
    0x08000b8c   0x08000b8c   0x0000001a   Code   RO         2344    i.HAL_NVIC_EnableIRQ  stm32f4xx_hal_cortex.o
    0x08000ba6   0x08000ba6   0x00000002   PAD
    0x08000ba8   0x08000ba8   0x00000040   Code   RO         2350    i.HAL_NVIC_SetPriority  stm32f4xx_hal_cortex.o
    0x08000be8   0x08000be8   0x00000024   Code   RO         2351    i.HAL_NVIC_SetPriorityGrouping  stm32f4xx_hal_cortex.o
    0x08000c0c   0x08000c0c   0x00000134   Code   RO         1598    i.HAL_RCC_ClockConfig  stm32f4xx_hal_rcc.o
    0x08000d40   0x08000d40   0x00000020   Code   RO         1605    i.HAL_RCC_GetPCLK1Freq  stm32f4xx_hal_rcc.o
    0x08000d60   0x08000d60   0x00000020   Code   RO         1606    i.HAL_RCC_GetPCLK2Freq  stm32f4xx_hal_rcc.o
    0x08000d80   0x08000d80   0x00000060   Code   RO         1607    i.HAL_RCC_GetSysClockFreq  stm32f4xx_hal_rcc.o
    0x08000de0   0x08000de0   0x0000036c   Code   RO         1610    i.HAL_RCC_OscConfig  stm32f4xx_hal_rcc.o
    0x0800114c   0x0800114c   0x00000028   Code   RO         2355    i.HAL_SYSTICK_Config  stm32f4xx_hal_cortex.o
    0x08001174   0x08001174   0x00000002   Code   RO         1330    i.HAL_TIMEx_BreakCallback  stm32f4xx_hal_tim_ex.o
    0x08001176   0x08001176   0x00000002   Code   RO         1331    i.HAL_TIMEx_CommutCallback  stm32f4xx_hal_tim_ex.o
    0x08001178   0x08001178   0x00000090   Code   RO         1349    i.HAL_TIMEx_MasterConfigSynchronization  stm32f4xx_hal_tim_ex.o
    0x08001208   0x08001208   0x0000005a   Code   RO          626    i.HAL_TIM_Base_Init  stm32f4xx_hal_tim.o
    0x08001262   0x08001262   0x00000002   PAD
    0x08001264   0x08001264   0x00000088   Code   RO          350    i.HAL_TIM_Base_MspInit  tim.o
    0x080012ec   0x080012ec   0x00000080   Code   RO          631    i.HAL_TIM_Base_Start_IT  stm32f4xx_hal_tim.o
    0x0800136c   0x0800136c   0x000000dc   Code   RO          635    i.HAL_TIM_ConfigClockSource  stm32f4xx_hal_tim.o
    0x08001448   0x08001448   0x00000002   Code   RO          660    i.HAL_TIM_IC_CaptureCallback  stm32f4xx_hal_tim.o
    0x0800144a   0x0800144a   0x00000130   Code   RO          674    i.HAL_TIM_IRQHandler  stm32f4xx_hal_tim.o
    0x0800157a   0x0800157a   0x00000002   PAD
    0x0800157c   0x0800157c   0x00000054   Code   RO          351    i.HAL_TIM_MspPostInit  tim.o
    0x080015d0   0x080015d0   0x00000002   Code   RO          677    i.HAL_TIM_OC_DelayElapsedCallback  stm32f4xx_hal_tim.o
    0x080015d2   0x080015d2   0x000000cc   Code   RO          698    i.HAL_TIM_PWM_ConfigChannel  stm32f4xx_hal_tim.o
    0x0800169e   0x0800169e   0x0000005a   Code   RO          701    i.HAL_TIM_PWM_Init  stm32f4xx_hal_tim.o
    0x080016f8   0x080016f8   0x00000002   Code   RO          703    i.HAL_TIM_PWM_MspInit  stm32f4xx_hal_tim.o
    0x080016fa   0x080016fa   0x00000002   Code   RO          704    i.HAL_TIM_PWM_PulseFinishedCallback  stm32f4xx_hal_tim.o
    0x080016fc   0x080016fc   0x000000c8   Code   RO          706    i.HAL_TIM_PWM_Start  stm32f4xx_hal_tim.o
    0x080017c4   0x080017c4   0x00000208   Code   RO         4029    i.HAL_TIM_PeriodElapsedCallback  my_timer.o
    0x080019cc   0x080019cc   0x00000002   Code   RO          717    i.HAL_TIM_TriggerCallback  stm32f4xx_hal_tim.o
    0x080019ce   0x080019ce   0x00000002   Code   RO         2759    i.HAL_UARTEx_RxEventCallback  stm32f4xx_hal_uart.o
    0x080019d0   0x080019d0   0x00000002   Code   RO         2773    i.HAL_UART_ErrorCallback  stm32f4xx_hal_uart.o
    0x080019d2   0x080019d2   0x00000002   PAD
    0x080019d4   0x080019d4   0x00000270   Code   RO         2776    i.HAL_UART_IRQHandler  stm32f4xx_hal_uart.o
    0x08001c44   0x08001c44   0x00000064   Code   RO         2777    i.HAL_UART_Init     stm32f4xx_hal_uart.o
    0x08001ca8   0x08001ca8   0x000001f0   Code   RO          410    i.HAL_UART_MspInit  usart.o
    0x08001e98   0x08001e98   0x000000b0   Code   RO         2780    i.HAL_UART_Receive  stm32f4xx_hal_uart.o
    0x08001f48   0x08001f48   0x0000001c   Code   RO         2782    i.HAL_UART_Receive_IT  stm32f4xx_hal_uart.o
    0x08001f64   0x08001f64   0x000000d4   Code   RO         3922    i.HAL_UART_RxCpltCallback  my_usart.o
    0x08002038   0x08002038   0x000000a0   Code   RO         2785    i.HAL_UART_Transmit  stm32f4xx_hal_uart.o
    0x080020d8   0x080020d8   0x00000002   Code   RO         2788    i.HAL_UART_TxCpltCallback  stm32f4xx_hal_uart.o
    0x080020da   0x080020da   0x00000002   Code   RO          478    i.HardFault_Handler  stm32f4xx_it.o
    0x080020dc   0x080020dc   0x00000020   Code   RO         3146    i.Host2SCS          scs.o
    0x080020fc   0x080020fc   0x000000b0   Code   RO          325    i.MX_GPIO_Init      gpio.o
    0x080021ac   0x080021ac   0x0000006c   Code   RO          352    i.MX_TIM2_Init      tim.o
    0x08002218   0x08002218   0x0000006c   Code   RO          353    i.MX_TIM3_Init      tim.o
    0x08002284   0x08002284   0x000000cc   Code   RO          354    i.MX_TIM4_Init      tim.o
    0x08002350   0x08002350   0x00000038   Code   RO          411    i.MX_UART4_Init     usart.o
    0x08002388   0x08002388   0x00000038   Code   RO          412    i.MX_UART5_Init     usart.o
    0x080023c0   0x080023c0   0x00000038   Code   RO          413    i.MX_USART1_UART_Init  usart.o
    0x080023f8   0x080023f8   0x00000038   Code   RO          414    i.MX_USART2_UART_Init  usart.o
    0x08002430   0x08002430   0x00000038   Code   RO          415    i.MX_USART3_UART_Init  usart.o
    0x08002468   0x08002468   0x00000002   Code   RO          479    i.MemManage_Handler  stm32f4xx_it.o
    0x0800246a   0x0800246a   0x00000002   Code   RO          480    i.NMI_Handler       stm32f4xx_it.o
    0x0800246c   0x0800246c   0x00000002   Code   RO          481    i.PendSV_Handler    stm32f4xx_it.o
    0x0800246e   0x0800246e   0x00000002   Code   RO          482    i.SVC_Handler       stm32f4xx_it.o
    0x08002470   0x08002470   0x00000004   Code   RO          483    i.SysTick_Handler   stm32f4xx_it.o
    0x08002474   0x08002474   0x00000094   Code   RO           14    i.SystemClock_Config  main.o
    0x08002508   0x08002508   0x00000010   Code   RO         3111    i.SystemInit        system_stm32f4xx.o
    0x08002518   0x08002518   0x0000000c   Code   RO          484    i.TIM2_IRQHandler   stm32f4xx_it.o
    0x08002524   0x08002524   0x0000000c   Code   RO          485    i.TIM3_IRQHandler   stm32f4xx_it.o
    0x08002530   0x08002530   0x0000000c   Code   RO          486    i.TIM4_IRQHandler   stm32f4xx_it.o
    0x0800253c   0x0800253c   0x000000d8   Code   RO          719    i.TIM_Base_SetConfig  stm32f4xx_hal_tim.o
    0x08002614   0x08002614   0x0000001a   Code   RO          720    i.TIM_CCxChannelCmd  stm32f4xx_hal_tim.o
    0x0800262e   0x0800262e   0x00000014   Code   RO          730    i.TIM_ETR_SetConfig  stm32f4xx_hal_tim.o
    0x08002642   0x08002642   0x00000010   Code   RO          731    i.TIM_ITRx_SetConfig  stm32f4xx_hal_tim.o
    0x08002652   0x08002652   0x00000002   PAD
    0x08002654   0x08002654   0x00000060   Code   RO          732    i.TIM_OC1_SetConfig  stm32f4xx_hal_tim.o
    0x080026b4   0x080026b4   0x0000006c   Code   RO          733    i.TIM_OC2_SetConfig  stm32f4xx_hal_tim.o
    0x08002720   0x08002720   0x00000068   Code   RO          734    i.TIM_OC3_SetConfig  stm32f4xx_hal_tim.o
    0x08002788   0x08002788   0x00000050   Code   RO          735    i.TIM_OC4_SetConfig  stm32f4xx_hal_tim.o
    0x080027d8   0x080027d8   0x00000022   Code   RO          737    i.TIM_TI1_ConfigInputStage  stm32f4xx_hal_tim.o
    0x080027fa   0x080027fa   0x00000024   Code   RO          739    i.TIM_TI2_ConfigInputStage  stm32f4xx_hal_tim.o
    0x0800281e   0x0800281e   0x00000002   PAD
    0x08002820   0x08002820   0x0000000c   Code   RO          487    i.UART4_IRQHandler  stm32f4xx_it.o
    0x0800282c   0x0800282c   0x0000000c   Code   RO          488    i.UART5_IRQHandler  stm32f4xx_it.o
    0x08002838   0x08002838   0x00000010   Code   RO         2790    i.UART_DMAAbortOnError  stm32f4xx_hal_uart.o
    0x08002848   0x08002848   0x0000004e   Code   RO         2800    i.UART_EndRxTransfer  stm32f4xx_hal_uart.o
    0x08002896   0x08002896   0x000000c2   Code   RO         2802    i.UART_Receive_IT   stm32f4xx_hal_uart.o
    0x08002958   0x08002958   0x0000010c   Code   RO         2803    i.UART_SetConfig    stm32f4xx_hal_uart.o
    0x08002a64   0x08002a64   0x00000036   Code   RO         2805    i.UART_Start_Receive_IT  stm32f4xx_hal_uart.o
    0x08002a9a   0x08002a9a   0x00000072   Code   RO         2806    i.UART_WaitOnFlagUntilTimeout  stm32f4xx_hal_uart.o
    0x08002b0c   0x08002b0c   0x00000014   Code   RO         3925    i.UART_handle_function_3  my_usart.o
    0x08002b20   0x08002b20   0x00000014   Code   RO         3926    i.UART_handle_function_4  my_usart.o
    0x08002b34   0x08002b34   0x000003d8   Code   RO         3930    i.UART_receive_process_3  my_usart.o
    0x08002f0c   0x08002f0c   0x000000ac   Code   RO         3931    i.UART_receive_process_4  my_usart.o
    0x08002fb8   0x08002fb8   0x0000000c   Code   RO          489    i.USART1_IRQHandler  stm32f4xx_it.o
    0x08002fc4   0x08002fc4   0x0000000c   Code   RO          490    i.USART2_IRQHandler  stm32f4xx_it.o
    0x08002fd0   0x08002fd0   0x0000000c   Code   RO          491    i.USART3_IRQHandler  stm32f4xx_it.o
    0x08002fdc   0x08002fdc   0x00000060   Code   RO         3487    i.Uart_Init         uart.o
    0x0800303c   0x0800303c   0x00000020   Code   RO         3488    i.Uart_Read         uart.o
    0x0800305c   0x0800305c   0x00000014   Code   RO         3489    i.Uart_Send         uart.o
    0x08003070   0x08003070   0x00000002   Code   RO          492    i.UsageFault_Handler  stm32f4xx_it.o
    0x08003072   0x08003072   0x00000044   Code   RO         3370    i.WritePosEx        sms_sts.o
    0x080030b6   0x080030b6   0x00000020   Code   RO         2357    i.__NVIC_SetPriority  stm32f4xx_hal_cortex.o
    0x080030d6   0x080030d6   0x0000000e   Code   RO         4414    i.__scatterload_copy  mc_w.l(handlers.o)
    0x080030e4   0x080030e4   0x00000002   Code   RO         4415    i.__scatterload_null  mc_w.l(handlers.o)
    0x080030e6   0x080030e6   0x0000000e   Code   RO         4416    i.__scatterload_zeroinit  mc_w.l(handlers.o)
    0x080030f4   0x080030f4   0x00000018   Code   RO         3528    i.arm_stretch       my_servo.o
    0x0800310c   0x0800310c   0x00000038   Code   RO         3150    i.checkHead         scs.o
    0x08003144   0x08003144   0x00000018   Code   RO         3529    i.claw_spin_front   my_servo.o
    0x0800315c   0x0800315c   0x00000004   Code   RO         3532    i.feetech_servo_move  my_servo.o
    0x08003160   0x08003160   0x0000002c   Code   RO         3151    i.genWrite          scs.o
    0x0800318c   0x0800318c   0x00000110   Code   RO           31    i.main              main.o
    0x0800329c   0x0800329c   0x00000218   Code   RO         3722    i.move_all_direction_tim  motor.o
    0x080034b4   0x080034b4   0x00000008   Code   RO         3539    i.my_servo_init     my_servo.o
    0x080034bc   0x080034bc   0x0000000c   Code   RO         3297    i.nopDelay          scserail.o
    0x080034c8   0x080034c8   0x00000014   Code   RO         3541    i.open_claw_180     my_servo.o
    0x080034dc   0x080034dc   0x00000018   Code   RO         3547    i.put_claw_up_top   my_servo.o
    0x080034f4   0x080034f4   0x00000004   Code   RO         3298    i.rFlushSCS         scserail.o
    0x080034f8   0x080034f8   0x00000010   Code   RO         3299    i.readSCS           scserail.o
    0x08003508   0x08003508   0x00000134   Code   RO         3727    i.spin_all_direction_tim  motor.o
    0x0800363c   0x0800363c   0x0000003e   Code   RO         3732    i.stop              motor.o
    0x0800367a   0x0800367a   0x00000002   PAD
    0x0800367c   0x0800367c   0x00000038   Code   RO         3933    i.usart_SendByte_u1  my_usart.o
    0x080036b4   0x080036b4   0x0000002c   Code   RO         3934    i.usart_SendCmd_u1  my_usart.o
    0x080036e0   0x080036e0   0x00000020   Code   RO         3300    i.wFlushSCS         scserail.o
    0x08003700   0x08003700   0x0000001c   Code   RO         3552    i.whole_arm_spin    my_servo.o
    0x0800371c   0x0800371c   0x00000094   Code   RO         3164    i.writeBuf          scs.o
    0x080037b0   0x080037b0   0x00000028   Code   RO         3302    i.writeSCS          scserail.o
    0x080037d8   0x080037d8   0x00000010   Data   RO         3112    .constdata          system_stm32f4xx.o
    0x080037e8   0x080037e8   0x00000008   Data   RO         3113    .constdata          system_stm32f4xx.o
    0x080037f0   0x080037f0   0x00000020   Data   RO         4412    Region$$Table       anon$$obj.o


    Execution Region RW_IRAM1 (Exec base: 0x20000000, Load base: 0x08003810, Size: 0x00000990, Max: 0x0001c000, ABSOLUTE, COMPRESSED[0x00000078])

    Exec Addr    Load Addr    Size         Type   Attr      Idx    E Section Name        Object

    0x20000000   COMPRESSED   0x00000004   Data   RW           35    .data               main.o
    0x20000004   COMPRESSED   0x00000034   Data   RW           36    .data               main.o
    0x20000038   COMPRESSED   0x00000004   Data   RW           38    .data               main.o
    0x2000003c   COMPRESSED   0x0000000c   Data   RW         2516    .data               stm32f4xx_hal.o
    0x20000048   COMPRESSED   0x00000004   Data   RW         3114    .data               system_stm32f4xx.o
    0x2000004c   COMPRESSED   0x00000014   Data   RW         3167    .data               scs.o
    0x20000060   COMPRESSED   0x00000008   Data   RW         3304    .data               scserail.o
    0x20000068   COMPRESSED   0x00000070   Data   RW         3553    .data               my_servo.o
    0x200000d8   COMPRESSED   0x00000004   Data   RW         3734    .data               motor.o
    0x200000dc   COMPRESSED   0x00000004   Data   RW         3735    .data               motor.o
    0x200000e0   COMPRESSED   0x00000004   Data   RW         3736    .data               motor.o
    0x200000e4   COMPRESSED   0x00000004   Data   RW         3737    .data               motor.o
    0x200000e8   COMPRESSED   0x00000004   Data   RW         3742    .data               motor.o
    0x200000ec   COMPRESSED   0x00000028   Data   RW         3938    .data               my_usart.o
    0x20000114   COMPRESSED   0x0000002c   Data   RW         4030    .data               my_timer.o
    0x20000140        -       0x000000d8   Zero   RW          355    .bss                tim.o
    0x20000218        -       0x00000168   Zero   RW          416    .bss                usart.o
    0x20000380        -       0x00000080   Zero   RW         3303    .bss                scserail.o
    0x20000400        -       0x00000048   Zero   RW         3490    .bss                uart.o
    0x20000448        -       0x00000148   Zero   RW         3935    .bss                my_usart.o
    0x20000590        -       0x00000400   Zero   RW            1    STACK               startup_stm32f407xx.o


    Execution Region RW_IRAM2 (Exec base: 0x2001c000, Load base: 0x08003888, Size: 0x00000000, Max: 0x00004000, ABSOLUTE)

    **** No section assigned to this execution region ****


==============================================================================

Image component sizes


      Code (inc. data)   RO Data    RW Data    ZI Data      Debug   Object Name

       176         14          0          0          0       1051   gpio.o
       424         64          0         60          0     696454   main.o
      1060         42          0         20          0       6070   motor.o
       132         28          0        112          0       6040   my_servo.o
       520         54          0         44          0       2717   my_timer.o
      1508        176          0         40        328       8446   my_usart.o
       368         10          0         20          0       4624   scs.o
       104         24          0          8        128       3346   scserail.o
        68          0          0          0          0        717   sms_sts.o
        36          8        392          0       1024        856   startup_stm32f407xx.o
       180         28          0         12          0       9569   stm32f4xx_hal.o
       198         14          0          0          0      33939   stm32f4xx_hal_cortex.o
       182          0          0          0          0       2159   stm32f4xx_hal_dma.o
       522         46          0          0          0       2917   stm32f4xx_hal_gpio.o
        48          6          0          0          0        898   stm32f4xx_hal_msp.o
      1344         72          0          0          0       5360   stm32f4xx_hal_rcc.o
      1982        138          0          0          0      17502   stm32f4xx_hal_tim.o
       148         28          0          0          0       2565   stm32f4xx_hal_tim_ex.o
      1818         16          0          0          0      12887   stm32f4xx_hal_uart.o
       116         48          0          0          0       8230   stm32f4xx_it.o
        16          4         24          4          0       1187   system_stm32f4xx.o
       640         52          0          0        216       4026   tim.o
       148         26          0          0         72       2393   uart.o
       776         82          0          0        360       4698   usart.o

    ----------------------------------------------------------------------
     12530        980        448        320       2128     838651   Object Totals
         0          0         32          0          0          0   (incl. Generated)
        16          0          0          0          0          0   (incl. Padding)

    ----------------------------------------------------------------------

      Code (inc. data)   RO Data    RW Data    ZI Data      Debug   Library Member Name

        58          0          0          0          0          0   __dczerorl.o
         0          0          0          0          0          0   entry.o
         0          0          0          0          0          0   entry10a.o
         0          0          0          0          0          0   entry11a.o
         4          0          0          0          0          0   entry12b.o
         8          4          0          0          0          0   entry2.o
         4          0          0          0          0          0   entry5.o
         0          0          0          0          0          0   entry7b.o
         0          0          0          0          0          0   entry8b.o
         8          4          0          0          0          0   entry9a.o
        30          0          0          0          0          0   handlers.o
        36          8          0          0          0         68   init.o
         0          0          0          0          0          0   iusefp.o
        30          0          0          0          0         68   llshl.o
        36          0          0          0          0         68   llsshr.o
        32          0          0          0          0         68   llushr.o
        36          0          0          0          0        108   memseta.o
        14          0          0          0          0         68   strlen.o
        98          0          0          0          0         92   uldiv.o
        56          0          0          0          0         88   d2f.o
       334          0          0          0          0        148   dadd.o
       186          0          0          0          0        176   depilogue.o
        26          0          0          0          0         76   dfltui.o
       228          0          0          0          0         96   dmul.o
        38          0          0          0          0         68   f2d.o
       110          0          0          0          0        168   fepilogue.o

    ----------------------------------------------------------------------
      1374         16          0          0          0       1360   Library Totals
         2          0          0          0          0          0   (incl. Padding)

    ----------------------------------------------------------------------

      Code (inc. data)   RO Data    RW Data    ZI Data      Debug   Library Name

       394         16          0          0          0        540   mc_w.l
       978          0          0          0          0        820   mf_w.l

    ----------------------------------------------------------------------
      1374         16          0          0          0       1360   Library Totals

    ----------------------------------------------------------------------

==============================================================================


      Code (inc. data)   RO Data    RW Data    ZI Data      Debug   

     13904        996        448        320       2128     827723   Grand Totals
     13904        996        448        120       2128     827723   ELF Image Totals (compressed)
     13904        996        448        120          0          0   ROM Totals

==============================================================================

    Total RO  Size (Code + RO Data)                14352 (  14.02kB)
    Total RW  Size (RW Data + ZI Data)              2448 (   2.39kB)
    Total ROM Size (Code + RO Data + RW Data)      14472 (  14.13kB)

==============================================================================

