Component: ARM Compiler 5.06 update 7 (build 960) Tool: armlink [4d3601]

==============================================================================

Section Cross References

    startup_stm32f407xx.o(RESET) refers to startup_stm32f407xx.o(STACK) for __initial_sp
    startup_stm32f407xx.o(RESET) refers to startup_stm32f407xx.o(.text) for Reset_Handler
    startup_stm32f407xx.o(RESET) refers to stm32f4xx_it.o(i.NMI_Handler) for NMI_Handler
    startup_stm32f407xx.o(RESET) refers to stm32f4xx_it.o(i.HardFault_Handler) for HardFault_Handler
    startup_stm32f407xx.o(RESET) refers to stm32f4xx_it.o(i.MemManage_Handler) for MemManage_Handler
    startup_stm32f407xx.o(RESET) refers to stm32f4xx_it.o(i.BusFault_Handler) for BusFault_Handler
    startup_stm32f407xx.o(RESET) refers to stm32f4xx_it.o(i.UsageFault_Handler) for UsageFault_Handler
    startup_stm32f407xx.o(RESET) refers to stm32f4xx_it.o(i.SVC_Handler) for SVC_Handler
    startup_stm32f407xx.o(RESET) refers to stm32f4xx_it.o(i.DebugMon_Handler) for DebugMon_Handler
    startup_stm32f407xx.o(RESET) refers to stm32f4xx_it.o(i.PendSV_Handler) for PendSV_Handler
    startup_stm32f407xx.o(RESET) refers to stm32f4xx_it.o(i.SysTick_Handler) for SysTick_Handler
    startup_stm32f407xx.o(RESET) refers to stm32f4xx_it.o(i.TIM2_IRQHandler) for TIM2_IRQHandler
    startup_stm32f407xx.o(RESET) refers to stm32f4xx_it.o(i.TIM3_IRQHandler) for TIM3_IRQHandler
    startup_stm32f407xx.o(RESET) refers to stm32f4xx_it.o(i.TIM4_IRQHandler) for TIM4_IRQHandler
    startup_stm32f407xx.o(RESET) refers to stm32f4xx_it.o(i.USART1_IRQHandler) for USART1_IRQHandler
    startup_stm32f407xx.o(RESET) refers to stm32f4xx_it.o(i.USART2_IRQHandler) for USART2_IRQHandler
    startup_stm32f407xx.o(RESET) refers to stm32f4xx_it.o(i.USART3_IRQHandler) for USART3_IRQHandler
    startup_stm32f407xx.o(RESET) refers to stm32f4xx_it.o(i.UART4_IRQHandler) for UART4_IRQHandler
    startup_stm32f407xx.o(RESET) refers to stm32f4xx_it.o(i.UART5_IRQHandler) for UART5_IRQHandler
    startup_stm32f407xx.o(.text) refers to system_stm32f4xx.o(i.SystemInit) for SystemInit
    startup_stm32f407xx.o(.text) refers to entry.o(.ARM.Collect$$$$00000000) for __main
    main.o(i.HAL_UARTEx_RxEventCallback) refers to stm32f4xx_hal_uart.o(i.HAL_UARTEx_ReceiveToIdle_IT) for HAL_UARTEx_ReceiveToIdle_IT
    main.o(i.HAL_UARTEx_RxEventCallback) refers to memseta.o(.text) for __aeabi_memclr
    main.o(i.HAL_UARTEx_RxEventCallback) refers to main.o(.data) for .data
    main.o(i.HAL_UARTEx_RxEventCallback) refers to my_usart.o(.bss) for rxdata_u3
    main.o(i.HAL_UARTEx_RxEventCallback) refers to my_usart.o(.bss) for rxdata_u4
    main.o(i.HAL_UARTEx_RxEventCallback) refers to main.o(.bss) for .bss
    main.o(i.Reliable_UART_Transmit) refers to main.o(i.print_to_screen) for print_to_screen
    main.o(i.Reliable_UART_Transmit) refers to stm32f4xx_hal.o(i.HAL_Delay) for HAL_Delay
    main.o(i.Reliable_UART_Transmit) refers to stm32f4xx_hal_uart.o(i.HAL_UART_Transmit) for HAL_UART_Transmit
    main.o(i.SystemClock_Config) refers to memseta.o(.text) for __aeabi_memclr4
    main.o(i.SystemClock_Config) refers to stm32f4xx_hal_rcc.o(i.HAL_RCC_OscConfig) for HAL_RCC_OscConfig
    main.o(i.SystemClock_Config) refers to stm32f4xx_hal_rcc.o(i.HAL_RCC_ClockConfig) for HAL_RCC_ClockConfig
    main.o(i.fgetc) refers to stm32f4xx_hal_uart.o(i.HAL_UART_Receive) for HAL_UART_Receive
    main.o(i.fgetc) refers to usart.o(.bss) for huart5
    main.o(i.fputc) refers to stm32f4xx_hal_uart.o(i.HAL_UART_Transmit) for HAL_UART_Transmit
    main.o(i.fputc) refers to usart.o(.bss) for huart5
    main.o(i.main) refers to stm32f4xx_hal.o(i.HAL_Init) for HAL_Init
    main.o(i.main) refers to main.o(i.SystemClock_Config) for SystemClock_Config
    main.o(i.main) refers to gpio.o(i.MX_GPIO_Init) for MX_GPIO_Init
    main.o(i.main) refers to usart.o(i.MX_USART1_UART_Init) for MX_USART1_UART_Init
    main.o(i.main) refers to usart.o(i.MX_USART2_UART_Init) for MX_USART2_UART_Init
    main.o(i.main) refers to usart.o(i.MX_USART3_UART_Init) for MX_USART3_UART_Init
    main.o(i.main) refers to tim.o(i.MX_TIM2_Init) for MX_TIM2_Init
    main.o(i.main) refers to tim.o(i.MX_TIM3_Init) for MX_TIM3_Init
    main.o(i.main) refers to tim.o(i.MX_TIM4_Init) for MX_TIM4_Init
    main.o(i.main) refers to usart.o(i.MX_UART5_Init) for MX_UART5_Init
    main.o(i.main) refers to usart.o(i.MX_UART4_Init) for MX_UART4_Init
    main.o(i.main) refers to stm32f4xx_hal_uart.o(i.HAL_UART_Receive_IT) for HAL_UART_Receive_IT
    main.o(i.main) refers to stm32f4xx_hal_uart.o(i.HAL_UARTEx_ReceiveToIdle_IT) for HAL_UARTEx_ReceiveToIdle_IT
    main.o(i.main) refers to stm32f4xx_hal_tim.o(i.HAL_TIM_Base_Start_IT) for HAL_TIM_Base_Start_IT
    main.o(i.main) refers to stm32f4xx_hal_tim.o(i.HAL_TIM_PWM_Start) for HAL_TIM_PWM_Start
    main.o(i.main) refers to stm32f4xx_hal.o(i.HAL_Delay) for HAL_Delay
    main.o(i.main) refers to my_servo.o(i.my_servo_init) for my_servo_init
[...]
    .data                                    0x200000b0   Section        4  main.o(.data)
    .data                                    0x200000b4   Section        4  main.o(.data)
    .data                                    0x200000b8   Section        4  main.o(.data)
    .data                                    0x200000bc   Section        4  main.o(.data)
    .data                                    0x200000c0   Section        4  main.o(.data)
    .data                                    0x200000c4   Section        4  main.o(.data)
    .data                                    0x200000c8   Section        4  main.o(.data)
    .data                                    0x200000cc   Section        4  main.o(.data)
    .data                                    0x200000d0   Section        4  main.o(.data)
    .data                                    0x200000d4   Section        4  main.o(.data)
    .data                                    0x200000d8   Section        4  main.o(.data)
    .data                                    0x200000dc   Section        4  main.o(.data)
    .data                                    0x200000e0   Section        4  main.o(.data)
    .data                                    0x200000e4   Section        4  main.o(.data)
    .data                                    0x200000e8   Section        4  main.o(.data)
    .data                                    0x200000ec   Section        4  main.o(.data)
    .data                                    0x200000f0   Section        4  main.o(.data)
    .data                                    0x200000f4   Section       12  stm32f4xx_hal.o(.data)
    .data                                    0x20000100   Section        4  system_stm32f4xx.o(.data)
    .data                                    0x20000104   Section       20  scs.o(.data)
    Level                                    0x20000104   Data           1  scs.o(.data)
    End                                      0x20000105   Data           1  scs.o(.data)
    Error                                    0x20000106   Data           1  scs.o(.data)
    .data                                    0x20000118   Section        8  scserail.o(.data)
    .data                                    0x20000120   Section        4  sms_sts.o(.data)
    Err                                      0x20000120   Data           4  sms_sts.o(.data)
    .data                                    0x20000124   Section        4  my_servo.o(.data)
    .data                                    0x20000128   Section        4  my_servo.o(.data)
    .data                                    0x2000012c   Section       48  my_servo.o(.data)
    old_input_x_error                        0x20000150   Data           4  my_servo.o(.data)
    old_input_y_error                        0x20000154   Data           4  my_servo.o(.data)
    error_max                                0x20000158   Data           4  my_servo.o(.data)
    .data                                    0x2000015c   Section       32  motor.o(.data)
    .data                                    0x2000017c   Section      108  my_usart.o(.data)
    .data                                    0x200001e8   Section        4  my_usart.o(.data)
    .data                                    0x200001ec   Section        1  my_usart.o(.data)
    .data                                    0x200001f0   Section       48  my_timer.o(.data)
    .data                                    0x20000220   Section        4  my_timer.o(.data)
    .data                                    0x20000224   Section        4  stdout.o(.data)
    .bss                                     0x20000228   Section      510  main.o(.bss)
    .bss                                     0x20000428   Section      216  tim.o(.bss)
    .bss                                     0x20000500   Section      360  usart.o(.bss)
    .bss                                     0x20000668   Section      128  scserail.o(.bss)
    .bss                                     0x200006e8   Section       15  sms_sts.o(.bss)
    Mem                                      0x200006e8   Data          15  sms_sts.o(.bss)
    .bss                                     0x200006f8   Section       72  uart.o(.bss)
    .bss                                     0x20000740   Section      228  my_usart.o(.bss)
    .bss                                     0x20000824   Section       50  my_usart.o(.bss)
    STACK                                    0x20000858   Section     1024  startup_stm32f407xx.o(STACK)

    Global Symbols

    Symbol Name                              Value     Ov Type        Size  Object(Section)

    BuildAttributes$$THM_ISAv4$E$P$D$K$B$S$7EM$VFPi3$EXTD16$VFPS$VFMA$PE$A:L22UL41UL21$X:L11$S22US41US21$IEEE1$IW$USESV6$~STKCKD$USESV7$~SHL$OTIME$ROPI$EBA8$MICROLIB$REQ8$PRES8$EABIv2 0x00000000   Number         0  anon$$obj.o ABSOLUTE
    __ARM_use_no_argv                        0x00000000   Number         0  main.o ABSOLUTE
    _printf_a                                0x00000000   Number         0  stubs.o ABSOLUTE
    _printf_c                                0x00000000   Number         0  stubs.o ABSOLUTE
    _printf_charcount                        0x00000000   Number         0  stubs.o ABSOLUTE
    _printf_d                                0x00000000   Number         0  stubs.o ABSOLUTE
    _printf_e                                0x00000000   Number         0  stubs.o ABSOLUTE
    _printf_f                                0x00000000   Number         0  stubs.o ABSOLUTE
    _printf_flags                            0x00000000   Number         0  stubs.o ABSOLUTE
    _printf_fp_dec                           0x00000000   Number         0  stubs.o ABSOLUTE
    _printf_fp_hex                           0x00000000   Number         0  stubs.o ABSOLUTE
    _printf_g                                0x00000000   Number         0  stubs.o ABSOLUTE
    _printf_i                                0x00000000   Number         0  stubs.o ABSOLUTE
    _printf_int_dec                          0x00000000   Number         0  stubs.o ABSOLUTE
    _printf_l                                0x00000000   Number         0  stubs.o ABSOLUTE
    _printf_lc                               0x00000000   Number         0  stubs.o ABSOLUTE
    _printf_ll                               0x00000000   Number         0  stubs.o ABSOLUTE
    _printf_lld                              0x00000000   Number         0  stubs.o ABSOLUTE
    _printf_lli                              0x00000000   Number         0  stubs.o ABSOLUTE
    _printf_llo                              0x00000000   Number         0  stubs.o ABSOLUTE
    _printf_llu                              0x00000000   Number         0  stubs.o ABSOLUTE
    _printf_llx                              0x00000000   Number         0  stubs.o ABSOLUTE
    _printf_longlong_dec                     0x00000000   Number         0  stubs.o ABSOLUTE
    _printf_longlong_hex                     0x00000000   Number         0  stubs.o ABSOLUTE
    _printf_longlong_oct                     0x00000000   Number         0  stubs.o ABSOLUTE
    _printf_ls                               0x00000000   Number         0  stubs.o ABSOLUTE
    _printf_mbtowc                           0x00000000   Number         0  stubs.o ABSOLUTE
    _printf_n                                0x00000000   Number         0  stubs.o ABSOLUTE
    _printf_o                                0x00000000   Number         0  stubs.o ABSOLUTE
    _printf_p                                0x00000000   Number         0  stubs.o ABSOLUTE
    _printf_percent                          0x00000000   Number         0  stubs.o ABSOLUTE
    _printf_pre_padding                      0x00000000   Number         0  stubs.o ABSOLUTE
    _printf_return_value                     0x00000000   Number         0  stubs.o ABSOLUTE
    _printf_s                                0x00000000   Number         0  stubs.o ABSOLUTE
    _printf_sizespec                         0x00000000   Number         0  stubs.o ABSOLUTE
    _printf_str                              0x00000000   Number         0  stubs.o ABSOLUTE
    _printf_truncate_signed                  0x00000000   Number         0  stubs.o ABSOLUTE
    _printf_truncate_unsigned                0x00000000   Number         0  stubs.o ABSOLUTE
    _printf_u                                0x00000000   Number         0  stubs.o ABSOLUTE
    _printf_wc                               0x00000000   Number         0  stubs.o ABSOLUTE
    _printf_wctomb                           0x00000000   Number         0  stubs.o ABSOLUTE
    _printf_widthprec                        0x00000000   Number         0  stubs.o ABSOLUTE
    _printf_x                                0x00000000   Number         0  stubs.o ABSOLUTE
    __arm_fini_                               - Undefined Weak Reference
    __cpp_initialize__aeabi_                  - Undefined Weak Reference
    __cxa_finalize                            - Undefined Weak Reference
    _clock_init                               - Undefined Weak Reference
    _microlib_exit                            - Undefined Weak Reference
    __Vectors_Size                           0x00000188   Number         0  startup_stm32f407xx.o ABSOLUTE
    __Vectors                                0x08000000   Data           4  startup_stm32f407xx.o(RESET)
    __Vectors_End                            0x08000188   Data           0  startup_stm32f407xx.o(RESET)
    __main                                   0x08000189   Thumb Code     0  entry.o(.ARM.Collect$$$$00000000)
    _main_stk                                0x08000189   Thumb Code     0  entry2.o(.ARM.Collect$$$$00000001)
    _main_scatterload                        0x0800018d   Thumb Code     0  entry5.o(.ARM.Collect$$$$00000004)
    __main_after_scatterload                 0x08000191   Thumb Code     0  entry5.o(.ARM.Collect$$$$00000004)
    _main_clock                              0x08000191   Thumb Code     0  entry7b.o(.ARM.Collect$$$$00000008)
    _main_cpp_init                           0x08000191   Thumb Code     0  entry8b.o(.ARM.Collect$$$$0000000A)
    _main_init                               0x08000191   Thumb Code     0  entry9a.o(.ARM.Collect$$$$0000000B)
    __rt_lib_shutdown_fini                   0x08000199   Thumb Code     0  entry12b.o(.ARM.Collect$$$$0000000E)
    __rt_final_cpp                           0x0800019d   Thumb Code     0  entry10a.o(.ARM.Collect$$$$0000000F)
    __rt_final_exit                          0x0800019d   Thumb Code     0  entry11a.o(.ARM.Collect$$$$00000011)
    Reset_Handler                            0x080001a1   Thumb Code     8  startup_stm32f407xx.o(.text)
    ADC_IRQHandler                           0x080001bb   Thumb Code     0  startup_stm32f407xx.o(.text)
    CAN1_RX0_IRQHandler                      0x080001bb   Thumb Code     0  startup_stm32f407xx.o(.text)
    CAN1_RX1_IRQHandler                      0x080001bb   Thumb Code     0  startup_stm32f407xx.o(.text)
    CAN1_SCE_IRQHandler                      0x080001bb   Thumb Code     0  startup_stm32f407xx.o(.text)
    CAN1_TX_IRQHandler                       0x080001bb   Thumb Code     0  startup_stm32f407xx.o(.text)
    CAN2_RX0_IRQHandler                      0x080001bb   Thumb Code     0  startup_stm32f407xx.o(.text)
    CAN2_RX1_IRQHandler                      0x080001bb   Thumb Code     0  startup_stm32f407xx.o(.text)
    CAN2_SCE_IRQHandler                      0x080001bb   Thumb Code     0  startup_stm32f407xx.o(.text)
    CAN2_TX_IRQHandler                       0x080001bb   Thumb Code     0  startup_stm32f407xx.o(.text)
    DCMI_IRQHandler                          0x080001bb   Thumb Code     0  startup_stm32f407xx.o(.text)
    DMA1_Stream0_IRQHandler                  0x080001bb   Thumb Code     0  startup_stm32f407xx.o(.text)
    DMA1_Stream1_IRQHandler                  0x080001bb   Thumb Code     0  startup_stm32f407xx.o(.text)
    DMA1_Stream2_IRQHandler                  0x080001bb   Thumb Code     0  startup_stm32f407xx.o(.text)
    DMA1_Stream3_IRQHandler                  0x080001bb   Thumb Code     0  startup_stm32f407xx.o(.text)
    DMA1_Stream4_IRQHandler                  0x080001bb   Thumb Code     0  startup_stm32f407xx.o(.text)
    DMA1_Stream5_IRQHandler                  0x080001bb   Thumb Code     0  startup_stm32f407xx.o(.text)
    DMA1_Stream6_IRQHandler                  0x080001bb   Thumb Code     0  startup_stm32f407xx.o(.text)
    DMA1_Stream7_IRQHandler                  0x080001bb   Thumb Code     0  startup_stm32f407xx.o(.text)
    DMA2_Stream0_IRQHandler                  0x080001bb   Thumb Code     0  startup_stm32f407xx.o(.text)
    DMA2_Stream1_IRQHandler                  0x080001bb   Thumb Code     0  startup_stm32f407xx.o(.text)
    DMA2_Stream2_IRQHandler                  0x080001bb   Thumb Code     0  startup_stm32f407xx.o(.text)
    DMA2_Stream3_IRQHandler                  0x080001bb   Thumb Code     0  startup_stm32f407xx.o(.text)
    DMA2_Stream4_IRQHandler                  0x080001bb   Thumb Code     0  startup_stm32f407xx.o(.text)
    DMA2_Stream5_IRQHandler                  0x080001bb   Thumb Code     0  startup_stm32f407xx.o(.text)
    DMA2_Stream6_IRQHandler                  0x080001bb   Thumb Code     0  startup_stm32f407xx.o(.text)
    DMA2_Stream7_IRQHandler                  0x080001bb   Thumb Code     0  startup_stm32f407xx.o(.text)
    ETH_IRQHandler                           0x080001bb   Thumb Code     0  startup_stm32f407xx.o(.text)
    ETH_WKUP_IRQHandler                      0x080001bb   Thumb Code     0  startup_stm32f407xx.o(.text)
    EXTI0_IRQHandler                         0x080001bb   Thumb Code     0  startup_stm32f407xx.o(.text)
    EXTI15_10_IRQHandler                     0x080001bb   Thumb Code     0  startup_stm32f407xx.o(.text)
    EXTI1_IRQHandler                         0x080001bb   Thumb Code     0  startup_stm32f407xx.o(.text)
    EXTI2_IRQHandler                         0x080001bb   Thumb Code     0  startup_stm32f407xx.o(.text)
    EXTI3_IRQHandler                         0x080001bb   Thumb Code     0  startup_stm32f407xx.o(.text)
    EXTI4_IRQHandler                         0x080001bb   Thumb Code     0  startup_stm32f407xx.o(.text)
    EXTI9_5_IRQHandler                       0x080001bb   Thumb Code     0  startup_stm32f407xx.o(.text)
    FLASH_IRQHandler                         0x080001bb   Thumb Code     0  startup_stm32f407xx.o(.text)
    FMC_IRQHandler                           0x080001bb   Thumb Code     0  startup_stm32f407xx.o(.text)
    FPU_IRQHandler                           0x080001bb   Thumb Code     0  startup_stm32f407xx.o(.text)
    HASH_RNG_IRQHandler                      0x080001bb   Thumb Code     0  startup_stm32f407xx.o(.text)
    I2C1_ER_IRQHandler                       0x080001bb   Thumb Code     0  startup_stm32f407xx.o(.text)
    I2C1_EV_IRQHandler                       0x080001bb   Thumb Code     0  startup_stm32f407xx.o(.text)
    I2C2_ER_IRQHandler                       0x080001bb   Thumb Code     0  startup_stm32f407xx.o(.text)
    I2C2_EV_IRQHandler                       0x080001bb   Thumb Code     0  startup_stm32f407xx.o(.text)
    I2C3_ER_IRQHandler                       0x080001bb   Thumb Code     0  startup_stm32f407xx.o(.text)
    I2C3_EV_IRQHandler                       0x080001bb   Thumb Code     0  startup_stm32f407xx.o(.text)
    OTG_FS_IRQHandler                        0x080001bb   Thumb Code     0  startup_stm32f407xx.o(.text)
    OTG_FS_WKUP_IRQHandler                   0x080001bb   Thumb Code     0  startup_stm32f407xx.o(.text)
    OTG_HS_EP1_IN_IRQHandler                 0x080001bb   Thumb Code     0  startup_stm32f407xx.o(.text)
    OTG_HS_EP1_OUT_IRQHandler                0x080001bb   Thumb Code     0  startup_stm32f407xx.o(.text)
    OTG_HS_IRQHandler                        0x080001bb   Thumb Code     0  startup_stm32f407xx.o(.text)
    OTG_HS_WKUP_IRQHandler                   0x080001bb   Thumb Code     0  startup_stm32f407xx.o(.text)
    PVD_IRQHandler                           0x080001bb   Thumb Code     0  startup_stm32f407xx.o(.text)
    RCC_IRQHandler                           0x080001bb   Thumb Code     0  startup_stm32f407xx.o(.text)
    RTC_Alarm_IRQHandler                     0x080001bb   Thumb Code     0  startup_stm32f407xx.o(.text)
    RTC_WKUP_IRQHandler                      0x080001bb   Thumb Code     0  startup_stm32f407xx.o(.text)
    SDIO_IRQHandler                          0x080001bb   Thumb Code     0  startup_stm32f407xx.o(.text)
    SPI1_IRQHandler                          0x080001bb   Thumb Code     0  startup_stm32f407xx.o(.text)
    SPI2_IRQHandler                          0x080001bb   Thumb Code     0  startup_stm32f407xx.o(.text)
    SPI3_IRQHandler                          0x080001bb   Thumb Code     0  startup_stm32f407xx.o(.text)
    TAMP_STAMP_IRQHandler                    0x080001bb   Thumb Code     0  startup_stm32f407xx.o(.text)
    TIM1_BRK_TIM9_IRQHandler                 0x080001bb   Thumb Code     0  startup_stm32f407xx.o(.text)
    TIM1_CC_IRQHandler                       0x080001bb   Thumb Code     0  startup_stm32f407xx.o(.text)
    TIM1_TRG_COM_TIM11_IRQHandler            0x080001bb   Thumb Code     0  startup_stm32f407xx.o(.text)
    TIM1_UP_TIM10_IRQHandler                 0x080001bb   Thumb Code     0  startup_stm32f407xx.o(.text)
    TIM5_IRQHandler                          0x080001bb   Thumb Code     0  startup_stm32f407xx.o(.text)
    TIM6_DAC_IRQHandler                      0x080001bb   Thumb Code     0  startup_stm32f407xx.o(.text)
    TIM7_IRQHandler                          0x080001bb   Thumb Code     0  startup_stm32f407xx.o(.text)
    TIM8_BRK_TIM12_IRQHandler                0x080001bb   Thumb Code     0  startup_stm32f407xx.o(.text)
    TIM8_CC_IRQHandler                       0x080001bb   Thumb Code     0  startup_stm32f407xx.o(.text)
    TIM8_TRG_COM_TIM14_IRQHandler            0x080001bb   Thumb Code     0  startup_stm32f407xx.o(.text)
    TIM8_UP_TIM13_IRQHandler                 0x080001bb   Thumb Code     0  startup_stm32f407xx.o(.text)
    USART6_IRQHandler                        0x080001bb   Thumb Code     0  startup_stm32f407xx.o(.text)
    WWDG_IRQHandler                          0x080001bb   Thumb Code     0  startup_stm32f407xx.o(.text)
    __aeabi_uldivmod                         0x080001c5   Thumb Code    98  uldiv.o(.text)
    __aeabi_memset                           0x08000227   Thumb Code    14  memseta.o(.text)
    __aeabi_memset4                          0x08000227   Thumb Code     0  memseta.o(.text)
    __aeabi_memset8                          0x08000227   Thumb Code     0  memseta.o(.text)
    __aeabi_memclr                           0x08000235   Thumb Code     4  memseta.o(.text)
    __aeabi_memclr4                          0x08000235   Thumb Code     0  memseta.o(.text)
    __aeabi_memclr8                          0x08000235   Thumb Code     0  memseta.o(.text)
    _memset$wrapper                          0x08000239   Thumb Code    18  memseta.o(.text)
    strlen                                   0x0800024b   Thumb Code    14  strlen.o(.text)
    __aeabi_dadd                             0x08000259   Thumb Code   322  dadd.o(.text)
    __aeabi_dsub                             0x0800039b   Thumb Code     6  dadd.o(.text)
    __aeabi_drsub                            0x080003a1   Thumb Code     6  dadd.o(.text)
    __aeabi_dmul                             0x080003a7   Thumb Code   228  dmul.o(.text)
    __aeabi_ddiv                             0x0800048b   Thumb Code   222  ddiv.o(.text)
    __aeabi_i2d                              0x08000569   Thumb Code    34  dflti.o(.text)
    __aeabi_ui2d                             0x0800058b   Thumb Code    26  dfltui.o(.text)
    __aeabi_d2iz                             0x080005a5   Thumb Code    62  dfixi.o(.text)
    __aeabi_d2uiz                            0x080005e3   Thumb Code    50  dfixui.o(.text)
    __aeabi_f2d                              0x08000615   Thumb Code    38  f2d.o(.text)
    __aeabi_d2f                              0x0800063b   Thumb Code    56  d2f.o(.text)
    __aeabi_uidiv                            0x08000673   Thumb Code     0  uidiv.o(.text)
    __aeabi_uidivmod                         0x08000673   Thumb Code    44  uidiv.o(.text)
    __aeabi_llsl                             0x0800069f   Thumb Code    30  llshl.o(.text)
    _ll_shift_l                              0x0800069f   Thumb Code     0  llshl.o(.text)
    __aeabi_llsr                             0x080006bd   Thumb Code    32  llushr.o(.text)
    _ll_ushift_r                             0x080006bd   Thumb Code     0  llushr.o(.text)
    __aeabi_lasr                             0x080006dd   Thumb Code    36  llsshr.o(.text)
    _ll_sshift_r                             0x080006dd   Thumb Code     0  llsshr.o(.text)
    __I$use$fp                               0x08000701   Thumb Code     0  iusefp.o(.text)
    _float_round                             0x08000701   Thumb Code    18  fepilogue.o(.text)
    _float_epilogue                          0x08000713   Thumb Code    92  fepilogue.o(.text)
    _double_round                            0x0800076f   Thumb Code    30  depilogue.o(.text)
    _double_epilogue                         0x0800078d   Thumb Code   156  depilogue.o(.text)
    __scatterload                            0x08000829   Thumb Code    28  init.o(.text)
    __scatterload_rt2                        0x08000829   Thumb Code     0  init.o(.text)
    __decompress                             0x0800084d   Thumb Code     0  __dczerorl.o(.text)
    __decompress0                            0x0800084d   Thumb Code    58  __dczerorl.o(.text)
    Ack                                      0x08000889   Thumb Code    84  scs.o(i.Ack)
    BusFault_Handler                         0x080008e1   Thumb Code     2  stm32f4xx_it.o(i.BusFault_Handler)
    DebugMon_Handler                         0x080008e3   Thumb Code     2  stm32f4xx_it.o(i.DebugMon_Handler)
    Emm_V5_Pos_Control                       0x080008e5   Thumb Code    96  motor.o(i.Emm_V5_Pos_Control)
    Emm_V5_Stop_Now                          0x08000945   Thumb Code    48  motor.o(i.Emm_V5_Stop_Now)
    Emm_V5_Synchronous_motion                0x08000975   Thumb Code    44  motor.o(i.Emm_V5_Synchronous_motion)
    Emm_V5_Vel_Control                       0x080009a1   Thumb Code    62  motor.o(i.Emm_V5_Vel_Control)
    Error_Handler                            0x080009df   Thumb Code     4  main.o(i.Error_Handler)
    HAL_DMA_Abort                            0x080009e3   Thumb Code   146  stm32f4xx_hal_dma.o(i.HAL_DMA_Abort)
    HAL_DMA_Abort_IT                         0x08000a75   Thumb Code    36  stm32f4xx_hal_dma.o(i.HAL_DMA_Abort_IT)
    HAL_Delay                                0x08000a99   Thumb Code    32  stm32f4xx_hal.o(i.HAL_Delay)
    HAL_GPIO_Init                            0x08000abd   Thumb Code   450  stm32f4xx_hal_gpio.o(i.HAL_GPIO_Init)
    HAL_GPIO_TogglePin                       0x08000cad   Thumb Code    16  stm32f4xx_hal_gpio.o(i.HAL_GPIO_TogglePin)
    HAL_GPIO_WritePin                        0x08000cbd   Thumb Code    10  stm32f4xx_hal_gpio.o(i.HAL_GPIO_WritePin)
    HAL_GetTick                              0x08000cc9   Thumb Code     6  stm32f4xx_hal.o(i.HAL_GetTick)
    HAL_IncTick                              0x08000cd5   Thumb Code    12  stm32f4xx_hal.o(i.HAL_IncTick)
    HAL_Init                                 0x08000ce5   Thumb Code    48  stm32f4xx_hal.o(i.HAL_Init)
    HAL_InitTick                             0x08000d19   Thumb Code    54  stm32f4xx_hal.o(i.HAL_InitTick)
    HAL_MspInit                              0x08000d59   Thumb Code    42  stm32f4xx_hal_msp.o(i.HAL_MspInit)
    HAL_NVIC_EnableIRQ                       0x08000d89   Thumb Code    26  stm32f4xx_hal_cortex.o(i.HAL_NVIC_EnableIRQ)
    HAL_NVIC_SetPriority                     0x08000da5   Thumb Code    60  stm32f4xx_hal_cortex.o(i.HAL_NVIC_SetPriority)
    HAL_NVIC_SetPriorityGrouping             0x08000de5   Thumb Code    26  stm32f4xx_hal_cortex.o(i.HAL_NVIC_SetPriorityGrouping)
    HAL_RCC_ClockConfig                      0x08000e09   Thumb Code   288  stm32f4xx_hal_rcc.o(i.HAL_RCC_ClockConfig)
    HAL_RCC_GetPCLK1Freq                     0x08000f3d   Thumb Code    20  stm32f4xx_hal_rcc.o(i.HAL_RCC_GetPCLK1Freq)
    HAL_RCC_GetPCLK2Freq                     0x08000f5d   Thumb Code    20  stm32f4xx_hal_rcc.o(i.HAL_RCC_GetPCLK2Freq)
    HAL_RCC_GetSysClockFreq                  0x08000f7d   Thumb Code    88  stm32f4xx_hal_rcc.o(i.HAL_RCC_GetSysClockFreq)
    HAL_RCC_OscConfig                        0x08000fdd   Thumb Code   856  stm32f4xx_hal_rcc.o(i.HAL_RCC_OscConfig)
    HAL_SYSTICK_Config                       0x08001349   Thumb Code    40  stm32f4xx_hal_cortex.o(i.HAL_SYSTICK_Config)
    HAL_TIMEx_BreakCallback                  0x08001371   Thumb Code     2  stm32f4xx_hal_tim_ex.o(i.HAL_TIMEx_BreakCallback)
    HAL_TIMEx_CommutCallback                 0x08001373   Thumb Code     2  stm32f4xx_hal_tim_ex.o(i.HAL_TIMEx_CommutCallback)
    HAL_TIMEx_MasterConfigSynchronization    0x08001375   Thumb Code   116  stm32f4xx_hal_tim_ex.o(i.HAL_TIMEx_MasterConfigSynchronization)
    HAL_TIM_Base_Init                        0x08001405   Thumb Code    90  stm32f4xx_hal_tim.o(i.HAL_TIM_Base_Init)
    HAL_TIM_Base_MspInit                     0x08001461   Thumb Code   122  tim.o(i.HAL_TIM_Base_MspInit)
    HAL_TIM_Base_Start_IT                    0x080014e9   Thumb Code   100  stm32f4xx_hal_tim.o(i.HAL_TIM_Base_Start_IT)
    HAL_TIM_ConfigClockSource                0x08001569   Thumb Code   220  stm32f4xx_hal_tim.o(i.HAL_TIM_ConfigClockSource)
    HAL_TIM_IC_CaptureCallback               0x08001645   Thumb Code     2  stm32f4xx_hal_tim.o(i.HAL_TIM_IC_CaptureCallback)
    HAL_TIM_IRQHandler                       0x08001647   Thumb Code   304  stm32f4xx_hal_tim.o(i.HAL_TIM_IRQHandler)
    HAL_TIM_MspPostInit                      0x08001779   Thumb Code    70  tim.o(i.HAL_TIM_MspPostInit)
    HAL_TIM_OC_DelayElapsedCallback          0x080017cd   Thumb Code     2  stm32f4xx_hal_tim.o(i.HAL_TIM_OC_DelayElapsedCallback)
    HAL_TIM_PWM_ConfigChannel                0x080017cf   Thumb Code   204  stm32f4xx_hal_tim.o(i.HAL_TIM_PWM_ConfigChannel)
    HAL_TIM_PWM_Init                         0x0800189b   Thumb Code    90  stm32f4xx_hal_tim.o(i.HAL_TIM_PWM_Init)
    HAL_TIM_PWM_MspInit                      0x080018f5   Thumb Code     2  stm32f4xx_hal_tim.o(i.HAL_TIM_PWM_MspInit)
    HAL_TIM_PWM_PulseFinishedCallback        0x080018f7   Thumb Code     2  stm32f4xx_hal_tim.o(i.HAL_TIM_PWM_PulseFinishedCallback)
    HAL_TIM_PWM_Start                        0x080018f9   Thumb Code   172  stm32f4xx_hal_tim.o(i.HAL_TIM_PWM_Start)
    HAL_TIM_PeriodElapsedCallback            0x080019c1   Thumb Code   454  my_timer.o(i.HAL_TIM_PeriodElapsedCallback)
    HAL_TIM_TriggerCallback                  0x08001bad   Thumb Code     2  stm32f4xx_hal_tim.o(i.HAL_TIM_TriggerCallback)
    HAL_UARTEx_ReceiveToIdle_IT              0x08001baf   Thumb Code    78  stm32f4xx_hal_uart.o(i.HAL_UARTEx_ReceiveToIdle_IT)
    HAL_UARTEx_RxEventCallback               0x08001bfd   Thumb Code    80  main.o(i.HAL_UARTEx_RxEventCallback)
    HAL_UART_ErrorCallback                   0x08001c65   Thumb Code     2  stm32f4xx_hal_uart.o(i.HAL_UART_ErrorCallback)
    HAL_UART_IRQHandler                      0x08001c69   Thumb Code   618  stm32f4xx_hal_uart.o(i.HAL_UART_IRQHandler)
    HAL_UART_Init                            0x08001ed9   Thumb Code   100  stm32f4xx_hal_uart.o(i.HAL_UART_Init)
    HAL_UART_MspInit                         0x08001f3d   Thumb Code   454  usart.o(i.HAL_UART_MspInit)
    HAL_UART_Receive                         0x0800212d   Thumb Code   176  stm32f4xx_hal_uart.o(i.HAL_UART_Receive)
    HAL_UART_Receive_IT                      0x080021dd   Thumb Code    28  stm32f4xx_hal_uart.o(i.HAL_UART_Receive_IT)
    HAL_UART_RxCpltCallback                  0x080021f9   Thumb Code     2  stm32f4xx_hal_uart.o(i.HAL_UART_RxCpltCallback)
    HAL_UART_Transmit                        0x080021fb   Thumb Code   160  stm32f4xx_hal_uart.o(i.HAL_UART_Transmit)
    HAL_UART_TxCpltCallback                  0x0800229b   Thumb Code     2  stm32f4xx_hal_uart.o(i.HAL_UART_TxCpltCallback)
    HardFault_Handler                        0x0800229d   Thumb Code     2  stm32f4xx_it.o(i.HardFault_Handler)
    Host2SCS                                 0x080022a1   Thumb Code    26  scs.o(i.Host2SCS)
    MX_GPIO_Init                             0x080022c1   Thumb Code   162  gpio.o(i.MX_GPIO_Init)
    MX_TIM2_Init                             0x08002371   Thumb Code   102  tim.o(i.MX_TIM2_Init)
    MX_TIM3_Init                             0x080023dd   Thumb Code   100  tim.o(i.MX_TIM3_Init)
    MX_TIM4_Init                             0x08002449   Thumb Code   194  tim.o(i.MX_TIM4_Init)
    MX_UART4_Init                            0x08002515   Thumb Code    48  usart.o(i.MX_UART4_Init)
    MX_UART5_Init                            0x0800254d   Thumb Code    48  usart.o(i.MX_UART5_Init)
    MX_USART1_UART_Init                      0x08002585   Thumb Code    48  usart.o(i.MX_USART1_UART_Init)
    MX_USART2_UART_Init                      0x080025bd   Thumb Code    48  usart.o(i.MX_USART2_UART_Init)
    MX_USART3_UART_Init                      0x080025f5   Thumb Code    48  usart.o(i.MX_USART3_UART_Init)
    MemManage_Handler                        0x0800262d   Thumb Code     2  stm32f4xx_it.o(i.MemManage_Handler)
    NMI_Handler                              0x0800262f   Thumb Code     2  stm32f4xx_it.o(i.NMI_Handler)
    PendSV_Handler                           0x08002631   Thumb Code     2  stm32f4xx_it.o(i.PendSV_Handler)
    Read                                     0x08002635   Thumb Code   154  scs.o(i.Read)
    ReadPos                                  0x080026d5   Thumb Code    60  sms_sts.o(i.ReadPos)
    Reliable_UART_Transmit                   0x08002719   Thumb Code    60  main.o(i.Reliable_UART_Transmit)
    SCS2Host                                 0x0800275d   Thumb Code    20  scs.o(i.SCS2Host)
    SVC_Handler                              0x08002775   Thumb Code     2  stm32f4xx_it.o(i.SVC_Handler)
    SysTick_Handler                          0x08002777   Thumb Code     4  stm32f4xx_it.o(i.SysTick_Handler)
    SystemClock_Config                       0x0800277d   Thumb Code   138  main.o(i.SystemClock_Config)
    SystemInit                               0x08002811   Thumb Code    12  system_stm32f4xx.o(i.SystemInit)
    TIM2_IRQHandler                          0x08002821   Thumb Code     6  stm32f4xx_it.o(i.TIM2_IRQHandler)
    TIM3_IRQHandler                          0x0800282d   Thumb Code     6  stm32f4xx_it.o(i.TIM3_IRQHandler)
    TIM4_IRQHandler                          0x08002839   Thumb Code     6  stm32f4xx_it.o(i.TIM4_IRQHandler)
    TIM_Base_SetConfig                       0x08002845   Thumb Code   170  stm32f4xx_hal_tim.o(i.TIM_Base_SetConfig)
    TIM_CCxChannelCmd                        0x0800291d   Thumb Code    26  stm32f4xx_hal_tim.o(i.TIM_CCxChannelCmd)
    TIM_ETR_SetConfig                        0x08002937   Thumb Code    20  stm32f4xx_hal_tim.o(i.TIM_ETR_SetConfig)
    TIM_OC2_SetConfig                        0x080029bd   Thumb Code    98  stm32f4xx_hal_tim.o(i.TIM_OC2_SetConfig)
    UART4_IRQHandler                         0x08002b29   Thumb Code     6  stm32f4xx_it.o(i.UART4_IRQHandler)
    UART5_IRQHandler                         0x08002b35   Thumb Code     6  stm32f4xx_it.o(i.UART5_IRQHandler)
    UART_Start_Receive_IT                    0x08002d6d   Thumb Code    54  stm32f4xx_hal_uart.o(i.UART_Start_Receive_IT)
    UART_handle_function_3                   0x08002e15   Thumb Code     4  my_usart.o(i.UART_handle_function_3)
    UART_handle_function_4                   0x08002e19   Thumb Code     2  my_usart.o(i.UART_handle_function_4)
    UART_receive_process_3                   0x08002e1d   Thumb Code  2196  my_usart.o(i.UART_receive_process_3)
    USART1_IRQHandler                        0x08003709   Thumb Code     6  stm32f4xx_it.o(i.USART1_IRQHandler)
    USART2_IRQHandler                        0x08003715   Thumb Code     6  stm32f4xx_it.o(i.USART2_IRQHandler)
    USART3_IRQHandler                        0x08003721   Thumb Code     6  stm32f4xx_it.o(i.USART3_IRQHandler)
    Uart_Init                                0x0800372d   Thumb Code    82  uart.o(i.Uart_Init)
    Uart_Read                                0x0800378d   Thumb Code    26  uart.o(i.Uart_Read)
    Uart_Send                                0x080037ad   Thumb Code    14  uart.o(i.Uart_Send)
    UsageFault_Handler                       0x080037c1   Thumb Code     2  stm32f4xx_it.o(i.UsageFault_Handler)
    WritePosEx                               0x080037c3   Thumb Code    68  sms_sts.o(i.WritePosEx)
    __0printf$3                              0x08003809   Thumb Code    22  printf3.o(i.__0printf$3)
    __1printf$3                              0x08003809   Thumb Code     0  printf3.o(i.__0printf$3)
    __2printf                                0x08003809   Thumb Code     0  printf3.o(i.__0printf$3)
    __0sprintf$3                             0x08003829   Thumb Code    34  printf3.o(i.__0sprintf$3)
    __1sprintf$3                             0x08003829   Thumb Code     0  printf3.o(i.__0sprintf$3)
    __2sprintf                               0x08003829   Thumb Code     0  printf3.o(i.__0sprintf$3)
    __scatterload_copy                       0x08003871   Thumb Code    14  handlers.o(i.__scatterload_copy)
    __scatterload_null                       0x0800387f   Thumb Code     2  handlers.o(i.__scatterload_null)
    __scatterload_zeroinit                   0x08003881   Thumb Code    14  handlers.o(i.__scatterload_zeroinit)
    adjust_plate                             0x08003a53   Thumb Code     4  my_servo.o(i.adjust_plate)
    adjust_position_with_camera              0x08003a59   Thumb Code   448  my_servo.o(i.adjust_position_with_camera)
    arm_shrink                               0x08003c4d   Thumb Code    26  my_servo.o(i.arm_shrink)
    arm_stretch                              0x08003c6d   Thumb Code    40  my_servo.o(i.arm_stretch)
    checkHead                                0x08003c99   Thumb Code    56  scs.o(i.checkHead)
    claw_spin_front                          0x08003cd1   Thumb Code    52  my_servo.o(i.claw_spin_front)
    claw_spin_state                          0x08003d1d   Thumb Code    50  my_servo.o(i.claw_spin_state)
    claw_spin_state_without_claw             0x08003d69   Thumb Code    16  my_servo.o(i.claw_spin_state_without_claw)
    clear_motor_error                        0x08003d79   Thumb Code    58  motor.o(i.clear_motor_error)
    close_claw                               0x08003de1   Thumb Code    10  my_servo.o(i.close_claw)
    feetech_servo_move                       0x08003df1   Thumb Code     4  my_servo.o(i.feetech_servo_move)
    fputc                                    0x08003df5   Thumb Code    20  main.o(i.fputc)
    genWrite                                 0x08003e0d   Thumb Code    44  scs.o(i.genWrite)
    get_and_load_openloop                    0x08003e39   Thumb Code   510  my_servo.o(i.get_and_load_openloop)
    get_and_pre_put                          0x08004045   Thumb Code   332  my_servo.o(i.get_and_pre_put)
    get_clk                                  0x0800419d   Thumb Code    26  motor.o(i.get_clk)
    get_distance_time                        0x080041c1   Thumb Code    30  motor.o(i.get_distance_time)
    main                                     0x080041e9   Thumb Code  2276  main.o(i.main)
    move_all_direction_position              0x08004acd   Thumb Code   770  motor.o(i.move_all_direction_position)
    move_all_direction_position_delay        0x08004dd5   Thumb Code   220  motor.o(i.move_all_direction_position_delay)
    move_all_direction_tim                   0x08004eb9   Thumb Code   536  motor.o(i.move_all_direction_tim)
    my_servo_init                            0x080050d1   Thumb Code     8  my_servo.o(i.my_servo_init)
    new_get_and_put_in_spin_plate_cricle_all_v2 0x080050d9   Thumb Code   118  main.o(i.new_get_and_put_in_spin_plate_cricle_all_v2)
    new_get_and_put_spin_plate               0x08005165   Thumb Code   142  my_servo.o(i.new_get_and_put_spin_plate)
    nopDelay                                 0x080051f9   Thumb Code    12  scserail.o(i.nopDelay)
    old_get_from_plate_all_movement          0x08005205   Thumb Code   442  main.o(i.old_get_from_plate_all_movement)
    old_material_get_and_put_some_with_load_first 0x080053e5   Thumb Code   398  main.o(i.old_material_get_and_put_some_with_load_first)
    open_claw                                0x080055a1   Thumb Code    10  my_servo.o(i.open_claw)
    open_claw_180                            0x080055b1   Thumb Code    10  my_servo.o(i.open_claw_180)
    open_claw_bigger                         0x080055c1   Thumb Code    10  my_servo.o(i.open_claw_bigger)
    print_clear_screen                       0x080055d1   Thumb Code    48  main.o(i.print_clear_screen)
    print_show_origin_data                   0x0800563d   Thumb Code   334  main.o(i.print_show_origin_data)
    print_to_screen                          0x0800581d   Thumb Code    34  main.o(i.print_to_screen)
    put_claw_down                            0x08005855   Thumb Code    16  my_servo.o(i.put_claw_down)
    put_claw_down_ground                     0x08005865   Thumb Code    16  my_servo.o(i.put_claw_down_ground)
    put_claw_down_ground_slightly            0x08005875   Thumb Code    16  my_servo.o(i.put_claw_down_ground_slightly)
    put_claw_down_near_ground                0x08005885   Thumb Code    16  my_servo.o(i.put_claw_down_near_ground)
    put_claw_down_pile                       0x08005895   Thumb Code    16  my_servo.o(i.put_claw_down_pile)
    put_claw_down_state                      0x080058a5   Thumb Code    16  my_servo.o(i.put_claw_down_state)
    put_claw_up                              0x080058b5   Thumb Code    16  my_servo.o(i.put_claw_up)
    put_claw_up_top                          0x080058c5   Thumb Code    16  my_servo.o(i.put_claw_up_top)
    rFlushSCS                                0x080058d5   Thumb Code     4  scserail.o(i.rFlushSCS)
    readSCS                                  0x080058d9   Thumb Code    10  scserail.o(i.readSCS)
    readWord                                 0x080058e9   Thumb Code    36  scs.o(i.readWord)
    servo_move_with_limit                    0x0800590d   Thumb Code   164  my_servo.o(i.servo_move_with_limit)
    single_line_adjust                       0x080059dd   Thumb Code   110  main.o(i.single_line_adjust)
    single_line_circle_adjust                0x08005a5d   Thumb Code   112  main.o(i.single_line_circle_adjust)
    slight_spin_and_move                     0x08005add   Thumb Code  1718  motor.o(i.slight_spin_and_move)
    spin_all_direction_tim                   0x0800619d   Thumb Code   302  motor.o(i.spin_all_direction_tim)
    spin_right                               0x080062d1   Thumb Code   206  motor.o(i.spin_right)
    spin_right_180                           0x080063c1   Thumb Code   136  motor.o(i.spin_right_180)
    spin_right_90                            0x0800644d   Thumb Code   136  motor.o(i.spin_right_90)
    state_spin                               0x080064d9   Thumb Code    30  my_servo.o(i.state_spin)
    state_spin_without_claw                  0x080064fd   Thumb Code    30  my_servo.o(i.state_spin_without_claw)
    stop                                     0x08006521   Thumb Code    62  motor.o(i.stop)
    usart_SendByte_u1                        0x08006561   Thumb Code    50  my_usart.o(i.usart_SendByte_u1)
    usart_SendCmd_u1                         0x08006599   Thumb Code    44  my_usart.o(i.usart_SendCmd_u1)
    wFlushSCS                                0x080065c5   Thumb Code    22  scserail.o(i.wFlushSCS)
    whole_arm_spin                           0x080065e5   Thumb Code    30  my_servo.o(i.whole_arm_spin)
    writeBuf                                 0x08006609   Thumb Code   148  scs.o(i.writeBuf)
    writeSCS                                 0x0800669d   Thumb Code    32  scserail.o(i.writeSCS)
    Kp_slight_move                           0x080066c4   Data           4  main.o(.constdata)
    Ki_slight_move                           0x080066c8   Data           4  main.o(.constdata)
    Kd_slight_move                           0x080066cc   Data           4  main.o(.constdata)
    Kp_line_spin                             0x080066d0   Data           4  main.o(.constdata)
    Ki_line_spin                             0x080066d4   Data           4  main.o(.constdata)
    Kd_line_spin                             0x080066d8   Data           4  main.o(.constdata)
    xy_move_k                                0x080066dc   Data           4  main.o(.constdata)
    adjust_spin_scale                        0x080066e0   Data           4  main.o(.constdata)
    adjust_move_scale                        0x080066e4   Data           4  main.o(.constdata)
    spin_limit_max                           0x080066e8   Data           4  main.o(.constdata)
    spin_limit_min                           0x080066ec   Data           4  main.o(.constdata)
    move_limit_max                           0x080066f0   Data           4  main.o(.constdata)
    move_limit_min                           0x080066f4   Data           4  main.o(.constdata)
    Kp_theta                                 0x080066f8   Data           4  main.o(.constdata)
    Ki_theta                                 0x080066fc   Data           4  main.o(.constdata)
    Kd_theta                                 0x08006700   Data           4  main.o(.constdata)
    Kp_r                                     0x08006704   Data           4  main.o(.constdata)
    Ki_r                                     0x08006708   Data           4  main.o(.constdata)
    Kd_r                                     0x0800670c   Data           4  main.o(.constdata)
    pixel_to_distance_theta                  0x08006710   Data           4  main.o(.constdata)
    pixel_to_distance_r                      0x08006714   Data           4  main.o(.constdata)
    x_plate_k                                0x08006718   Data           4  main.o(.constdata)
    y_plate_k                                0x0800671c   Data           4  main.o(.constdata)
    AHBPrescTable                            0x08006720   Data          16  system_stm32f4xx.o(.constdata)
    APBPrescTable                            0x08006730   Data           8  system_stm32f4xx.o(.constdata)
    middle_arm                               0x08006738   Data           4  my_servo.o(.constdata)
    stretch_arm                              0x0800673c   Data           4  my_servo.o(.constdata)
    Region$$Table$$Base                      0x08006740   Number         0  anon$$obj.o(Region$$Table)
    Region$$Table$$Limit                     0x08006760   Number         0  anon$$obj.o(Region$$Table)
    start                                    0x20000000   Data           4  main.o(.data)
    is_get_material_from_temp_area           0x20000004   Data           4  main.o(.data)
    is_single_route_test                     0x20000008   Data           4  main.o(.data)
    is_show_origin_xy_data                   0x2000000c   Data           4  main.o(.data)
    open_loop_x_move_velocity                0x20000010   Data           4  main.o(.data)
    open_loop_move_velocity                  0x20000014   Data           4  main.o(.data)
    open_loop_spin_velocity                  0x20000018   Data           4  main.o(.data)
    acceleration                             0x2000001c   Data           4  main.o(.data)
    acceleration_spin                        0x20000020   Data           4  main.o(.data)
    adjust_position_with_camera_time         0x20000024   Data           4  main.o(.data)
    timeout_limit                            0x20000028   Data           4  main.o(.data)
    timeout_limit_line                       0x2000002c   Data           4  main.o(.data)
    is_wifi_already_get_message              0x20000030   Data           4  main.o(.data)
    is_raspi_get_massage                     0x20000034   Data           4  main.o(.data)
    print_screen_buffer_index_xy             0x20000038   Data           4  main.o(.data)
    is_start_get_plate                       0x2000003c   Data           4  main.o(.data)
    start_check_plate_back_state             0x20000040   Data           4  main.o(.data)
    get_plate                                0x20000044   Data           4  main.o(.data)
    is_adjust_plate_servo                    0x20000048   Data           4  main.o(.data)
    get_plate_count                          0x2000004c   Data           4  main.o(.data)
    is_adjust_motor_in_tim                   0x20000050   Data           4  main.o(.data)
    is_1_get                                 0x20000054   Data           4  main.o(.data)
    is_2_get                                 0x20000058   Data           4  main.o(.data)
    is_3_get                                 0x2000005c   Data           4  main.o(.data)
    is_get_empty                             0x20000060   Data           4  main.o(.data)
    start_judge_empty                        0x20000064   Data           4  main.o(.data)
    is_get_empty_finish                      0x20000068   Data           4  main.o(.data)
    is_servo_adjust                          0x2000006c   Data           4  main.o(.data)
    servo_adjust_status                      0x20000070   Data           4  main.o(.data)
    is_third_preput                          0x20000074   Data           4  main.o(.data)
    is_put_material_in_plate                 0x20000078   Data           4  main.o(.data)
    is_put_plate                             0x2000007c   Data           4  main.o(.data)
    target_colour                            0x2000008c   Data          24  main.o(.data)
    default_material_order                   0x200000a4   Data          12  main.o(.data)
    motor_vel_adjust_with_spin               0x200000b0   Data           4  main.o(.data)
    acceleration_adjust                      0x200000b4   Data           4  main.o(.data)
    motor_pos_move_mode                      0x200000b8   Data           4  main.o(.data)
    is_find_circle                           0x200000bc   Data           4  main.o(.data)
    is_get_qrcode_target                     0x200000c0   Data           4  main.o(.data)
    is_get_massage                           0x200000c4   Data           4  main.o(.data)
    x_plate_error_with_put                   0x200000c8   Data           4  main.o(.data)
    y_plate_error_with_put                   0x200000cc   Data           4  main.o(.data)
    is_adjust_plate_with_put                 0x200000d0   Data           4  main.o(.data)
    is_plate_with_put_ok_1                   0x200000d4   Data           4  main.o(.data)
    is_plate_with_put_ok_2                   0x200000d8   Data           4  main.o(.data)
    is_plate_with_put_ok_3                   0x200000dc   Data           4  main.o(.data)
    test_raspi_communication_start           0x200000e0   Data           4  main.o(.data)
    test_raspi_communication_status          0x200000e4   Data           4  main.o(.data)
    is_plate_first_move                      0x200000e8   Data           4  main.o(.data)
    test_is_uart_message_lost                0x200000ec   Data           4  main.o(.data)
    uart_data                                0x200000f0   Data           4  main.o(.data)
    uwTickFreq                               0x200000f4   Data           1  stm32f4xx_hal.o(.data)
    uwTickPrio                               0x200000f8   Data           4  stm32f4xx_hal.o(.data)
    uwTick                                   0x200000fc   Data           4  stm32f4xx_hal.o(.data)
    SystemCoreClock                          0x20000100   Data           4  system_stm32f4xx.o(.data)
    syncReadRxPacketIndex                    0x20000107   Data           1  scs.o(.data)
    syncReadRxPacketLen                      0x20000108   Data           1  scs.o(.data)
    syncReadRxBuffLen                        0x2000010a   Data           2  scs.o(.data)
    syncReadRxBuffMax                        0x2000010c   Data           2  scs.o(.data)
    syncReadRxPacket                         0x20000110   Data           4  scs.o(.data)
    syncReadRxBuff                           0x20000114   Data           4  scs.o(.data)
    wLen                                     0x20000118   Data           1  scserail.o(.data)
    IOTimeOut                                0x2000011c   Data           4  scserail.o(.data)
    x_plate_error                            0x20000124   Data           4  my_servo.o(.data)
    y_plate_error                            0x20000128   Data           4  my_servo.o(.data)
    x_camera_error                           0x2000012c   Data           4  my_servo.o(.data)
    y_camera_error                           0x20000130   Data           4  my_servo.o(.data)
    r_servo_now                              0x20000134   Data           4  my_servo.o(.data)
    theta_servo_now                          0x20000138   Data           4  my_servo.o(.data)
    x_error_last                             0x2000013c   Data           4  my_servo.o(.data)
    y_error_last                             0x20000140   Data           4  my_servo.o(.data)
    x_error_long_last                        0x20000144   Data           4  my_servo.o(.data)
    y_error_long_last                        0x20000148   Data           4  my_servo.o(.data)
    UART_count                               0x2000014c   Data           4  my_servo.o(.data)
    x_move_position                          0x2000015c   Data           4  motor.o(.data)
    y_move_position                          0x20000160   Data           4  motor.o(.data)
    spin_which_direction                     0x20000164   Data           4  motor.o(.data)
    motor_vel_target_1                       0x20000168   Data           4  motor.o(.data)
    motor_vel_target_2                       0x2000016c   Data           4  motor.o(.data)
    motor_vel_target_3                       0x20000170   Data           4  motor.o(.data)
    motor_vel_target_4                       0x20000174   Data           4  motor.o(.data)
    min_motor_velocity                       0x20000178   Data           4  motor.o(.data)
    rxflag_u2                                0x2000017c   Data           1  my_usart.o(.data)
    rxflag_u3                                0x2000017d   Data           1  my_usart.o(.data)
    rxflag_u1                                0x2000017e   Data           1  my_usart.o(.data)
    rxflag_u5                                0x2000017f   Data           1  my_usart.o(.data)
    test_slight_move                         0x20000180   Data           4  my_usart.o(.data)
    x_err_1                                  0x20000184   Data           4  my_usart.o(.data)
    x_err_2                                  0x20000188   Data           4  my_usart.o(.data)
    x_err_3                                  0x2000018c   Data           4  my_usart.o(.data)
    y_err_1                                  0x20000190   Data           4  my_usart.o(.data)
    y_err_2                                  0x20000194   Data           4  my_usart.o(.data)
    y_err_3                                  0x20000198   Data           4  my_usart.o(.data)
    pos_motor_1                              0x2000019c   Data           4  my_usart.o(.data)
    pos_motor_2                              0x200001a0   Data           4  my_usart.o(.data)
    pos_motor_3                              0x200001a4   Data           4  my_usart.o(.data)
    pos_motor_4                              0x200001a8   Data           4  my_usart.o(.data)
    angle_motor_1                            0x200001ac   Data           4  my_usart.o(.data)
    angle_motor_2                            0x200001b0   Data           4  my_usart.o(.data)
    angle_motor_3                            0x200001b4   Data           4  my_usart.o(.data)
    angle_motor_4                            0x200001b8   Data           4  my_usart.o(.data)
    vel_1                                    0x200001bc   Data           4  my_usart.o(.data)
    vel_2                                    0x200001c0   Data           4  my_usart.o(.data)
    vel_3                                    0x200001c4   Data           4  my_usart.o(.data)
    vel_4                                    0x200001c8   Data           4  my_usart.o(.data)
    motor_vel_1                              0x200001cc   Data           4  my_usart.o(.data)
    motor_vel_2                              0x200001d0   Data           4  my_usart.o(.data)
    motor_vel_3                              0x200001d4   Data           4  my_usart.o(.data)
    motor_vel_4                              0x200001d8   Data           4  my_usart.o(.data)
    line_spin_error_1                        0x200001dc   Data           4  my_usart.o(.data)
    line_spin_error_2                        0x200001e0   Data           4  my_usart.o(.data)
    temp_spin_which_direction                0x200001e4   Data           4  my_usart.o(.data)
    line_spin_error_3                        0x200001e8   Data           4  my_usart.o(.data)
    received_rxdata_u5                       0x200001ec   Data           1  my_usart.o(.data)
    tim3_count                               0x200001f0   Data           4  my_timer.o(.data)
    tim2_count                               0x200001f4   Data           4  my_timer.o(.data)
    tim2_count_2                             0x200001f8   Data           4  my_timer.o(.data)
    is_slight_spin                           0x200001fc   Data           4  my_timer.o(.data)
    is_slight_move                           0x20000200   Data           4  my_timer.o(.data)
    motor_state                              0x20000204   Data           4  my_timer.o(.data)
    is_motor_start_move                      0x20000208   Data           4  my_timer.o(.data)
    is_motor_moving                          0x2000020c   Data           4  my_timer.o(.data)
    send_motor_message_flag                  0x20000210   Data           4  my_timer.o(.data)
    motor_moving_timecount                   0x20000214   Data           4  my_timer.o(.data)
    calculate_motor_move_time                0x20000218   Data           4  my_timer.o(.data)
    acceleration_adjust_motor                0x2000021c   Data           4  my_timer.o(.data)
    is_slight_spin_and_move                  0x20000220   Data           4  my_timer.o(.data)
    __stdout                                 0x20000224   Data           4  stdout.o(.data)
    material_place                           0x20000228   Data          12  main.o(.bss)
    theta_servo_value                        0x20000234   Data          16  main.o(.bss)
    r_servo_value                            0x20000244   Data          16  main.o(.bss)
    wifi_massage                             0x20000254   Data          50  main.o(.bss)
    print_screen_buffer_xy                   0x20000286   Data         400  main.o(.bss)
    target_colour_str                        0x20000416   Data          16  main.o(.bss)
    htim2                                    0x20000428   Data          72  tim.o(.bss)
    htim3                                    0x20000470   Data          72  tim.o(.bss)
    htim4                                    0x200004b8   Data          72  tim.o(.bss)
    huart4                                   0x20000500   Data          72  usart.o(.bss)
    huart5                                   0x20000548   Data          72  usart.o(.bss)
    huart1                                   0x20000590   Data          72  usart.o(.bss)
    huart2                                   0x200005d8   Data          72  usart.o(.bss)
    huart3                                   0x20000620   Data          72  usart.o(.bss)
    wBuf                                     0x20000668   Data         128  scserail.o(.bss)
    UART_InitStructure                       0x200006f8   Data          72  uart.o(.bss)
    rxdata_u2                                0x20000740   Data          50  my_usart.o(.bss)
    rxdata_u3                                0x20000772   Data          50  my_usart.o(.bss)
    rxdata_u1                                0x200007a4   Data         128  my_usart.o(.bss)
    rxdata_u4                                0x20000824   Data          50  my_usart.o(.bss)
    __initial_sp                             0x20000c58   Data           0  startup_stm32f407xx.o(STACK)



==============================================================================

Memory Map of the image

  Image Entry point : 0x08000189

  Load Region LR_IROM1 (Base: 0x08000000, Size: 0x00006988, Max: 0x00080000, ABSOLUTE, COMPRESSED[0x000067b4])

    Execution Region ER_IROM1 (Exec base: 0x08000000, Load base: 0x08000000, Size: 0x00006760, Max: 0x00080000, ABSOLUTE)

    Exec Addr    Load Addr    Size         Type   Attr      Idx    E Section Name        Object

    0x08000000   0x08000000   0x00000188   Data   RO            3    RESET               startup_stm32f407xx.o
    0x08000188   0x08000188   0x00000000   Code   RO         4451  * .ARM.Collect$$$$00000000  mc_w.l(entry.o)
    0x08000188   0x08000188   0x00000004   Code   RO         4771    .ARM.Collect$$$$00000001  mc_w.l(entry2.o)
    0x0800018c   0x0800018c   0x00000004   Code   RO         4774    .ARM.Collect$$$$00000004  mc_w.l(entry5.o)
    0x08000190   0x08000190   0x00000000   Code   RO         4776    .ARM.Collect$$$$00000008  mc_w.l(entry7b.o)
    0x08000190   0x08000190   0x00000000   Code   RO         4778    .ARM.Collect$$$$0000000A  mc_w.l(entry8b.o)
    0x08000190   0x08000190   0x00000008   Code   RO         4779    .ARM.Collect$$$$0000000B  mc_w.l(entry9a.o)
    0x08000198   0x08000198   0x00000004   Code   RO         4786    .ARM.Collect$$$$0000000E  mc_w.l(entry12b.o)
    0x0800019c   0x0800019c   0x00000000   Code   RO         4781    .ARM.Collect$$$$0000000F  mc_w.l(entry10a.o)
    0x0800019c   0x0800019c   0x00000000   Code   RO         4783    .ARM.Collect$$$$00000011  mc_w.l(entry11a.o)
    0x0800019c   0x0800019c   0x00000004   Code   RO         4772    .ARM.Collect$$$$00002712  mc_w.l(entry2.o)
    0x080001a0   0x080001a0   0x00000024   Code   RO            4    .text               startup_stm32f407xx.o
    0x080001c4   0x080001c4   0x00000062   Code   RO         4454    .text               mc_w.l(uldiv.o)
    0x08000226   0x08000226   0x00000024   Code   RO         4458    .text               mc_w.l(memseta.o)
    0x0800024a   0x0800024a   0x0000000e   Code   RO         4460    .text               mc_w.l(strlen.o)
    0x08000258   0x08000258   0x0000014e   Code   RO         4753    .text               mf_w.l(dadd.o)
    0x080003a6   0x080003a6   0x000000e4   Code   RO         4755    .text               mf_w.l(dmul.o)
    0x0800048a   0x0800048a   0x000000de   Code   RO         4757    .text               mf_w.l(ddiv.o)
    0x08000568   0x08000568   0x00000022   Code   RO         4759    .text               mf_w.l(dflti.o)
    0x0800058a   0x0800058a   0x0000001a   Code   RO         4761    .text               mf_w.l(dfltui.o)
    0x080005a4   0x080005a4   0x0000003e   Code   RO         4763    .text               mf_w.l(dfixi.o)
    0x080005e2   0x080005e2   0x00000032   Code   RO         4765    .text               mf_w.l(dfixui.o)
    0x08000614   0x08000614   0x00000026   Code   RO         4767    .text               mf_w.l(f2d.o)
    0x0800063a   0x0800063a   0x00000038   Code   RO         4769    .text               mf_w.l(d2f.o)
    0x08000672   0x08000672   0x0000002c   Code   RO         4788    .text               mc_w.l(uidiv.o)
    0x0800069e   0x0800069e   0x0000001e   Code   RO         4790    .text               mc_w.l(llshl.o)
    0x080006bc   0x080006bc   0x00000020   Code   RO         4792    .text               mc_w.l(llushr.o)
    0x080006dc   0x080006dc   0x00000024   Code   RO         4794    .text               mc_w.l(llsshr.o)
    0x08000700   0x08000700   0x00000000   Code   RO         4798    .text               mc_w.l(iusefp.o)
    0x08000700   0x08000700   0x0000006e   Code   RO         4799    .text               mf_w.l(fepilogue.o)
    0x0800076e   0x0800076e   0x000000ba   Code   RO         4801    .text               mf_w.l(depilogue.o)
    0x08000828   0x08000828   0x00000024   Code   RO         4807    .text               mc_w.l(init.o)
    0x0800084c   0x0800084c   0x0000003a   Code   RO         4817    .text               mc_w.l(__dczerorl.o)
    0x08000886   0x08000886   0x00000002   PAD
    0x08000888   0x08000888   0x00000058   Code   RO         3215    i.Ack               scs.o
    0x080008e0   0x080008e0   0x00000002   Code   RO          546    i.BusFault_Handler  stm32f4xx_it.o
    0x080008e2   0x080008e2   0x00000002   Code   RO          547    i.DebugMon_Handler  stm32f4xx_it.o
    0x080008e4   0x080008e4   0x00000060   Code   RO         3959    i.Emm_V5_Pos_Control  motor.o
    0x08000944   0x08000944   0x00000030   Code   RO         3962    i.Emm_V5_Stop_Now   motor.o
    0x08000974   0x08000974   0x0000002c   Code   RO         3963    i.Emm_V5_Synchronous_motion  motor.o
    0x080009a0   0x080009a0   0x0000003e   Code   RO         3964    i.Emm_V5_Vel_Control  motor.o
    0x080009de   0x080009de   0x00000004   Code   RO           13    i.Error_Handler     main.o
    0x080009e2   0x080009e2   0x00000092   Code   RO         2129    i.HAL_DMA_Abort     stm32f4xx_hal_dma.o
    0x08000a74   0x08000a74   0x00000024   Code   RO         2130    i.HAL_DMA_Abort_IT  stm32f4xx_hal_dma.o
    0x08000a98   0x08000a98   0x00000024   Code   RO         2566    i.HAL_Delay         stm32f4xx_hal.o
    0x08000abc   0x08000abc   0x000001f0   Code   RO         2022    i.HAL_GPIO_Init     stm32f4xx_hal_gpio.o
    0x08000cac   0x08000cac   0x00000010   Code   RO         2025    i.HAL_GPIO_TogglePin  stm32f4xx_hal_gpio.o
    0x08000cbc   0x08000cbc   0x0000000a   Code   RO         2026    i.HAL_GPIO_WritePin  stm32f4xx_hal_gpio.o
    0x08000cc6   0x08000cc6   0x00000002   PAD
    0x08000cc8   0x08000cc8   0x0000000c   Code   RO         2572    i.HAL_GetTick       stm32f4xx_hal.o
    0x08000cd4   0x08000cd4   0x00000010   Code   RO         2578    i.HAL_IncTick       stm32f4xx_hal.o
    0x08000ce4   0x08000ce4   0x00000034   Code   RO         2579    i.HAL_Init          stm32f4xx_hal.o
    0x08000d18   0x08000d18   0x00000040   Code   RO         2580    i.HAL_InitTick      stm32f4xx_hal.o
    0x08000d58   0x08000d58   0x00000030   Code   RO          670    i.HAL_MspInit       stm32f4xx_hal_msp.o
    0x08000d88   0x08000d88   0x0000001a   Code   RO         2414    i.HAL_NVIC_EnableIRQ  stm32f4xx_hal_cortex.o
    0x08000da2   0x08000da2   0x00000002   PAD
    0x08000da4   0x08000da4   0x00000040   Code   RO         2420    i.HAL_NVIC_SetPriority  stm32f4xx_hal_cortex.o
    0x08000de4   0x08000de4   0x00000024   Code   RO         2421    i.HAL_NVIC_SetPriorityGrouping  stm32f4xx_hal_cortex.o
    0x08000e08   0x08000e08   0x00000134   Code   RO         1668    i.HAL_RCC_ClockConfig  stm32f4xx_hal_rcc.o
    0x08000f3c   0x08000f3c   0x00000020   Code   RO         1675    i.HAL_RCC_GetPCLK1Freq  stm32f4xx_hal_rcc.o
    0x08000f5c   0x08000f5c   0x00000020   Code   RO         1676    i.HAL_RCC_GetPCLK2Freq  stm32f4xx_hal_rcc.o
    0x08000f7c   0x08000f7c   0x00000060   Code   RO         1677    i.HAL_RCC_GetSysClockFreq  stm32f4xx_hal_rcc.o
    0x08000fdc   0x08000fdc   0x0000036c   Code   RO         1680    i.HAL_RCC_OscConfig  stm32f4xx_hal_rcc.o
    0x08001348   0x08001348   0x00000028   Code   RO         2425    i.HAL_SYSTICK_Config  stm32f4xx_hal_cortex.o
    0x08001370   0x08001370   0x00000002   Code   RO         1400    i.HAL_TIMEx_BreakCallback  stm32f4xx_hal_tim_ex.o
    0x08001372   0x08001372   0x00000002   Code   RO         1401    i.HAL_TIMEx_CommutCallback  stm32f4xx_hal_tim_ex.o
    0x08001374   0x08001374   0x00000090   Code   RO         1419    i.HAL_TIMEx_MasterConfigSynchronization  stm32f4xx_hal_tim_ex.o
    0x08001404   0x08001404   0x0000005a   Code   RO          696    i.HAL_TIM_Base_Init  stm32f4xx_hal_tim.o
    0x0800145e   0x0800145e   0x00000002   PAD
    0x08001460   0x08001460   0x00000088   Code   RO          420    i.HAL_TIM_Base_MspInit  tim.o
    0x080014e8   0x080014e8   0x00000080   Code   RO          701    i.HAL_TIM_Base_Start_IT  stm32f4xx_hal_tim.o
    0x08001568   0x08001568   0x000000dc   Code   RO          705    i.HAL_TIM_ConfigClockSource  stm32f4xx_hal_tim.o
    0x08001644   0x08001644   0x00000002   Code   RO          730    i.HAL_TIM_IC_CaptureCallback  stm32f4xx_hal_tim.o
    0x08001646   0x08001646   0x00000130   Code   RO          744    i.HAL_TIM_IRQHandler  stm32f4xx_hal_tim.o
    0x08001776   0x08001776   0x00000002   PAD
    0x08001778   0x08001778   0x00000054   Code   RO          421    i.HAL_TIM_MspPostInit  tim.o
    0x080017cc   0x080017cc   0x00000002   Code   RO          747    i.HAL_TIM_OC_DelayElapsedCallback  stm32f4xx_hal_tim.o
    0x080017ce   0x080017ce   0x000000cc   Code   RO          768    i.HAL_TIM_PWM_ConfigChannel  stm32f4xx_hal_tim.o
    0x0800189a   0x0800189a   0x0000005a   Code   RO          771    i.HAL_TIM_PWM_Init  stm32f4xx_hal_tim.o
    0x080018f4   0x080018f4   0x00000002   Code   RO          773    i.HAL_TIM_PWM_MspInit  stm32f4xx_hal_tim.o
    0x080018f6   0x080018f6   0x00000002   Code   RO          774    i.HAL_TIM_PWM_PulseFinishedCallback  stm32f4xx_hal_tim.o
    0x080018f8   0x080018f8   0x000000c8   Code   RO          776    i.HAL_TIM_PWM_Start  stm32f4xx_hal_tim.o
    0x080019c0   0x080019c0   0x000001ec   Code   RO         4423    i.HAL_TIM_PeriodElapsedCallback  my_timer.o
    0x08001bac   0x08001bac   0x00000002   Code   RO          787    i.HAL_TIM_TriggerCallback  stm32f4xx_hal_tim.o
    0x08001bae   0x08001bae   0x0000004e   Code   RO         2828    i.HAL_UARTEx_ReceiveToIdle_IT  stm32f4xx_hal_uart.o
    0x08001bfc   0x08001bfc   0x00000068   Code   RO           14    i.HAL_UARTEx_RxEventCallback  main.o
    0x08001c64   0x08001c64   0x00000002   Code   RO         2843    i.HAL_UART_ErrorCallback  stm32f4xx_hal_uart.o
    0x08001c66   0x08001c66   0x00000002   PAD
    0x08001c68   0x08001c68   0x00000270   Code   RO         2846    i.HAL_UART_IRQHandler  stm32f4xx_hal_uart.o
    0x08001ed8   0x08001ed8   0x00000064   Code   RO         2847    i.HAL_UART_Init     stm32f4xx_hal_uart.o
    0x08001f3c   0x08001f3c   0x000001f0   Code   RO          480    i.HAL_UART_MspInit  usart.o
    0x0800212c   0x0800212c   0x000000b0   Code   RO         2850    i.HAL_UART_Receive  stm32f4xx_hal_uart.o
    0x080021dc   0x080021dc   0x0000001c   Code   RO         2852    i.HAL_UART_Receive_IT  stm32f4xx_hal_uart.o
    0x080021f8   0x080021f8   0x00000002   Code   RO         2853    i.HAL_UART_RxCpltCallback  stm32f4xx_hal_uart.o
    0x080021fa   0x080021fa   0x000000a0   Code   RO         2855    i.HAL_UART_Transmit  stm32f4xx_hal_uart.o
    0x0800229a   0x0800229a   0x00000002   Code   RO         2858    i.HAL_UART_TxCpltCallback  stm32f4xx_hal_uart.o
    0x0800229c   0x0800229c   0x00000002   Code   RO          548    i.HardFault_Handler  stm32f4xx_it.o
    0x0800229e   0x0800229e   0x00000002   PAD
    0x080022a0   0x080022a0   0x00000020   Code   RO         3216    i.Host2SCS          scs.o
    0x080022c0   0x080022c0   0x000000b0   Code   RO          395    i.MX_GPIO_Init      gpio.o
    0x08002370   0x08002370   0x0000006c   Code   RO          422    i.MX_TIM2_Init      tim.o
    0x080023dc   0x080023dc   0x0000006c   Code   RO          423    i.MX_TIM3_Init      tim.o
    0x08002448   0x08002448   0x000000cc   Code   RO          424    i.MX_TIM4_Init      tim.o
    0x08002514   0x08002514   0x00000038   Code   RO          481    i.MX_UART4_Init     usart.o
    0x0800254c   0x0800254c   0x00000038   Code   RO          482    i.MX_UART5_Init     usart.o
    0x08002584   0x08002584   0x00000038   Code   RO          483    i.MX_USART1_UART_Init  usart.o
    0x080025bc   0x080025bc   0x00000038   Code   RO          484    i.MX_USART2_UART_Init  usart.o
    0x080025f4   0x080025f4   0x00000038   Code   RO          485    i.MX_USART3_UART_Init  usart.o
    0x0800262c   0x0800262c   0x00000002   Code   RO          549    i.MemManage_Handler  stm32f4xx_it.o
    0x0800262e   0x0800262e   0x00000002   Code   RO          550    i.NMI_Handler       stm32f4xx_it.o
    0x08002630   0x08002630   0x00000002   Code   RO          551    i.PendSV_Handler    stm32f4xx_it.o
    0x08002632   0x08002632   0x00000002   PAD
    0x08002634   0x08002634   0x000000a0   Code   RO         3218    i.Read              scs.o
    0x080026d4   0x080026d4   0x00000044   Code   RO         3432    i.ReadPos           sms_sts.o
    0x08002718   0x08002718   0x00000044   Code   RO           15    i.Reliable_UART_Transmit  main.o
    0x0800275c   0x0800275c   0x00000018   Code   RO         3219    i.SCS2Host          scs.o
    0x08002774   0x08002774   0x00000002   Code   RO          552    i.SVC_Handler       stm32f4xx_it.o
    0x08002776   0x08002776   0x00000004   Code   RO          553    i.SysTick_Handler   stm32f4xx_it.o
    0x0800277a   0x0800277a   0x00000002   PAD
    0x0800277c   0x0800277c   0x00000094   Code   RO           16    i.SystemClock_Config  main.o
    0x08002810   0x08002810   0x00000010   Code   RO         3181    i.SystemInit        system_stm32f4xx.o
    0x08002820   0x08002820   0x0000000c   Code   RO          554    i.TIM2_IRQHandler   stm32f4xx_it.o
    0x0800282c   0x0800282c   0x0000000c   Code   RO          555    i.TIM3_IRQHandler   stm32f4xx_it.o
    0x08002838   0x08002838   0x0000000c   Code   RO          556    i.TIM4_IRQHandler   stm32f4xx_it.o
    0x08002844   0x08002844   0x000000d8   Code   RO          789    i.TIM_Base_SetConfig  stm32f4xx_hal_tim.o
    0x0800291c   0x0800291c   0x0000001a   Code   RO          790    i.TIM_CCxChannelCmd  stm32f4xx_hal_tim.o
    0x08002936   0x08002936   0x00000014   Code   RO          800    i.TIM_ETR_SetConfig  stm32f4xx_hal_tim.o
    0x0800294a   0x0800294a   0x00000010   Code   RO          801    i.TIM_ITRx_SetConfig  stm32f4xx_hal_tim.o
    0x0800295a   0x0800295a   0x00000002   PAD
    0x0800295c   0x0800295c   0x00000060   Code   RO          802    i.TIM_OC1_SetConfig  stm32f4xx_hal_tim.o
    0x080029bc   0x080029bc   0x0000006c   Code   RO          803    i.TIM_OC2_SetConfig  stm32f4xx_hal_tim.o
    0x08002a28   0x08002a28   0x00000068   Code   RO          804    i.TIM_OC3_SetConfig  stm32f4xx_hal_tim.o
    0x08002a90   0x08002a90   0x00000050   Code   RO          805    i.TIM_OC4_SetConfig  stm32f4xx_hal_tim.o
    0x08002ae0   0x08002ae0   0x00000022   Code   RO          807    i.TIM_TI1_ConfigInputStage  stm32f4xx_hal_tim.o
    0x08002b02   0x08002b02   0x00000024   Code   RO          809    i.TIM_TI2_ConfigInputStage  stm32f4xx_hal_tim.o
    0x08002b26   0x08002b26   0x00000002   PAD
    0x08002b28   0x08002b28   0x0000000c   Code   RO          557    i.UART4_IRQHandler  stm32f4xx_it.o
    0x08002b34   0x08002b34   0x0000000c   Code   RO          558    i.UART5_IRQHandler  stm32f4xx_it.o
    0x08002b40   0x08002b40   0x00000010   Code   RO         2860    i.UART_DMAAbortOnError  stm32f4xx_hal_uart.o
    0x08002b50   0x08002b50   0x0000004e   Code   RO         2870    i.UART_EndRxTransfer  stm32f4xx_hal_uart.o
    0x08002b9e   0x08002b9e   0x000000c2   Code   RO         2872    i.UART_Receive_IT   stm32f4xx_hal_uart.o
    0x08002c60   0x08002c60   0x0000010c   Code   RO         2873    i.UART_SetConfig    stm32f4xx_hal_uart.o
    0x08002d6c   0x08002d6c   0x00000036   Code   RO         2875    i.UART_Start_Receive_IT  stm32f4xx_hal_uart.o
    0x08002da2   0x08002da2   0x00000072   Code   RO         2876    i.UART_WaitOnFlagUntilTimeout  stm32f4xx_hal_uart.o
    0x08002e14   0x08002e14   0x00000004   Code   RO         4315    i.UART_handle_function_3  my_usart.o
    0x08002e18   0x08002e18   0x00000002   Code   RO         4316    i.UART_handle_function_4  my_usart.o
    0x08002e1a   0x08002e1a   0x00000002   PAD
    0x08002e1c   0x08002e1c   0x000008ec   Code   RO         4320    i.UART_receive_process_3  my_usart.o
    0x08003708   0x08003708   0x0000000c   Code   RO          559    i.USART1_IRQHandler  stm32f4xx_it.o
    0x08003714   0x08003714   0x0000000c   Code   RO          560    i.USART2_IRQHandler  stm32f4xx_it.o
    0x08003720   0x08003720   0x0000000c   Code   RO          561    i.USART3_IRQHandler  stm32f4xx_it.o
    0x0800372c   0x0800372c   0x00000060   Code   RO         3557    i.Uart_Init         uart.o
    0x0800378c   0x0800378c   0x00000020   Code   RO         3558    i.Uart_Read         uart.o
    0x080037ac   0x080037ac   0x00000014   Code   RO         3559    i.Uart_Send         uart.o
    0x080037c0   0x080037c0   0x00000002   Code   RO          562    i.UsageFault_Handler  stm32f4xx_it.o
    0x080037c2   0x080037c2   0x00000044   Code   RO         3440    i.WritePosEx        sms_sts.o
    0x08003806   0x08003806   0x00000002   PAD
    0x08003808   0x08003808   0x00000020   Code   RO         4553    i.__0printf$3       mc_w.l(printf3.o)
    0x08003828   0x08003828   0x00000028   Code   RO         4555    i.__0sprintf$3      mc_w.l(printf3.o)
    0x08003850   0x08003850   0x00000020   Code   RO         2427    i.__NVIC_SetPriority  stm32f4xx_hal_cortex.o
    0x08003870   0x08003870   0x0000000e   Code   RO         4811    i.__scatterload_copy  mc_w.l(handlers.o)
    0x0800387e   0x0800387e   0x00000002   Code   RO         4812    i.__scatterload_null  mc_w.l(handlers.o)
    0x08003880   0x08003880   0x0000000e   Code   RO         4813    i.__scatterload_zeroinit  mc_w.l(handlers.o)
    0x0800388e   0x0800388e   0x00000002   PAD
    0x08003890   0x08003890   0x000001b8   Code   RO         4560    i._printf_core      mc_w.l(printf3.o)
    0x08003a48   0x08003a48   0x0000000a   Code   RO         4562    i._sputc            mc_w.l(printf3.o)
    0x08003a52   0x08003a52   0x00000004   Code   RO         3596    i.adjust_plate      my_servo.o
    0x08003a56   0x08003a56   0x00000002   PAD
    0x08003a58   0x08003a58   0x000001f4   Code   RO         3597    i.adjust_position_with_camera  my_servo.o
    0x08003c4c   0x08003c4c   0x00000020   Code   RO         3599    i.arm_shrink        my_servo.o
    0x08003c6c   0x08003c6c   0x0000002c   Code   RO         3601    i.arm_stretch       my_servo.o
    0x08003c98   0x08003c98   0x00000038   Code   RO         3220    i.checkHead         scs.o
    0x08003cd0   0x08003cd0   0x0000004c   Code   RO         3602    i.claw_spin_front   my_servo.o
    0x08003d1c   0x08003d1c   0x0000004c   Code   RO         3604    i.claw_spin_state   my_servo.o
    0x08003d68   0x08003d68   0x00000010   Code   RO         3605    i.claw_spin_state_without_claw  my_servo.o
    0x08003d78   0x08003d78   0x00000068   Code   RO         3973    i.clear_motor_error  motor.o
    0x08003de0   0x08003de0   0x00000010   Code   RO         3607    i.close_claw        my_servo.o
    0x08003df0   0x08003df0   0x00000004   Code   RO         3609    i.feetech_servo_move  my_servo.o
    0x08003df4   0x08003df4   0x00000018   Code   RO           18    i.fputc             main.o
    0x08003e0c   0x08003e0c   0x0000002c   Code   RO         3221    i.genWrite          scs.o
    0x08003e38   0x08003e38   0x0000020c   Code   RO         3610    i.get_and_load_openloop  my_servo.o
    0x08004044   0x08004044   0x00000158   Code   RO         3611    i.get_and_pre_put   my_servo.o
    0x0800419c   0x0800419c   0x00000024   Code   RO         3975    i.get_clk           motor.o
    0x080041c0   0x080041c0   0x00000028   Code   RO         3976    i.get_distance_time  motor.o
    0x080041e8   0x080041e8   0x000008e4   Code   RO           19    i.main              main.o
    0x08004acc   0x08004acc   0x00000308   Code   RO         3978    i.move_all_direction_position  motor.o
    0x08004dd4   0x08004dd4   0x000000e4   Code   RO         3979    i.move_all_direction_position_delay  motor.o
    0x08004eb8   0x08004eb8   0x00000218   Code   RO         3982    i.move_all_direction_tim  motor.o
    0x080050d0   0x080050d0   0x00000008   Code   RO         3612    i.my_servo_init     my_servo.o
    0x080050d8   0x080050d8   0x0000008c   Code   RO           21    i.new_get_and_put_in_spin_plate_cricle_all_v2  main.o
    0x08005164   0x08005164   0x00000094   Code   RO         3622    i.new_get_and_put_spin_plate  my_servo.o
    0x080051f8   0x080051f8   0x0000000c   Code   RO         3367    i.nopDelay          scserail.o
    0x08005204   0x08005204   0x000001e0   Code   RO           26    i.old_get_from_plate_all_movement  main.o
    0x080053e4   0x080053e4   0x000001bc   Code   RO           27    i.old_material_get_and_put_some_with_load_first  main.o
    0x080055a0   0x080055a0   0x00000010   Code   RO         3623    i.open_claw         my_servo.o
    0x080055b0   0x080055b0   0x00000010   Code   RO         3624    i.open_claw_180     my_servo.o
    0x080055c0   0x080055c0   0x00000010   Code   RO         3626    i.open_claw_bigger  my_servo.o
    0x080055d0   0x080055d0   0x0000006c   Code   RO           28    i.print_clear_screen  main.o
    0x0800563c   0x0800563c   0x000001e0   Code   RO           29    i.print_show_origin_data  main.o
    0x0800581c   0x0800581c   0x00000038   Code   RO           30    i.print_to_screen   main.o
    0x08005854   0x08005854   0x00000010   Code   RO         3627    i.put_claw_down     my_servo.o
    0x08005864   0x08005864   0x00000010   Code   RO         3628    i.put_claw_down_ground  my_servo.o
    0x08005874   0x08005874   0x00000010   Code   RO         3629    i.put_claw_down_ground_slightly  my_servo.o
    0x08005884   0x08005884   0x00000010   Code   RO         3630    i.put_claw_down_near_ground  my_servo.o
    0x08005894   0x08005894   0x00000010   Code   RO         3632    i.put_claw_down_pile  my_servo.o
    0x080058a4   0x080058a4   0x00000010   Code   RO         3635    i.put_claw_down_state  my_servo.o
    0x080058b4   0x080058b4   0x00000010   Code   RO         3636    i.put_claw_up       my_servo.o
    0x080058c4   0x080058c4   0x00000010   Code   RO         3637    i.put_claw_up_top   my_servo.o
    0x080058d4   0x080058d4   0x00000004   Code   RO         3368    i.rFlushSCS         scserail.o
    0x080058d8   0x080058d8   0x00000010   Code   RO         3369    i.readSCS           scserail.o
    0x080058e8   0x080058e8   0x00000024   Code   RO         3224    i.readWord          scs.o
    0x0800590c   0x0800590c   0x000000d0   Code   RO         3639    i.servo_move_with_limit  my_servo.o
    0x080059dc   0x080059dc   0x00000080   Code   RO           32    i.single_line_adjust  main.o
    0x08005a5c   0x08005a5c   0x00000080   Code   RO           33    i.single_line_circle_adjust  main.o
    0x08005adc   0x08005adc   0x000006c0   Code   RO         3990    i.slight_spin_and_move  motor.o
    0x0800619c   0x0800619c   0x00000134   Code   RO         3992    i.spin_all_direction_tim  motor.o
    0x080062d0   0x080062d0   0x000000f0   Code   RO         3999    i.spin_right        motor.o
    0x080063c0   0x080063c0   0x0000008c   Code   RO         4000    i.spin_right_180    motor.o
    0x0800644c   0x0800644c   0x0000008c   Code   RO         4002    i.spin_right_90     motor.o
    0x080064d8   0x080064d8   0x00000024   Code   RO         3640    i.state_spin        my_servo.o
    0x080064fc   0x080064fc   0x00000024   Code   RO         3642    i.state_spin_without_claw  my_servo.o
    0x08006520   0x08006520   0x0000003e   Code   RO         4005    i.stop              motor.o
    0x0800655e   0x0800655e   0x00000002   PAD
    0x08006560   0x08006560   0x00000038   Code   RO         4323    i.usart_SendByte_u1  my_usart.o
    0x08006598   0x08006598   0x0000002c   Code   RO         4324    i.usart_SendCmd_u1  my_usart.o
    0x080065c4   0x080065c4   0x00000020   Code   RO         3370    i.wFlushSCS         scserail.o
    0x080065e4   0x080065e4   0x00000024   Code   RO         3644    i.whole_arm_spin    my_servo.o
    0x08006608   0x08006608   0x00000094   Code   RO         3234    i.writeBuf          scs.o
    0x0800669c   0x0800669c   0x00000028   Code   RO         3372    i.writeSCS          scserail.o
    0x080066c4   0x080066c4   0x00000004   Data   RO           37    .constdata          main.o
    0x080066c8   0x080066c8   0x00000004   Data   RO           38    .constdata          main.o
    0x080066cc   0x080066cc   0x00000004   Data   RO           39    .constdata          main.o
    0x080066d0   0x080066d0   0x00000004   Data   RO           40    .constdata          main.o
    0x080066d4   0x080066d4   0x00000004   Data   RO           41    .constdata          main.o
    0x080066d8   0x080066d8   0x00000004   Data   RO           42    .constdata          main.o
    0x080066dc   0x080066dc   0x00000004   Data   RO           43    .constdata          main.o
    0x080066e0   0x080066e0   0x00000004   Data   RO           44    .constdata          main.o
    0x080066e4   0x080066e4   0x00000004   Data   RO           45    .constdata          main.o
    0x080066e8   0x080066e8   0x00000004   Data   RO           46    .constdata          main.o
    0x080066ec   0x080066ec   0x00000004   Data   RO           47    .constdata          main.o
    0x080066f0   0x080066f0   0x00000004   Data   RO           48    .constdata          main.o
    0x080066f4   0x080066f4   0x00000004   Data   RO           49    .constdata          main.o
    0x080066f8   0x080066f8   0x00000004   Data   RO           50    .constdata          main.o
    0x080066fc   0x080066fc   0x00000004   Data   RO           51    .constdata          main.o
    0x08006700   0x08006700   0x00000004   Data   RO           52    .constdata          main.o
    0x08006704   0x08006704   0x00000004   Data   RO           53    .constdata          main.o
    0x08006708   0x08006708   0x00000004   Data   RO           54    .constdata          main.o
    0x0800670c   0x0800670c   0x00000004   Data   RO           55    .constdata          main.o
    0x08006710   0x08006710   0x00000004   Data   RO           56    .constdata          main.o
    0x08006714   0x08006714   0x00000004   Data   RO           57    .constdata          main.o
    0x08006718   0x08006718   0x00000004   Data   RO           63    .constdata          main.o
    0x0800671c   0x0800671c   0x00000004   Data   RO           64    .constdata          main.o
    0x08006720   0x08006720   0x00000010   Data   RO         3182    .constdata          system_stm32f4xx.o
    0x08006730   0x08006730   0x00000008   Data   RO         3183    .constdata          system_stm32f4xx.o
    0x08006738   0x08006738   0x00000004   Data   RO         3675    .constdata          my_servo.o
    0x0800673c   0x0800673c   0x00000004   Data   RO         3684    .constdata          my_servo.o
    0x08006740   0x08006740   0x00000020   Data   RO         4809    Region$$Table       anon$$obj.o


    Execution Region RW_IRAM1 (Exec base: 0x20000000, Load base: 0x08006760, Size: 0x00000c58, Max: 0x0001c000, ABSOLUTE, COMPRESSED[0x00000054])

    Exec Addr    Load Addr    Size         Type   Attr      Idx    E Section Name        Object

    0x20000000   COMPRESSED   0x000000b0   Data   RW           66    .data               main.o
    0x200000b0   COMPRESSED   0x00000004   Data   RW           70    .data               main.o
    0x200000b4   COMPRESSED   0x00000004   Data   RW           71    .data               main.o
    0x200000b8   COMPRESSED   0x00000004   Data   RW           72    .data               main.o
    0x200000bc   COMPRESSED   0x00000004   Data   RW           75    .data               main.o
    0x200000c0   COMPRESSED   0x00000004   Data   RW           80    .data               main.o
    0x200000c4   COMPRESSED   0x00000004   Data   RW           90    .data               main.o
    0x200000c8   COMPRESSED   0x00000004   Data   RW           91    .data               main.o
    0x200000cc   COMPRESSED   0x00000004   Data   RW           92    .data               main.o
    0x200000d0   COMPRESSED   0x00000004   Data   RW           93    .data               main.o
    0x200000d4   COMPRESSED   0x00000004   Data   RW           94    .data               main.o
    0x200000d8   COMPRESSED   0x00000004   Data   RW           95    .data               main.o
    0x200000dc   COMPRESSED   0x00000004   Data   RW           96    .data               main.o
    0x200000e0   COMPRESSED   0x00000004   Data   RW          103    .data               main.o
    0x200000e4   COMPRESSED   0x00000004   Data   RW          104    .data               main.o
    0x200000e8   COMPRESSED   0x00000004   Data   RW          105    .data               main.o
    0x200000ec   COMPRESSED   0x00000004   Data   RW          108    .data               main.o
    0x200000f0   COMPRESSED   0x00000004   Data   RW          109    .data               main.o
    0x200000f4   COMPRESSED   0x0000000c   Data   RW         2586    .data               stm32f4xx_hal.o
    0x20000100   COMPRESSED   0x00000004   Data   RW         3184    .data               system_stm32f4xx.o
    0x20000104   COMPRESSED   0x00000014   Data   RW         3237    .data               scs.o
    0x20000118   COMPRESSED   0x00000008   Data   RW         3374    .data               scserail.o
    0x20000120   COMPRESSED   0x00000004   Data   RW         3445    .data               sms_sts.o
    0x20000124   COMPRESSED   0x00000004   Data   RW         3698    .data               my_servo.o
    0x20000128   COMPRESSED   0x00000004   Data   RW         3699    .data               my_servo.o
    0x2000012c   COMPRESSED   0x00000030   Data   RW         3700    .data               my_servo.o
    0x2000015c   COMPRESSED   0x00000020   Data   RW         4014    .data               motor.o
    0x2000017c   COMPRESSED   0x0000006c   Data   RW         4330    .data               my_usart.o
    0x200001e8   COMPRESSED   0x00000004   Data   RW         4331    .data               my_usart.o
    0x200001ec   COMPRESSED   0x00000001   Data   RW         4336    .data               my_usart.o
    0x200001ed   COMPRESSED   0x00000003   PAD
    0x200001f0   COMPRESSED   0x00000030   Data   RW         4424    .data               my_timer.o
    0x20000220   COMPRESSED   0x00000004   Data   RW         4425    .data               my_timer.o
    0x20000224   COMPRESSED   0x00000004   Data   RW         4787    .data               mc_w.l(stdout.o)
    0x20000228        -       0x000001fe   Zero   RW           35    .bss                main.o
    0x20000426   COMPRESSED   0x00000002   PAD
    0x20000428        -       0x000000d8   Zero   RW          425    .bss                tim.o
    0x20000500        -       0x00000168   Zero   RW          486    .bss                usart.o
    0x20000668        -       0x00000080   Zero   RW         3373    .bss                scserail.o
    0x200006e8        -       0x0000000f   Zero   RW         3444    .bss                sms_sts.o
    0x200006f7   COMPRESSED   0x00000001   PAD
    0x200006f8        -       0x00000048   Zero   RW         3560    .bss                uart.o
    0x20000740        -       0x000000e4   Zero   RW         4325    .bss                my_usart.o
    0x20000824        -       0x00000032   Zero   RW         4326    .bss                my_usart.o
    0x20000856   COMPRESSED   0x00000002   PAD
    0x20000858        -       0x00000400   Zero   RW            1    STACK               startup_stm32f407xx.o


    Execution Region RW_IRAM2 (Exec base: 0x2001c000, Load base: 0x080067b4, Size: 0x00000000, Max: 0x00004000, ABSOLUTE)

    **** No section assigned to this execution region ****


==============================================================================

Image component sizes


      Code (inc. data)   RO Data    RW Data    ZI Data      Debug   Object Name

       176         14          0          0          0       1051   gpio.o
      4588        594         92        244        510     716357   main.o
      4588        280          0         32          0      16536   motor.o
      2284        230          8         56          0      22754   my_servo.o
       492         38          0         52          0       2884   my_timer.o
      2390        260          0        113        278      11436   my_usart.o
       588         20          0         20          0       6786   scs.o
       104         24          0          8        128       3354   scserail.o
       136          8          0          4         15       1971   sms_sts.o
        36          8        392          0       1024        856   startup_stm32f407xx.o
       180         28          0         12          0       9581   stm32f4xx_hal.o
       198         14          0          0          0      33947   stm32f4xx_hal_cortex.o
       182          0          0          0          0       2163   stm32f4xx_hal_dma.o
       522         46          0          0          0       2925   stm32f4xx_hal_gpio.o
        48          6          0          0          0        902   stm32f4xx_hal_msp.o
      1344         72          0          0          0       5372   stm32f4xx_hal_rcc.o
      1982        138          0          0          0      17578   stm32f4xx_hal_tim.o
       148         28          0          0          0       2577   stm32f4xx_hal_tim_ex.o
      1896         16          0          0          0      13810   stm32f4xx_hal_uart.o
       116         48          0          0          0       8266   stm32f4xx_it.o
        16          4         24          4          0       1195   system_stm32f4xx.o
       640         52          0          0        216       4034   tim.o
       148         26          0          0         72       2397   uart.o
       776         82          0          0        360       4718   usart.o

    ----------------------------------------------------------------------
     23606       2036        548        548       2608     893450   Object Totals
         0          0         32          0          0          0   (incl. Generated)
        28          0          0          3          5          0   (incl. Padding)

    ----------------------------------------------------------------------

      Code (inc. data)   RO Data    RW Data    ZI Data      Debug   Library Member Name

        58          0          0          0          0          0   __dczerorl.o
         0          0          0          0          0          0   entry.o
         0          0          0          0          0          0   entry10a.o
         0          0          0          0          0          0   entry11a.o
         4          0          0          0          0          0   entry12b.o
         8          4          0          0          0          0   entry2.o
         4          0          0          0          0          0   entry5.o
         0          0          0          0          0          0   entry7b.o
         0          0          0          0          0          0   entry8b.o
         8          4          0          0          0          0   entry9a.o
        30          0          0          0          0          0   handlers.o
        36          8          0          0          0         68   init.o
         0          0          0          0          0          0   iusefp.o
        30          0          0          0          0         68   llshl.o
        36          0          0          0          0         68   llsshr.o
        32          0          0          0          0         68   llushr.o
        36          0          0          0          0        108   memseta.o
       522         20          0          0          0        336   printf3.o
         0          0          0          4          0          0   stdout.o
        14          0          0          0          0         68   strlen.o
        44          0          0          0          0         80   uidiv.o
        98          0          0          0          0         92   uldiv.o
        56          0          0          0          0         88   d2f.o
       334          0          0          0          0        148   dadd.o
       222          0          0          0          0        100   ddiv.o
       186          0          0          0          0        176   depilogue.o
        62          0          0          0          0         80   dfixi.o
        50          0          0          0          0         76   dfixui.o
        34          0          0          0          0         76   dflti.o
        26          0          0          0          0         76   dfltui.o
       228          0          0          0          0         96   dmul.o
        38          0          0          0          0         68   f2d.o
       110          0          0          0          0        168   fepilogue.o

    ----------------------------------------------------------------------
      2310         36          0          4          0       2108   Library Totals
         4          0          0          0          0          0   (incl. Padding)

    ----------------------------------------------------------------------

      Code (inc. data)   RO Data    RW Data    ZI Data      Debug   Library Name

       960         36          0          4          0        956   mc_w.l
      1346          0          0          0          0       1152   mf_w.l

    ----------------------------------------------------------------------
      2310         36          0          4          0       2108   Library Totals

    ----------------------------------------------------------------------

==============================================================================


      Code (inc. data)   RO Data    RW Data    ZI Data      Debug   

     25916       2072        548        552       2608     878502   Grand Totals
     25916       2072        548         84       2608     878502   ELF Image Totals (compressed)
     25916       2072        548         84          0          0   ROM Totals

==============================================================================

    Total RO  Size (Code + RO Data)                26464 (  25.84kB)
    Total RW  Size (RW Data + ZI Data)              3160 (   3.09kB)
    Total ROM Size (Code + RO Data + RW Data)      26548 (  25.93kB)

==============================================================================

